 PhysX3CharacterKinematicDEBUG_x64

 Timestamp is 57f1b341 (Sun Oct  2 21:24:17 2016)

 Preferred load address is 0000000180000000

 Start         Length     Name                   Class
 0001:00000000 00008988H .text                   CODE
 0001:00008990 00001249H .text$di                CODE
 0001:00009be0 000e487dH .text$mn                CODE
 0001:000ee460 00001016H .text$mn$00             CODE
 0001:000ef480 00002048H .text$x                 CODE
 0002:00000000 00000109H .CRT$XCA                DATA
 0002:00000110 0000017bH .CRT$XCU                DATA
 0002:00000290 00000109H .CRT$XCZ                DATA
 0002:000003a0 00000109H .CRT$XIA                DATA
 0002:000004b0 0000012dH .CRT$XIC                DATA
 0002:000005e0 00000109H .CRT$XIZ                DATA
 0002:000006f0 00000109H .CRT$XPA                DATA
 0002:00000800 0000011bH .CRT$XPX                DATA
 0002:00000920 00000109H .CRT$XPXA               DATA
 0002:00000a30 00000109H .CRT$XPZ                DATA
 0002:00000b40 00000109H .CRT$XTA                DATA
 0002:00000c50 00000109H .CRT$XTZ                DATA
 0002:00000d60 0002691cH .rdata                  DATA
 0002:00027680 0000060aH .rdata$r                DATA
 0002:00027c90 00000113H .rdata$zETW0            DATA
 0002:00027da3 0000018eH .rdata$zETW1            DATA
 0002:00027f31 00000134H .rdata$zETW2            DATA
 0002:00028065 00000101H .rdata$zETW9            DATA
 0002:00028168 000001a8H .rdata$zzzdbg           DATA
 0002:00028310 00000109H .rtc$IAA                DATA
 0002:00028420 000001cfH .rtc$IMZ                DATA
 0002:000285f0 00000109H .rtc$IZZ                DATA
 0002:00028700 00000109H .rtc$TAA                DATA
 0002:00028810 000001cfH .rtc$TMZ                DATA
 0002:000289e0 00000109H .rtc$TZZ                DATA
 0002:00028af0 000083eaH .xdata                  DATA
 0002:00030ee0 00000196H .xdata$x                DATA
 0002:00031080 0000035eH .edata                  DATA
 0003:00000000 00000dcdH .data                   DATA
 0003:00000dd0 00000428H .data$r                 DATA
 0003:00001200 00001f21H .bss                    DATA
 0004:00000000 0000a65cH .pdata                  DATA
 0005:00000000 000005e8H .idata$5                DATA
 0005:000005e8 0000003cH .idata$2                DATA
 0005:00000624 00000014H .idata$3                DATA
 0005:00000638 000005e8H .idata$4                DATA
 0005:00000c20 000015adH .idata$6                DATA
 0006:00000000 0000011bH .00cfg                  DATA
 0007:00000000 000001c0H .rsrc$01                DATA
 0007:000001c0 00000700H .rsrc$02                DATA

  Address         Publics by Value              Rva+Base               Lib:Object

 0000:00000000       __guard_fids_count         0000000000000000     <absolute>
 0000:00000000       __guard_fids_table         0000000000000000     <absolute>
 0000:00000000       ___safe_se_handler_count   0000000000000000     <absolute>
 0000:00000000       ___safe_se_handler_table   0000000000000000     <absolute>
 0000:00000100       __guard_flags              0000000000000100     <absolute>
 0000:00000000       __ImageBase                0000000180000000     <linker-defined>
 0001:00008200       ?TraceLoggingRegister@__vcrt_trace_logging_provider@@YAJPEBU_TlgProvider_t@1@PEBU_GUID@@P6AX1KE_K2PEAU_EVENT_FILTER_DESCRIPTOR@@PEAX@Z4@Z 0000000180009200 f i libvcruntimed:telemetry.obj
 0001:00008330       ?TraceLoggingSetInformation@__vcrt_trace_logging_provider@@YAJPEBU_TlgProvider_t@1@W4_EVENT_INFO_CLASS@@PEAXK@Z 0000000180009330 f i libvcruntimed:telemetry.obj
 0001:00008390       ?TraceLoggingUnregister@__vcrt_trace_logging_provider@@YAXPEBU_TlgProvider_t@1@@Z 0000000180009390 f i libvcruntimed:telemetry.obj
 0001:000083d0       ?_TlgCreateSz@__vcrt_trace_logging_provider@@YAXPEAU_EVENT_DATA_DESCRIPTOR@@PEBD@Z 00000001800093d0 f i libvcruntimed:telemetry.obj
 0001:00008450       ?_TlgCreateWsz@__vcrt_trace_logging_provider@@YAXPEAU_EVENT_DATA_DESCRIPTOR@@PEB_W@Z 0000000180009450 f i libvcruntimed:telemetry.obj
 0001:000084d0       ?_TlgEnableCallback@__vcrt_trace_logging_provider@@YAXPEBU_GUID@@KE_K1PEAU_EVENT_FILTER_DESCRIPTOR@@PEAX@Z 00000001800094d0 f i libvcruntimed:telemetry.obj
 0001:00008630       ?_TlgKeywordOn@__vcrt_trace_logging_provider@@YAEPEBU_TlgProvider_t@1@_K@Z 0000000180009630 f i libvcruntimed:telemetry.obj
 0001:000086b0       ?_TlgWrite@__vcrt_trace_logging_provider@@YAJPEBU_TlgProvider_t@1@PEFBXPEBU_GUID@@2IPEAU_EVENT_DATA_DESCRIPTOR@@@Z 00000001800096b0 f i libvcruntimed:telemetry.obj
 0001:00009be0       ??0BoxController@Cct@physx@@QEAA@AEBVPxControllerDesc@2@AEAVPxPhysics@2@PEAVPxScene@2@@Z 000000018000abe0 f   CctBoxController.obj
 0001:00009d40       ??1BoxController@Cct@physx@@UEAA@XZ 000000018000ad40 f   CctBoxController.obj
 0001:00009d90       ?getWorldBox@BoxController@Cct@physx@@UEBA_NAEAUPxExtendedBounds3@3@@Z 000000018000ad90 f   CctBoxController.obj
 0001:00009e00       ?setFootPosition@BoxController@Cct@physx@@UEAA_NAEBUPxExtendedVec3@3@@Z 000000018000ae00 f   CctBoxController.obj
 0001:00009e90       ?getFootPosition@BoxController@Cct@physx@@UEBA?AUPxExtendedVec3@3@XZ 000000018000ae90 f   CctBoxController.obj
 0001:00009f20       ?invalidateCache@BoxController@Cct@physx@@UEAAXXZ 000000018000af20 f   CctBoxController.obj
 0001:00009fa0       ?resize@BoxController@Cct@physx@@UEAAXM@Z 000000018000afa0 f   CctBoxController.obj
 0001:0000a070       ?getHalfHeight@BoxController@Cct@physx@@UEBAMXZ 000000018000b070 f   CctBoxController.obj
 0001:0000a090       ?getHalfSideExtent@BoxController@Cct@physx@@UEBAMXZ 000000018000b090 f   CctBoxController.obj
 0001:0000a0b0       ?getHalfForwardExtent@BoxController@Cct@physx@@UEBAMXZ 000000018000b0b0 f   CctBoxController.obj
 0001:0000a0d0       ?setHalfHeight@BoxController@Cct@physx@@UEAA_NM@Z 000000018000b0d0 f   CctBoxController.obj
 0001:0000a120       ?setHalfSideExtent@BoxController@Cct@physx@@UEAA_NM@Z 000000018000b120 f   CctBoxController.obj
 0001:0000a170       ?setHalfForwardExtent@BoxController@Cct@physx@@UEAA_NM@Z 000000018000b170 f   CctBoxController.obj
 0001:0000a1c0       ?updateKinematicProxy@BoxController@Cct@physx@@QEAA_NXZ 000000018000b1c0 f   CctBoxController.obj
 0001:0000a2f0       ?getOBB@BoxController@Cct@physx@@QEBAXAEAVPxExtendedBox@3@@Z 000000018000b2f0 f   CctBoxController.obj
 0001:0000a5f0       ??0PxBoxController@physx@@IEAA@XZ 000000018000b5f0 f i CctBoxController.obj
 0001:0000a630       ??0PxBoxGeometry@physx@@QEAA@XZ 000000018000b630 f i CctBoxController.obj
 0001:0000a680       ??0PxController@physx@@IEAA@XZ 000000018000b680 f i CctBoxController.obj
 0001:0000a6a0       ??0PxControllerManager@physx@@IEAA@XZ 000000018000b6a0 f i CctBoxController.obj
 0001:0000a6c0       ??0PxControllerManager@physx@@QEAA@AEBV01@@Z 000000018000b6c0 f i CctBoxController.obj
 0001:0000a6f0       ??0PxExtendedBounds3@physx@@QEAA@XZ 000000018000b6f0 f i CctBoxController.obj
 0001:0000a730       ??0PxExtendedVec3@physx@@QEAA@NNN@Z 000000018000b730 f i CctBoxController.obj
 0001:0000a790       ??0PxExtendedVec3@physx@@QEAA@XZ 000000018000b790 f i CctBoxController.obj
 0001:0000a7a0       ??0PxGeometry@physx@@IEAA@W4Enum@PxGeometryType@1@@Z 000000018000b7a0 f i CctBoxController.obj
 0001:0000a7c0       ??0PxVec3@physx@@QEAA@AEBV01@@Z 000000018000b7c0 f i CctBoxController.obj
 0001:0000a820       ??0PxVec3@physx@@QEAA@MMM@Z 000000018000b820 f i CctBoxController.obj
 0001:0000a880       ??1PxBoxController@physx@@MEAA@XZ 000000018000b880 f i CctBoxController.obj
 0001:0000a8b0       ??1PxController@physx@@MEAA@XZ 000000018000b8b0 f i CctBoxController.obj
 0001:0000a8d0       ??1PxControllerManager@physx@@MEAA@XZ 000000018000b8d0 f i CctBoxController.obj
 0001:0000a8f0       ??3UserAllocated@shdfnd@physx@@SAXPEAX@Z 000000018000b8f0 f i CctBoxController.obj
 0001:0000a930       ??4PxControllerManager@physx@@QEAAAEAV01@AEBV01@@Z 000000018000b930 f i CctBoxController.obj
 0001:0000a950       ??4PxQuat@physx@@QEAAAEAV01@AEBV01@@Z 000000018000b950 f i CctBoxController.obj
 0001:0000a9d0       ??4PxVec3@physx@@QEAAAEAV01@AEBV01@@Z 000000018000b9d0 f i CctBoxController.obj
 0001:0000aa30       ??DPxVec3@physx@@QEBA?AV01@M@Z 000000018000ba30 f i CctBoxController.obj
 0001:0000aac0       ??GPxExtendedVec3@physx@@QEBA?AVPxVec3@1@AEBU01@@Z 000000018000bac0 f i CctBoxController.obj
 0001:0000ab70       ??HPxExtendedVec3@physx@@QEBA?AU01@AEBU01@@Z 000000018000bb70 f i CctBoxController.obj
 0001:0000ac10       ??XPxExtendedVec3@physx@@QEAAAEAU01@AEBM@Z 000000018000bc10 f i CctBoxController.obj
 0001:0000acb0       ??XPxVec3@physx@@QEAAAEAV01@M@Z 000000018000bcb0 f i CctBoxController.obj
 0001:0000ad30       ??YPxExtendedVec3@physx@@QEAAAEAU01@AEBVPxVec3@1@@Z 000000018000bd30 f i CctBoxController.obj
 0001:0000add0       ??ZPxExtendedVec3@physx@@QEAAAEAU01@AEBVPxVec3@1@@Z 000000018000bdd0 f i CctBoxController.obj
 0001:0000ae6c       ??_EBoxController@Cct@physx@@W7EAAPEAXI@Z 000000018000be6c f i CctBoxController.obj
 0001:0000ae80       ??_EPxControllerManager@physx@@MEAAPEAXI@Z 000000018000be80 f i CctBoxController.obj
 0001:0000af50       ??_EBoxController@Cct@physx@@UEAAPEAXI@Z 000000018000bf50 f i CctBoxController.obj
 0001:0000af50       ??_GBoxController@Cct@physx@@UEAAPEAXI@Z 000000018000bf50 f i CctBoxController.obj
 0001:0000afc0       ??_EPxBoxController@physx@@MEAAPEAXI@Z 000000018000bfc0 f i CctBoxController.obj
 0001:0000afc0       ??_GPxBoxController@physx@@MEAAPEAXI@Z 000000018000bfc0 f i CctBoxController.obj
 0001:0000b010       ??_EPxController@physx@@MEAAPEAXI@Z 000000018000c010 f i CctBoxController.obj
 0001:0000b010       ??_GPxController@physx@@MEAAPEAXI@Z 000000018000c010 f i CctBoxController.obj
 0001:0000b060       ??_GPxControllerManager@physx@@MEAAPEAXI@Z 000000018000c060 f i CctBoxController.obj
 0001:0000b0b0       ??_H@YAXPEAX_K1P6APEAX0@Z@Z 000000018000c0b0 f i CctBoxController.obj
 0001:0000b150       ??_I@YAXPEAX_K1P6AX0@Z@Z   000000018000c150 f i CctBoxController.obj
 0001:0000b210       ?__empty_global_delete@@YAXPEAX@Z 000000018000c210 f i CctBoxController.obj
 0001:0000b220       ?__empty_global_delete@@YAXPEAX_K@Z 000000018000c220 f i CctBoxController.obj
 0001:0000b230       ?__global_array_delete@@YAXPEAX@Z 000000018000c230 f i CctBoxController.obj
 0001:0000b250       ?__global_array_delete@@YAXPEAX_K@Z 000000018000c250 f i CctBoxController.obj
 0001:0000b280       ?__global_delete@@YAXPEAX@Z 000000018000c280 f i CctBoxController.obj
 0001:0000b2a0       ?__global_delete@@YAXPEAX_K@Z 000000018000c2a0 f i CctBoxController.obj
 0001:0000b2d0       ?createController@PxControllerManager@physx@@UEAAPEAVPxController@2@AEAVPxPhysics@2@PEAVPxScene@2@AEBVPxControllerDesc@2@@Z 000000018000c2d0 f i CctBoxController.obj
 0001:0000b370       ?getActor@BoxController@Cct@physx@@UEBAPEAVPxRigidDynamic@3@XZ 000000018000c370 f i CctBoxController.obj
 0001:0000b390       ?getCenter@physx@@YAXAEBUPxExtendedBounds3@1@AEAUPxExtendedVec3@1@@Z 000000018000c390 f i CctBoxController.obj
 0001:0000b410       ?getContactOffset@BoxController@Cct@physx@@UEBAMXZ 000000018000c410 f i CctBoxController.obj
 0001:0000b430       ?getExtents@physx@@YAXAEBUPxExtendedBounds3@1@AEAVPxVec3@1@@Z 000000018000c430 f i CctBoxController.obj
 0001:0000b490       ?getHalfHeightInternal@BoxController@Cct@physx@@UEBAMXZ 000000018000c490 f i CctBoxController.obj
 0001:0000b4b0       ?getNonWalkableMode@BoxController@Cct@physx@@UEBA?AW4Enum@PxControllerNonWalkableMode@3@XZ 000000018000c4b0 f i CctBoxController.obj
 0001:0000b4d0       ?getPosition@BoxController@Cct@physx@@UEBAAEBUPxExtendedVec3@3@XZ 000000018000c4d0 f i CctBoxController.obj
 0001:0000b4f0       ?getPxController@BoxController@Cct@physx@@UEAAPEAVPxController@3@XZ 000000018000c4f0 f i CctBoxController.obj
 0001:0000b510       ?getScene@BoxController@Cct@physx@@UEAAPEAVPxScene@3@XZ 000000018000c510 f i CctBoxController.obj
 0001:0000b530       ?getSlopeLimit@BoxController@Cct@physx@@UEBAMXZ 000000018000c530 f i CctBoxController.obj
 0001:0000b550       ?getState@BoxController@Cct@physx@@UEBAXAEAUPxControllerState@3@@Z 000000018000c550 f i CctBoxController.obj
 0001:0000b590       ?getStats@BoxController@Cct@physx@@UEBAXAEAUPxControllerStats@3@@Z 000000018000c590 f i CctBoxController.obj
 0001:0000b5d0       ?getStepOffset@BoxController@Cct@physx@@UEBAMXZ 000000018000c5d0 f i CctBoxController.obj
 0001:0000b5f0       ?getType@BoxController@Cct@physx@@UEBA?AW4Enum@PxControllerShapeType@3@XZ 000000018000c5f0 f i CctBoxController.obj
 0001:0000b610       ?getUpDirection@BoxController@Cct@physx@@UEBA?AVPxVec3@3@XZ 000000018000c610 f i CctBoxController.obj
 0001:0000b650       ?getUserData@BoxController@Cct@physx@@UEBAPEAXXZ 000000018000c650 f i CctBoxController.obj
 0001:0000b670       ?lock@?$MutexT@V?$ReflectionAllocator@VMutexImpl@shdfnd@physx@@@shdfnd@physx@@@shdfnd@physx@@QEBAXXZ 000000018000c670 f i CctBoxController.obj
 0001:0000b6a0       ?release@BoxController@Cct@physx@@UEAAXXZ 000000018000c6a0 f i CctBoxController.obj
 0001:0000b6d0       ?setCenterExtents@physx@@YAXAEAUPxExtendedBounds3@1@AEBUPxExtendedVec3@1@AEBVPxVec3@1@@Z 000000018000c6d0 f i CctBoxController.obj
 0001:0000b760       ?setContactOffset@BoxController@Cct@physx@@UEAAXM@Z 000000018000c760 f i CctBoxController.obj
 0001:0000b7a0       ?setNonWalkableMode@BoxController@Cct@physx@@UEAAXW4Enum@PxControllerNonWalkableMode@3@@Z 000000018000c7a0 f i CctBoxController.obj
 0001:0000b7c0       ?setPosition@BoxController@Cct@physx@@UEAA_NAEBUPxExtendedVec3@3@@Z 000000018000c7c0 f i CctBoxController.obj
 0001:0000b800       ?setSlopeLimit@BoxController@Cct@physx@@UEAAXM@Z 000000018000c800 f i CctBoxController.obj
 0001:0000b840       ?setStepOffset@BoxController@Cct@physx@@UEAAXM@Z 000000018000c840 f i CctBoxController.obj
 0001:0000b880       ?setUpDirection@BoxController@Cct@physx@@UEAAXAEBVPxVec3@3@@Z 000000018000c880 f i CctBoxController.obj
 0001:0000b8c0       ?setUserData@BoxController@Cct@physx@@UEAAXPEAX@Z 000000018000c8c0 f i CctBoxController.obj
 0001:0000b8e0       ?unlock@?$MutexT@V?$ReflectionAllocator@VMutexImpl@shdfnd@physx@@@shdfnd@physx@@@shdfnd@physx@@QEBAXXZ 000000018000c8e0 f i CctBoxController.obj
 0001:0000b910       ??0CapsuleController@Cct@physx@@QEAA@AEBVPxControllerDesc@2@AEAVPxPhysics@2@PEAVPxScene@2@@Z 000000018000c910 f   CctCapsuleController.obj
 0001:0000ba60       ??1CapsuleController@Cct@physx@@UEAA@XZ 000000018000ca60 f   CctCapsuleController.obj
 0001:0000bab0       ?getWorldBox@CapsuleController@Cct@physx@@UEBA_NAEAUPxExtendedBounds3@3@@Z 000000018000cab0 f   CctCapsuleController.obj
 0001:0000bb40       ?setFootPosition@CapsuleController@Cct@physx@@UEAA_NAEBUPxExtendedVec3@3@@Z 000000018000cb40 f   CctCapsuleController.obj
 0001:0000bbe0       ?getFootPosition@CapsuleController@Cct@physx@@UEBA?AUPxExtendedVec3@3@XZ 000000018000cbe0 f   CctCapsuleController.obj
 0001:0000bc90       ?invalidateCache@CapsuleController@Cct@physx@@UEAAXXZ 000000018000cc90 f   CctCapsuleController.obj
 0001:0000bd10       ?resize@CapsuleController@Cct@physx@@UEAAXM@Z 000000018000cd10 f   CctCapsuleController.obj
 0001:0000be10       ?getClimbingMode@CapsuleController@Cct@physx@@UEBA?AW4Enum@PxCapsuleClimbingMode@3@XZ 000000018000ce10 f   CctCapsuleController.obj
 0001:0000be30       ?setRadius@CapsuleController@Cct@physx@@UEAA_NM@Z 000000018000ce30 f   CctCapsuleController.obj
 0001:0000bf40       ?setHeight@CapsuleController@Cct@physx@@UEAA_NM@Z 000000018000cf40 f   CctCapsuleController.obj
 0001:0000c050       ?setClimbingMode@CapsuleController@Cct@physx@@UEAA_NW4Enum@PxCapsuleClimbingMode@3@@Z 000000018000d050 f   CctCapsuleController.obj
 0001:0000c080       ?getCapsule@CapsuleController@Cct@physx@@QEBAXAEAUPxExtendedCapsule@3@@Z 000000018000d080 f   CctCapsuleController.obj
 0001:0000c410       ??0PxCapsuleController@physx@@IEAA@XZ 000000018000d410 f i CctCapsuleController.obj
 0001:0000c450       ??0PxCapsuleGeometry@physx@@QEAA@XZ 000000018000d450 f i CctCapsuleController.obj
 0001:0000c4a0       ??1PxCapsuleController@physx@@MEAA@XZ 000000018000d4a0 f i CctCapsuleController.obj
 0001:0000c4d0       ??_ECapsuleController@Cct@physx@@W7EAAPEAXI@Z 000000018000d4d0 f i CctCapsuleController.obj
 0001:0000c4e0       ??_GCapsuleController@Cct@physx@@UEAAPEAXI@Z 000000018000d4e0 f i CctCapsuleController.obj
 0001:0000c4e0       ??_ECapsuleController@Cct@physx@@UEAAPEAXI@Z 000000018000d4e0 f i CctCapsuleController.obj
 0001:0000c550       ??_GPxCapsuleController@physx@@MEAAPEAXI@Z 000000018000d550 f i CctCapsuleController.obj
 0001:0000c550       ??_EPxCapsuleController@physx@@MEAAPEAXI@Z 000000018000d550 f i CctCapsuleController.obj
 0001:0000c5a0       ?getActor@CapsuleController@Cct@physx@@UEBAPEAVPxRigidDynamic@3@XZ 000000018000d5a0 f i CctCapsuleController.obj
 0001:0000c5c0       ?getContactOffset@CapsuleController@Cct@physx@@UEBAMXZ 000000018000d5c0 f i CctCapsuleController.obj
 0001:0000c5e0       ?getHalfHeightInternal@CapsuleController@Cct@physx@@UEBAMXZ 000000018000d5e0 f i CctCapsuleController.obj
 0001:0000c620       ?getHeight@CapsuleController@Cct@physx@@UEBAMXZ 000000018000d620 f i CctCapsuleController.obj
 0001:0000c640       ?getNonWalkableMode@CapsuleController@Cct@physx@@UEBA?AW4Enum@PxControllerNonWalkableMode@3@XZ 000000018000d640 f i CctCapsuleController.obj
 0001:0000c660       ?getPosition@CapsuleController@Cct@physx@@UEBAAEBUPxExtendedVec3@3@XZ 000000018000d660 f i CctCapsuleController.obj
 0001:0000c680       ?getPxController@CapsuleController@Cct@physx@@UEAAPEAVPxController@3@XZ 000000018000d680 f i CctCapsuleController.obj
 0001:0000c6a0       ?getRadius@CapsuleController@Cct@physx@@UEBAMXZ 000000018000d6a0 f i CctCapsuleController.obj
 0001:0000c6c0       ?getScene@CapsuleController@Cct@physx@@UEAAPEAVPxScene@3@XZ 000000018000d6c0 f i CctCapsuleController.obj
 0001:0000c6e0       ?getSlopeLimit@CapsuleController@Cct@physx@@UEBAMXZ 000000018000d6e0 f i CctCapsuleController.obj
 0001:0000c700       ?getState@CapsuleController@Cct@physx@@UEBAXAEAUPxControllerState@3@@Z 000000018000d700 f i CctCapsuleController.obj
 0001:0000c740       ?getStats@CapsuleController@Cct@physx@@UEBAXAEAUPxControllerStats@3@@Z 000000018000d740 f i CctCapsuleController.obj
 0001:0000c780       ?getStepOffset@CapsuleController@Cct@physx@@UEBAMXZ 000000018000d780 f i CctCapsuleController.obj
 0001:0000c7a0       ?getType@CapsuleController@Cct@physx@@UEBA?AW4Enum@PxControllerShapeType@3@XZ 000000018000d7a0 f i CctCapsuleController.obj
 0001:0000c7c0       ?getUpDirection@CapsuleController@Cct@physx@@UEBA?AVPxVec3@3@XZ 000000018000d7c0 f i CctCapsuleController.obj
 0001:0000c800       ?getUserData@CapsuleController@Cct@physx@@UEBAPEAXXZ 000000018000d800 f i CctCapsuleController.obj
 0001:0000c820       ?release@CapsuleController@Cct@physx@@UEAAXXZ 000000018000d820 f i CctCapsuleController.obj
 0001:0000c850       ?setContactOffset@CapsuleController@Cct@physx@@UEAAXM@Z 000000018000d850 f i CctCapsuleController.obj
 0001:0000c890       ?setNonWalkableMode@CapsuleController@Cct@physx@@UEAAXW4Enum@PxControllerNonWalkableMode@3@@Z 000000018000d890 f i CctCapsuleController.obj
 0001:0000c8b0       ?setPosition@CapsuleController@Cct@physx@@UEAA_NAEBUPxExtendedVec3@3@@Z 000000018000d8b0 f i CctCapsuleController.obj
 0001:0000c8f0       ?setSlopeLimit@CapsuleController@Cct@physx@@UEAAXM@Z 000000018000d8f0 f i CctCapsuleController.obj
 0001:0000c930       ?setStepOffset@CapsuleController@Cct@physx@@UEAAXM@Z 000000018000d930 f i CctCapsuleController.obj
 0001:0000c970       ?setUpDirection@CapsuleController@Cct@physx@@UEAAXAEBVPxVec3@3@@Z 000000018000d970 f i CctCapsuleController.obj
 0001:0000c9b0       ?setUserData@CapsuleController@Cct@physx@@UEAAXPEAX@Z 000000018000d9b0 f i CctCapsuleController.obj
 0001:0000c9d0       ??0CCTParams@Cct@physx@@QEAA@XZ 000000018000d9d0 f   CctCharacterController.obj
 0001:0000caa0       ??0SweepTest@Cct@physx@@QEAA@XZ 000000018000daa0 f   CctCharacterController.obj
 0001:0000cec0       ??1SweepTest@Cct@physx@@QEAA@XZ 000000018000dec0 f   CctCharacterController.obj
 0001:0000cf10       ?moveCharacter@SweepTest@Cct@physx@@QEAA?AV?$PxFlags@W4Enum@PxControllerCollisionFlag@physx@@E@3@PEBUInternalCBData_FindTouchedGeom@23@PEBUInternalCBData_OnHit@23@AEAVSweptVolume@23@AEBVPxVec3@3@AEBUUserObstacles@23@MAEBVPxControllerFilters@3@_N6@Z 000000018000df10 f   CctCharacterController.obj
 0001:0000dcf0       ?doSweepTest@SweepTest@Cct@physx@@QEAA_NPEBUInternalCBData_FindTouchedGeom@23@PEBUInternalCBData_OnHit@23@AEBUUserObstacles@23@AEAVSweptVolume@23@AEBVPxVec3@3@4IPEAIMAEBVPxControllerFilters@3@W4SweepPass@23@@Z 000000018000ecf0 f   CctCharacterController.obj
 0001:0000eab0       ?findTouchedObstacles@SweepTest@Cct@physx@@QEAAXAEBUUserObstacles@23@AEBUPxExtendedBounds3@3@@Z 000000018000fab0 f   CctCharacterController.obj
 0001:0000f110       ?voidTestCache@SweepTest@Cct@physx@@QEAAXXZ 0000000180010110 f   CctCharacterController.obj
 0001:0000f170       ?onRelease@SweepTest@Cct@physx@@QEAAXAEBVPxBase@3@@Z 0000000180010170 f   CctCharacterController.obj
 0001:0000f250       ?onObstacleRemoved@SweepTest@Cct@physx@@QEAAXI@Z 0000000180010250 f   CctCharacterController.obj
 0001:0000f280       ?onObstacleUpdated@SweepTest@Cct@physx@@QEAAXIPEBVPxObstacleContext@3@AEBVPxVec3@3@1M@Z 0000000180010280 f   CctCharacterController.obj
 0001:0000f470       ?onObstacleAdded@SweepTest@Cct@physx@@QEAAXIPEBVPxObstacleContext@3@AEBVPxVec3@3@1M@Z 0000000180010470 f   CctCharacterController.obj
 0001:0000f690       ?onOriginShift@SweepTest@Cct@physx@@QEAAXAEBVPxVec3@3@@Z 0000000180010690 f   CctCharacterController.obj
 0001:0000f800       ?updateTouchedGeoms@SweepTest@Cct@physx@@AEAAXPEBUInternalCBData_FindTouchedGeom@23@AEBUUserObstacles@23@AEBUPxExtendedBounds3@3@AEBVPxControllerFilters@3@AEBVPxVec3@3@@Z 0000000180010800 f   CctCharacterController.obj
 0001:00010140       ?findTouchedObject@Controller@Cct@physx@@IEAAXAEBVPxControllerFilters@3@PEBVPxObstacleContext@3@AEBVPxVec3@3@@Z 0000000180011140 f   CctCharacterController.obj
 0001:000109b0       ?rideOnTouchedObject@Controller@Cct@physx@@IEAA_NAEAVSweptVolume@23@AEBVPxVec3@3@AEAV53@PEBVPxObstacleContext@3@@Z 00000001800119b0 f   CctCharacterController.obj
 0001:00011050       ?move@Controller@Cct@physx@@IEAA?AV?$PxFlags@W4Enum@PxControllerCollisionFlag@physx@@E@3@AEAVSweptVolume@23@AEBVPxVec3@3@MMAEBVPxControllerFilters@3@PEBVPxObstacleContext@3@_N@Z 0000000180012050 f   CctCharacterController.obj
 0001:000125f0       ?filterTouchedShape@Controller@Cct@physx@@IEAA_NAEBVPxControllerFilters@3@@Z 00000001800135f0 f   CctCharacterController.obj
 0001:00015b90       ?move@BoxController@Cct@physx@@UEAA?AV?$PxFlags@W4Enum@PxControllerCollisionFlag@physx@@E@3@AEBVPxVec3@3@MMAEBVPxControllerFilters@3@PEBVPxObstacleContext@3@@Z 0000000180016b90 f   CctCharacterController.obj
 0001:00015ce0       ?move@CapsuleController@Cct@physx@@UEAA?AV?$PxFlags@W4Enum@PxControllerCollisionFlag@physx@@E@3@AEBVPxVec3@3@MMAEBVPxControllerFilters@3@PEBVPxObstacleContext@3@@Z 0000000180016ce0 f   CctCharacterController.obj
 0001:00018360       ??$PX_UNUSED@I@@YAXAEBI@Z  0000000180019360 f i CctCharacterController.obj
 0001:00018370       ??$PX_UNUSED@PEBUPxRaycastHit@physx@@@@YAXAEBQEBUPxRaycastHit@physx@@@Z 0000000180019370 f i CctCharacterController.obj
 0001:00018380       ??$PX_UNUSED@W4PxIDENTITY@physx@@@@YAXAEBW4PxIDENTITY@physx@@@Z 0000000180019380 f i CctCharacterController.obj
 0001:00018390       ??$PxMax@N@physx@@YANNN@Z  0000000180019390 f i CctCharacterController.obj
 0001:000183e0       ??$PxMin@N@physx@@YANNN@Z  00000001800193e0 f i CctCharacterController.obj
 0001:00018430       ??$PxUnionCast@PEBVPxGeometry@physx@@PEAY03$$CBE@physx@@YAPEBVPxGeometry@0@PEAY03$$CBE@Z 0000000180019430 f i CctCharacterController.obj
 0001:00018460       ??$reserve@IVNamedAllocator@shdfnd@physx@@@Cct@physx@@YAPEAIAEAV?$Array@IVNamedAllocator@shdfnd@physx@@@shdfnd@1@I@Z 0000000180019460 f i CctCharacterController.obj
 0001:000184c0       ??0?$Array@IVNamedAllocator@shdfnd@physx@@@shdfnd@physx@@QEAA@AEBVNamedAllocator@12@@Z 00000001800194c0 f i CctCharacterController.obj
 0001:00018520       ??0?$Array@VPxTriangle@physx@@VNamedAllocator@shdfnd@2@@shdfnd@physx@@QEAA@AEBVNamedAllocator@12@@Z 0000000180019520 f i CctCharacterController.obj
 0001:00018580       ??0?$PxFlags@W4Enum@PxControllerCollisionFlag@physx@@E@physx@@QEAA@AEBV01@@Z 0000000180019580 f i CctCharacterController.obj
 0001:000185b0       ??0?$PxFlags@W4Enum@PxControllerCollisionFlag@physx@@E@physx@@QEAA@E@Z 00000001800195b0 f i CctCharacterController.obj
 0001:000185e0       ??0?$PxFlags@W4Enum@PxHitFlag@physx@@G@physx@@QEAA@AEBV01@@Z 00000001800195e0 f i CctCharacterController.obj
 0001:00018610       ??0?$PxFlags@W4Enum@PxHitFlag@physx@@G@physx@@QEAA@G@Z 0000000180019610 f i CctCharacterController.obj
 0001:00018640       ??0?$PxFlags@W4Enum@PxHitFlag@physx@@G@physx@@QEAA@W4Enum@PxHitFlag@1@@Z 0000000180019640 f i CctCharacterController.obj
 0001:00018670       ??0?$PxFlags@W4Enum@PxQueryFlag@physx@@G@physx@@QEAA@AEBV01@@Z 0000000180019670 f i CctCharacterController.obj
 0001:000186a0       ??0?$PxFlags@W4Enum@PxQueryFlag@physx@@G@physx@@QEAA@W4Enum@PxQueryFlag@1@@Z 00000001800196a0 f i CctCharacterController.obj
 0001:000186d0       ??0?$PxFlags@W4Enum@PxQueryFlag@physx@@G@physx@@QEAA@XZ 00000001800196d0 f i CctCharacterController.obj
 0001:000186f0       ??0?$PxFlags@W4Enum@PxShapeFlag@physx@@E@physx@@QEAA@AEBV01@@Z 00000001800196f0 f i CctCharacterController.obj
 0001:00018720       ??0?$PxHitBuffer@UPxRaycastHit@physx@@@physx@@QEAA@PEAUPxRaycastHit@1@I@Z 0000000180019720 f i CctCharacterController.obj
 0001:00018770       ??0?$PxHitCallback@UPxRaycastHit@physx@@@physx@@QEAA@PEAUPxRaycastHit@1@I@Z 0000000180019770 f i CctCharacterController.obj
 0001:00018830       ??0CCTFilter@Cct@physx@@QEAA@XZ 0000000180019830 f i CctCharacterController.obj
 0001:000188a0       ??0ControllerFilter@@QEAA@XZ 00000001800198a0 f i CctCharacterController.obj
 0001:000188f0       ??0DebugBox@Cm@physx@@QEAA@AEBVPxBounds3@2@_N@Z 00000001800198f0 f i CctCharacterController.obj
 0001:00018960       ??0DebugBox@Cm@physx@@QEAA@AEBVPxVec3@2@_N@Z 0000000180019960 f i CctCharacterController.obj
 0001:000189d0       ??0Matrix34@Cm@physx@@QEAA@XZ 00000001800199d0 f i CctCharacterController.obj
 0001:00018a40       ??0PxActorShape@physx@@QEAA@XZ 0000000180019a40 f i CctCharacterController.obj
 0001:00018a70       ??0PxBounds3@physx@@QEAA@AEBVPxVec3@1@0@Z 0000000180019a70 f i CctCharacterController.obj
 0001:00018ad0       ??0PxBoxGeometry@physx@@QEAA@VPxVec3@1@@Z 0000000180019ad0 f i CctCharacterController.obj
 0001:00018b20       ??0PxCapsuleGeometry@physx@@QEAA@MM@Z 0000000180019b20 f i CctCharacterController.obj
 0001:00018b90       ??0PxExtendedBox@physx@@QEAA@AEBV01@@Z 0000000180019b90 f i CctCharacterController.obj
 0001:00018c10       ??0PxExtendedBox@physx@@QEAA@XZ 0000000180019c10 f i CctCharacterController.obj
 0001:00018c70       ??0PxExtendedCapsule@physx@@QEAA@XZ 0000000180019c70 f i CctCharacterController.obj
 0001:00018ca0       ??0PxExtendedSegment@physx@@QEAA@XZ 0000000180019ca0 f i CctCharacterController.obj
 0001:00018ce0       ??0PxFilterData@physx@@QEAA@XZ 0000000180019ce0 f i CctCharacterController.obj
 0001:00018d30       ??0PxLocationHit@physx@@QEAA@XZ 0000000180019d30 f i CctCharacterController.obj
 0001:00018dc0       ??0PxMat33@physx@@QEAA@AEBVPxQuat@1@@Z 0000000180019dc0 f i CctCharacterController.obj
 0001:00019100       ??0PxMat33@physx@@QEAA@W4PxIDENTITY@1@@Z 000000018001a100 f i CctCharacterController.obj
 0001:000191a0       ??0PxQuat@physx@@QEAA@AEBV01@@Z 000000018001a1a0 f i CctCharacterController.obj
 0001:00019220       ??0PxQuat@physx@@QEAA@MMMM@Z 000000018001a220 f i CctCharacterController.obj
 0001:000192a0       ??0PxQuat@physx@@QEAA@W4PxIDENTITY@1@@Z 000000018001a2a0 f i CctCharacterController.obj
 0001:00019310       ??0PxQuat@physx@@QEAA@XZ   000000018001a310 f i CctCharacterController.obj
 0001:00019320       ??0PxQueryFilterCallback@physx@@QEAA@XZ 000000018001a320 f i CctCharacterController.obj
 0001:00019340       ??0PxQueryFilterData@physx@@QEAA@AEBUPxFilterData@1@V?$PxFlags@W4Enum@PxQueryFlag@physx@@G@1@@Z 000000018001a340 f i CctCharacterController.obj
 0001:000193b0       ??0PxQueryHit@physx@@QEAA@XZ 000000018001a3b0 f i CctCharacterController.obj
 0001:000193f0       ??0PxRaycastHit@physx@@QEAA@XZ 000000018001a3f0 f i CctCharacterController.obj
 0001:00019440       ??0PxSphereGeometry@physx@@QEAA@XZ 000000018001a440 f i CctCharacterController.obj
 0001:00019480       ??0PxSweepHit@physx@@QEAA@XZ 000000018001a480 f i CctCharacterController.obj
 0001:000194b0       ??0PxTransform@physx@@QEAA@AEBVPxVec3@1@AEBVPxQuat@1@@Z 000000018001a4b0 f i CctCharacterController.obj
 0001:00019580       ??0PxTransform@physx@@QEAA@XZ 000000018001a580 f i CctCharacterController.obj
 0001:000195c0       ??0PxVec3@physx@@QEAA@M@Z  000000018001a5c0 f i CctCharacterController.obj
 0001:00019610       ??0PxVec3@physx@@QEAA@XZ   000000018001a610 f i CctCharacterController.obj
 0001:00019620       ??0SIMDGuard@shdfnd@physx@@QEAA@XZ 000000018001a620 f i CctCharacterController.obj
 0001:00019660       ??0SweptContact@Cct@physx@@QEAA@XZ 000000018001a660 f i CctCharacterController.obj
 0001:000196a0       ??1?$Array@IVNamedAllocator@shdfnd@physx@@@shdfnd@physx@@QEAA@XZ 000000018001a6a0 f i CctCharacterController.obj
 0001:00019730       ??1?$Array@VPxTriangle@physx@@VNamedAllocator@shdfnd@2@@shdfnd@physx@@QEAA@XZ 000000018001a730 f i CctCharacterController.obj
 0001:000197c0       ??1?$PxHitBuffer@UPxRaycastHit@physx@@@physx@@UEAA@XZ 000000018001a7c0 f i CctCharacterController.obj
 0001:000197f0       ??1?$PxHitCallback@UPxRaycastHit@physx@@@physx@@UEAA@XZ 000000018001a7f0 f i CctCharacterController.obj
 0001:00019810       ??1ControllerFilter@@UEAA@XZ 000000018001a810 f i CctCharacterController.obj
 0001:00019830       ??1PxExtendedBox@physx@@QEAA@XZ 000000018001a830 f i CctCharacterController.obj
 0001:00019840       ??1PxQueryFilterCallback@physx@@UEAA@XZ 000000018001a840 f i CctCharacterController.obj
 0001:00019860       ??1PxTriangle@physx@@QEAA@XZ 000000018001a860 f i CctCharacterController.obj
 0001:00019870       ??1SIMDGuard@shdfnd@physx@@QEAA@XZ 000000018001a870 f i CctCharacterController.obj
 0001:000198a0       ??2@YAPEAX_KPEAX@Z         000000018001a8a0 f i CctCharacterController.obj
 0001:000198c0       ??4?$PxFlags@W4Enum@PxControllerCollisionFlag@physx@@E@physx@@QEAAAEAV01@AEBV01@@Z 000000018001a8c0 f i CctCharacterController.obj
 0001:000198f0       ??4?$PxFlags@W4Enum@PxHitFlag@physx@@G@physx@@QEAAAEAV01@AEBV01@@Z 000000018001a8f0 f i CctCharacterController.obj
 0001:00019920       ??4?$PxFlags@W4Enum@PxQueryFlag@physx@@G@physx@@QEAAAEAV01@AEBV01@@Z 000000018001a920 f i CctCharacterController.obj
 0001:00019950       ??4CCTParams@Cct@physx@@QEAAAEAU012@AEBU012@@Z 000000018001a950 f i CctCharacterController.obj
 0001:00019ac0       ??4PxExtendedBox@physx@@QEAAAEAV01@AEBV01@@Z 000000018001aac0 f i CctCharacterController.obj
 0001:00019b40       ??4PxLocationHit@physx@@QEAAAEAU01@AEBU01@@Z 000000018001ab40 f i CctCharacterController.obj
 0001:00019c00       ??4PxRaycastHit@physx@@QEAAAEAU01@AEBU01@@Z 000000018001ac00 f i CctCharacterController.obj
 0001:00019c70       ??4PxTransform@physx@@QEAAAEAV01@$$QEAV01@@Z 000000018001ac70 f i CctCharacterController.obj
 0001:00019cd0       ??4SweptContact@Cct@physx@@QEAAAEAU012@AEBU012@@Z 000000018001acd0 f i CctCharacterController.obj
 0001:00019d80       ??A?$Array@IVNamedAllocator@shdfnd@physx@@@shdfnd@physx@@QEBAAEBII@Z 000000018001ad80 f i CctCharacterController.obj
 0001:00019e20       ??A?$Array@UInternalBoxObstacle@ObstacleContext@Cct@physx@@VNamedAllocator@shdfnd@4@@shdfnd@physx@@QEBAAEBUInternalBoxObstacle@ObstacleContext@Cct@2@I@Z 000000018001ae20 f i CctCharacterController.obj
 0001:00019ec0       ??A?$Array@UInternalCapsuleObstacle@ObstacleContext@Cct@physx@@VNamedAllocator@shdfnd@4@@shdfnd@physx@@QEBAAEBUInternalCapsuleObstacle@ObstacleContext@Cct@2@I@Z 000000018001aec0 f i CctCharacterController.obj
 0001:00019f60       ??A?$Array@VPxTriangle@physx@@VNamedAllocator@shdfnd@2@@shdfnd@physx@@QEAAAEAVPxTriangle@2@I@Z 000000018001af60 f i CctCharacterController.obj
 0001:0001a000       ??A?$Array@VPxTriangle@physx@@VNamedAllocator@shdfnd@2@@shdfnd@physx@@QEBAAEBVPxTriangle@2@I@Z 000000018001b000 f i CctCharacterController.obj
 0001:0001a0a0       ??B?$PxFlags@W4Enum@PxControllerBehaviorFlag@physx@@E@physx@@QEBAIXZ 000000018001b0a0 f i CctCharacterController.obj
 0001:0001a0c0       ??B?$PxFlags@W4Enum@PxControllerDebugRenderFlag@physx@@I@physx@@QEBAIXZ 000000018001b0c0 f i CctCharacterController.obj
 0001:0001a0d0       ??B?$PxFlags@W4Enum@PxQueryFlag@physx@@G@physx@@QEBA_NXZ 000000018001b0d0 f i CctCharacterController.obj
 0001:0001a110       ??B?$PxFlags@W4Enum@PxShapeFlag@physx@@E@physx@@QEBA_NXZ 000000018001b110 f i CctCharacterController.obj
 0001:0001a150       ??DPxQuat@physx@@QEBA?AV01@AEBV01@@Z 000000018001b150 f i CctCharacterController.obj
 0001:0001a360       ??DPxTransform@physx@@QEBA?AV01@AEBV01@@Z 000000018001b360 f i CctCharacterController.obj
 0001:0001a410       ??GPxVec3@physx@@QEBA?AV01@AEBV01@@Z 000000018001b410 f i CctCharacterController.obj
 0001:0001a4b0       ??GPxVec3@physx@@QEBA?AV01@XZ 000000018001b4b0 f i CctCharacterController.obj
 0001:0001a540       ??HPxVec3@physx@@QEBA?AV01@AEBV01@@Z 000000018001b540 f i CctCharacterController.obj
 0001:0001a5e0       ??I?$PxFlags@W4Enum@PxQueryFlag@physx@@G@physx@@QEBA?AV01@W4Enum@PxQueryFlag@1@@Z 000000018001b5e0 f i CctCharacterController.obj
 0001:0001a650       ??I?$PxFlags@W4Enum@PxShapeFlag@physx@@E@physx@@QEBA?AV01@W4Enum@PxShapeFlag@1@@Z 000000018001b650 f i CctCharacterController.obj
 0001:0001a6b0       ??R?$Hash@PEAVPxShape@physx@@@shdfnd@physx@@QEBAIAEBQEAVPxShape@2@@Z 000000018001b6b0 f i CctCharacterController.obj
 0001:0001a6e0       ??R?$Hash@PEAVPxShape@physx@@@shdfnd@physx@@QEBA_NAEBQEAVPxShape@2@0@Z 000000018001b6e0 f i CctCharacterController.obj
 0001:0001a730       ??RGetKey@?$HashSetBase@PEAVPxShape@physx@@U?$Hash@PEAVPxShape@physx@@@shdfnd@2@VAllocator@42@$0A@@internal@shdfnd@physx@@QEAAAEBQEAVPxShape@4@AEBQEAV54@@Z 000000018001b730 f i CctCharacterController.obj
 0001:0001a750       ??U?$PxFlags@W4Enum@PxHitFlag@physx@@G@physx@@QEBA?AV01@W4Enum@PxHitFlag@1@@Z 000000018001b750 f i CctCharacterController.obj
 0001:0001a7b0       ??U?$PxFlags@W4Enum@PxQueryFlag@physx@@G@physx@@QEBA?AV01@W4Enum@PxQueryFlag@1@@Z 000000018001b7b0 f i CctCharacterController.obj
 0001:0001a810       ??Uphysx@@YA?AV?$PxFlags@W4Enum@PxHitFlag@physx@@G@0@W4Enum@PxHitFlag@0@0@Z 000000018001b810 f i CctCharacterController.obj
 0001:0001a870       ??Uphysx@@YA?AV?$PxFlags@W4Enum@PxQueryFlag@physx@@G@0@W4Enum@PxQueryFlag@0@0@Z 000000018001b870 f i CctCharacterController.obj
 0001:0001a8d0       ??YPxVec3@physx@@QEAAAEAV01@AEBV01@@Z 000000018001b8d0 f i CctCharacterController.obj
 0001:0001a950       ??ZPxVec3@physx@@QEAAAEAV01@AEBV01@@Z 000000018001b950 f i CctCharacterController.obj
 0001:0001a9d0       ??_0PxVec3@physx@@QEAAAEAV01@M@Z 000000018001b9d0 f i CctCharacterController.obj
 0001:0001aa60       ??_5?$PxFlags@W4Enum@PxControllerCollisionFlag@physx@@E@physx@@QEAAAEAV01@W4Enum@PxControllerCollisionFlag@1@@Z 000000018001ba60 f i CctCharacterController.obj
 0001:0001aa90       ??_5?$PxFlags@W4Enum@PxHitFlag@physx@@G@physx@@QEAAAEAV01@W4Enum@PxHitFlag@1@@Z 000000018001ba90 f i CctCharacterController.obj
 0001:0001aad0       ??_5?$PxFlags@W4Enum@PxQueryFlag@physx@@G@physx@@QEAAAEAV01@W4Enum@PxQueryFlag@1@@Z 000000018001bad0 f i CctCharacterController.obj
 0001:0001ab10       ??_G?$PxHitBuffer@UPxRaycastHit@physx@@@physx@@UEAAPEAXI@Z 000000018001bb10 f i CctCharacterController.obj
 0001:0001ab10       ??_E?$PxHitBuffer@UPxRaycastHit@physx@@@physx@@UEAAPEAXI@Z 000000018001bb10 f i CctCharacterController.obj
 0001:0001ab60       ??_G?$PxHitCallback@UPxRaycastHit@physx@@@physx@@UEAAPEAXI@Z 000000018001bb60 f i CctCharacterController.obj
 0001:0001ab60       ??_E?$PxHitCallback@UPxRaycastHit@physx@@@physx@@UEAAPEAXI@Z 000000018001bb60 f i CctCharacterController.obj
 0001:0001abb0       ??_EControllerFilter@@UEAAPEAXI@Z 000000018001bbb0 f i CctCharacterController.obj
 0001:0001abb0       ??_GControllerFilter@@UEAAPEAXI@Z 000000018001bbb0 f i CctCharacterController.obj
 0001:0001ac00       ??_GPxExtendedBox@physx@@QEAAPEAXI@Z 000000018001bc00 f i CctCharacterController.obj
 0001:0001ac50       ??_EPxQueryFilterCallback@physx@@UEAAPEAXI@Z 000000018001bc50 f i CctCharacterController.obj
 0001:0001ac50       ??_GPxQueryFilterCallback@physx@@UEAAPEAXI@Z 000000018001bc50 f i CctCharacterController.obj
 0001:0001aca0       ??_GPxTriangle@physx@@QEAAPEAXI@Z 000000018001bca0 f i CctCharacterController.obj
 0001:0001acf0       ?FLoad@aos@shdfnd@physx@@YA?AT__m128@@M@Z 000000018001bcf0 f i CctCharacterController.obj
 0001:0001ad20       ?PxAbs@physx@@YAMM@Z       000000018001bd20 f i CctCharacterController.obj
 0001:0001ad40       ?PxIsFinite@physx@@YA_NM@Z 000000018001bd40 f i CctCharacterController.obj
 0001:0001ad60       ?PxRecipSqrt@physx@@YAMM@Z 000000018001bd60 f i CctCharacterController.obj
 0001:0001ad80       ?PxSqrt@physx@@YAMM@Z      000000018001bd80 f i CctCharacterController.obj
 0001:0001ada0       ?PxSqrt@physx@@YANN@Z      000000018001bda0 f i CctCharacterController.obj
 0001:0001adc0       ?V3Load@aos@shdfnd@physx@@YA?AT__m128@@M@Z 000000018001bdc0 f i CctCharacterController.obj
 0001:0001ae10       ?V4Load@aos@shdfnd@physx@@YA?AT__m128@@M@Z 000000018001be10 f i CctCharacterController.obj
 0001:0001ae40       ?abs@intrinsics@physx@@YAMM@Z 000000018001be40 f i CctCharacterController.obj
 0001:0001ae60       ?add@physx@@YAXAEAUPxExtendedBounds3@1@AEBU21@@Z 000000018001be60 f i CctCharacterController.obj
 0001:0001aeb0       ?allocate@?$Array@IVNamedAllocator@shdfnd@physx@@@shdfnd@physx@@IEAAPEAII@Z 000000018001beb0 f i CctCharacterController.obj
 0001:0001af60       ?allocate@?$Array@PEBXVNamedAllocator@shdfnd@physx@@@shdfnd@physx@@IEAAPEAPEBXI@Z 000000018001bf60 f i CctCharacterController.obj
 0001:0001b010       ?allocate@?$Array@UPxExtendedCapsule@physx@@VNamedAllocator@shdfnd@2@@shdfnd@physx@@IEAAPEAUPxExtendedCapsule@3@I@Z 000000018001c010 f i CctCharacterController.obj
 0001:0001b0c0       ?allocate@?$Array@VPxExtendedBox@physx@@VNamedAllocator@shdfnd@2@@shdfnd@physx@@IEAAPEAVPxExtendedBox@3@I@Z 000000018001c0c0 f i CctCharacterController.obj
 0001:0001b170       ?any@PxGeometryHolder@physx@@QEBAAEBVPxGeometry@2@XZ 000000018001c170 f i CctCharacterController.obj
 0001:0001b1a0       ?begin@?$Array@IVNamedAllocator@shdfnd@physx@@@shdfnd@physx@@QEAAPEAIXZ 000000018001c1a0 f i CctCharacterController.obj
 0001:0001b1c0       ?begin@?$Array@IVNamedAllocator@shdfnd@physx@@@shdfnd@physx@@QEBAPEBIXZ 000000018001c1c0 f i CctCharacterController.obj
 0001:0001b1e0       ?begin@?$Array@PEBXVNamedAllocator@shdfnd@physx@@@shdfnd@physx@@QEAAPEAPEBXXZ 000000018001c1e0 f i CctCharacterController.obj
 0001:0001b200       ?begin@?$Array@UPxExtendedCapsule@physx@@VNamedAllocator@shdfnd@2@@shdfnd@physx@@QEAAPEAUPxExtendedCapsule@3@XZ 000000018001c200 f i CctCharacterController.obj
 0001:0001b220       ?begin@?$Array@VPxExtendedBox@physx@@VNamedAllocator@shdfnd@2@@shdfnd@physx@@QEAAPEAVPxExtendedBox@3@XZ 000000018001c220 f i CctCharacterController.obj
 0001:0001b240       ?capacity@?$Array@IVNamedAllocator@shdfnd@physx@@@shdfnd@physx@@QEBAIXZ 000000018001c240 f i CctCharacterController.obj
 0001:0001b260       ?capacity@?$Array@PEBXVNamedAllocator@shdfnd@physx@@@shdfnd@physx@@QEBAIXZ 000000018001c260 f i CctCharacterController.obj
 0001:0001b280       ?capacity@?$Array@UPxExtendedCapsule@physx@@VNamedAllocator@shdfnd@2@@shdfnd@physx@@QEBAIXZ 000000018001c280 f i CctCharacterController.obj
 0001:0001b2a0       ?capacity@?$Array@VPxExtendedBox@physx@@VNamedAllocator@shdfnd@2@@shdfnd@physx@@QEBAIXZ 000000018001c2a0 f i CctCharacterController.obj
 0001:0001b2c0       ?capacity@?$Array@VPxTriangle@physx@@VNamedAllocator@shdfnd@2@@shdfnd@physx@@QEBAIXZ 000000018001c2c0 f i CctCharacterController.obj
 0001:0001b2e0       ?capacityIncrement@?$Array@PEBXVNamedAllocator@shdfnd@physx@@@shdfnd@physx@@IEBAIXZ 000000018001c2e0 f i CctCharacterController.obj
 0001:0001b330       ?capacityIncrement@?$Array@UPxExtendedCapsule@physx@@VNamedAllocator@shdfnd@2@@shdfnd@physx@@IEBAIXZ 000000018001c330 f i CctCharacterController.obj
 0001:0001b380       ?capacityIncrement@?$Array@VPxExtendedBox@physx@@VNamedAllocator@shdfnd@2@@shdfnd@physx@@IEBAIXZ 000000018001c380 f i CctCharacterController.obj
 0001:0001b3d0       ?clear@?$Array@IVNamedAllocator@shdfnd@physx@@@shdfnd@physx@@QEAAXXZ 000000018001c3d0 f i CctCharacterController.obj
 0001:0001b420       ?clear@?$Array@VPxTriangle@physx@@VNamedAllocator@shdfnd@2@@shdfnd@physx@@QEAAXXZ 000000018001c420 f i CctCharacterController.obj
 0001:0001b470       ?contains@?$HashSetBase@PEAVPxShape@physx@@U?$Hash@PEAVPxShape@physx@@@shdfnd@2@VAllocator@42@$0A@@internal@shdfnd@physx@@QEBA_NAEBQEAVPxShape@4@@Z 000000018001c470 f i CctCharacterController.obj
 0001:0001b4d0       ?copy@?$Array@IVNamedAllocator@shdfnd@physx@@@shdfnd@physx@@KAXPEAI0PEBI@Z 000000018001c4d0 f i CctCharacterController.obj
 0001:0001b580       ?copy@?$Array@PEBXVNamedAllocator@shdfnd@physx@@@shdfnd@physx@@KAXPEAPEBX0PEBQEBX@Z 000000018001c580 f i CctCharacterController.obj
 0001:0001b630       ?copy@?$Array@UPxExtendedCapsule@physx@@VNamedAllocator@shdfnd@2@@shdfnd@physx@@KAXPEAUPxExtendedCapsule@3@0PEBU43@@Z 000000018001c630 f i CctCharacterController.obj
 0001:0001b6e0       ?copy@?$Array@VPxExtendedBox@physx@@VNamedAllocator@shdfnd@2@@shdfnd@physx@@KAXPEAVPxExtendedBox@3@0PEBV43@@Z 000000018001c6e0 f i CctCharacterController.obj
 0001:0001b780       ?cross@PxVec3@physx@@QEBA?AV12@AEBV12@@Z 000000018001c780 f i CctCharacterController.obj
 0001:0001b870       ?deallocate@?$Array@IVNamedAllocator@shdfnd@physx@@@shdfnd@physx@@IEAAXPEAX@Z 000000018001c870 f i CctCharacterController.obj
 0001:0001b8a0       ?deallocate@?$Array@PEBXVNamedAllocator@shdfnd@physx@@@shdfnd@physx@@IEAAXPEAX@Z 000000018001c8a0 f i CctCharacterController.obj
 0001:0001b8d0       ?deallocate@?$Array@UPxExtendedCapsule@physx@@VNamedAllocator@shdfnd@2@@shdfnd@physx@@IEAAXPEAX@Z 000000018001c8d0 f i CctCharacterController.obj
 0001:0001b900       ?deallocate@?$Array@VPxExtendedBox@physx@@VNamedAllocator@shdfnd@2@@shdfnd@physx@@IEAAXPEAX@Z 000000018001c900 f i CctCharacterController.obj
 0001:0001b930       ?deallocate@?$Array@VPxTriangle@physx@@VNamedAllocator@shdfnd@2@@shdfnd@physx@@IEAAXPEAX@Z 000000018001c930 f i CctCharacterController.obj
 0001:0001b960       ?decomposeVector@shdfnd@physx@@YAXAEAVPxVec3@2@0AEBV32@1@Z 000000018001c960 f i CctCharacterController.obj
 0001:0001b9f0       ?destroy@?$Array@IVNamedAllocator@shdfnd@physx@@@shdfnd@physx@@KAXPEAI0@Z 000000018001c9f0 f i CctCharacterController.obj
 0001:0001ba30       ?destroy@?$Array@PEBXVNamedAllocator@shdfnd@physx@@@shdfnd@physx@@KAXPEAPEBX0@Z 000000018001ca30 f i CctCharacterController.obj
 0001:0001ba70       ?destroy@?$Array@UPxExtendedCapsule@physx@@VNamedAllocator@shdfnd@2@@shdfnd@physx@@KAXPEAUPxExtendedCapsule@3@0@Z 000000018001ca70 f i CctCharacterController.obj
 0001:0001bab0       ?destroy@?$Array@VPxExtendedBox@physx@@VNamedAllocator@shdfnd@2@@shdfnd@physx@@KAXPEAVPxExtendedBox@3@0@Z 000000018001cab0 f i CctCharacterController.obj
 0001:0001bb00       ?destroy@?$Array@VPxTriangle@physx@@VNamedAllocator@shdfnd@2@@shdfnd@physx@@KAXPEAVPxTriangle@3@0@Z 000000018001cb00 f i CctCharacterController.obj
 0001:0001bb50       ?distance@physx@@YANAEBUPxExtendedVec3@1@0@Z 000000018001cb50 f i CctCharacterController.obj
 0001:0001bc10       ?dot@PxVec3@physx@@QEBAMAEBV12@@Z 000000018001cc10 f i CctCharacterController.obj
 0001:0001bc70       ?encodeUserObject@Cct@physx@@YAIIW4UserObjectType@12@@Z 000000018001cc70 f i CctCharacterController.obj
 0001:0001bd70       ?end@?$Array@IVNamedAllocator@shdfnd@physx@@@shdfnd@physx@@QEAAPEAIXZ 000000018001cd70 f i CctCharacterController.obj
 0001:0001bd90       ?end@?$Array@IVNamedAllocator@shdfnd@physx@@@shdfnd@physx@@QEBAPEBIXZ 000000018001cd90 f i CctCharacterController.obj
 0001:0001bdb0       ?finalizeQuery@?$PxHitCallback@UPxRaycastHit@physx@@@physx@@UEAAXXZ 000000018001cdb0 f i CctCharacterController.obj
 0001:0001bdc0       ?find@?$HashBase@PEAVPxShape@physx@@PEAV12@U?$Hash@PEAVPxShape@physx@@@shdfnd@2@UGetKey@?$HashSetBase@PEAVPxShape@physx@@U?$Hash@PEAVPxShape@physx@@@shdfnd@2@VAllocator@42@$0A@@internal@42@VAllocator@42@$0A@@internal@shdfnd@physx@@QEBAPEBQEAVPxShape@4@AEBQEAV54@@Z 000000018001cdc0 f i CctCharacterController.obj
 0001:0001bec0       ?forceSize_Unsafe@?$Array@IVNamedAllocator@shdfnd@physx@@@shdfnd@physx@@QEAAXI@Z 000000018001cec0 f i CctCharacterController.obj
 0001:0001bf60       ?forceSize_Unsafe@?$Array@VPxTriangle@physx@@VNamedAllocator@shdfnd@2@@shdfnd@physx@@QEAAXI@Z 000000018001cf60 f i CctCharacterController.obj
 0001:0001c000       ?getAnyHit@?$PxHitBuffer@UPxRaycastHit@physx@@@physx@@QEBAAEBUPxRaycastHit@2@I@Z 000000018001d000 f i CctCharacterController.obj
 0001:0001c0f0       ?getBasisVector0@PxQuat@physx@@QEBA?AVPxVec3@2@XZ 000000018001d0f0 f i CctCharacterController.obj
 0001:0001c210       ?getCenter@PxBounds3@physx@@QEBA?AVPxVec3@2@XZ 000000018001d210 f i CctCharacterController.obj
 0001:0001c2e0       ?getConcreteType@PxBase@physx@@QEBAGXZ 000000018001d2e0 f i CctCharacterController.obj
 0001:0001c300       ?getDimensions@PxBounds3@physx@@QEBA?AVPxVec3@2@XZ 000000018001d300 f i CctCharacterController.obj
 0001:0001c3b0       ?getExtents@PxBounds3@physx@@QEBA?AVPxVec3@2@XZ 000000018001d3b0 f i CctCharacterController.obj
 0001:0001c470       ?getGlobalPose@PxShapeExt@physx@@SA?AVPxTransform@2@AEBVPxShape@2@AEBVPxRigidActor@2@@Z 000000018001d470 f i CctCharacterController.obj
 0001:0001c520       ?getNbTouches@?$PxHitBuffer@UPxRaycastHit@physx@@@physx@@QEBAIXZ 000000018001d520 f i CctCharacterController.obj
 0001:0001c540       ?getNormalized@PxVec3@physx@@QEBA?AV12@XZ 000000018001d540 f i CctCharacterController.obj
 0001:0001c5f0       ?getShapeGlobalPose@physx@@YA?AVPxTransform@1@AEBVPxShape@1@AEBVPxRigidActor@1@@Z 000000018001d5f0 f i CctCharacterController.obj
 0001:0001c630       ?getTouches@?$PxHitBuffer@UPxRaycastHit@physx@@@physx@@QEBAPEBUPxRaycastHit@2@XZ 000000018001d630 f i CctCharacterController.obj
 0001:0001c650       ?getType@SweptVolume@Cct@physx@@QEBA?AW4Enum@SweptVolumeType@23@XZ 000000018001d650 f i CctCharacterController.obj
 0001:0001c670       ?grow@?$Array@IVNamedAllocator@shdfnd@physx@@@shdfnd@physx@@IEAAXI@Z 000000018001d670 f i CctCharacterController.obj
 0001:0001c710       ?growAndPushBack@?$Array@PEBXVNamedAllocator@shdfnd@physx@@@shdfnd@physx@@IEAAAEAPEBXAEBQEBX@Z 000000018001d710 f i CctCharacterController.obj
 0001:0001c920       ?growAndPushBack@?$Array@UPxExtendedCapsule@physx@@VNamedAllocator@shdfnd@2@@shdfnd@physx@@IEAAAEAUPxExtendedCapsule@3@AEBU43@@Z 000000018001d920 f i CctCharacterController.obj
 0001:0001cb80       ?growAndPushBack@?$Array@VPxExtendedBox@physx@@VNamedAllocator@shdfnd@2@@shdfnd@physx@@IEAAAEAVPxExtendedBox@3@AEBV43@@Z 000000018001db80 f i CctCharacterController.obj
 0001:0001cd90       ?hash@?$HashBase@PEAVPxShape@physx@@PEAV12@U?$Hash@PEAVPxShape@physx@@@shdfnd@2@UGetKey@?$HashSetBase@PEAVPxShape@physx@@U?$Hash@PEAVPxShape@physx@@@shdfnd@2@VAllocator@42@$0A@@internal@42@VAllocator@42@$0A@@internal@shdfnd@physx@@AEBAIAEBQEAVPxShape@4@@Z 000000018001dd90 f i CctCharacterController.obj
 0001:0001cdd0       ?hash@?$HashBase@PEAVPxShape@physx@@PEAV12@U?$Hash@PEAVPxShape@physx@@@shdfnd@2@UGetKey@?$HashSetBase@PEAVPxShape@physx@@U?$Hash@PEAVPxShape@physx@@@shdfnd@2@VAllocator@42@$0A@@internal@42@VAllocator@42@$0A@@internal@shdfnd@physx@@AEBAIAEBQEAVPxShape@4@I@Z 000000018001ddd0 f i CctCharacterController.obj
 0001:0001ce10       ?hash@shdfnd@physx@@YAIPEBX@Z 000000018001de10 f i CctCharacterController.obj
 0001:0001ce30       ?hash@shdfnd@physx@@YAI_K@Z 000000018001de30 f i CctCharacterController.obj
 0001:0001cf40       ?intersectOBBAABB@Gu@physx@@YA_NAEBVBox@12@AEBVPxBounds3@2@@Z 000000018001df40 f i CctCharacterController.obj
 0001:0001d000       ?isAlmostZero@shdfnd@physx@@YA_NAEBVPxVec3@2@@Z 000000018001e000 f i CctCharacterController.obj
 0001:0001d090       ?isFinite@PxBounds3@physx@@QEBA_NXZ 000000018001e090 f i CctCharacterController.obj
 0001:0001d100       ?isFinite@PxQuat@physx@@QEBA_NXZ 000000018001e100 f i CctCharacterController.obj
 0001:0001d1a0       ?isFinite@PxTransform@physx@@QEBA_NXZ 000000018001e1a0 f i CctCharacterController.obj
 0001:0001d210       ?isFinite@PxVec3@physx@@QEBA_NXZ 000000018001e210 f i CctCharacterController.obj
 0001:0001d290       ?isFinite@intrinsics@physx@@YA_NM@Z 000000018001e290 f i CctCharacterController.obj
 0001:0001d2e0       ?isInUserMemory@?$Array@IVNamedAllocator@shdfnd@physx@@@shdfnd@physx@@QEBAIXZ 000000018001e2e0 f i CctCharacterController.obj
 0001:0001d300       ?isInUserMemory@?$Array@PEBXVNamedAllocator@shdfnd@physx@@@shdfnd@physx@@QEBAIXZ 000000018001e300 f i CctCharacterController.obj
 0001:0001d320       ?isInUserMemory@?$Array@UPxExtendedCapsule@physx@@VNamedAllocator@shdfnd@2@@shdfnd@physx@@QEBAIXZ 000000018001e320 f i CctCharacterController.obj
 0001:0001d340       ?isInUserMemory@?$Array@VPxExtendedBox@physx@@VNamedAllocator@shdfnd@2@@shdfnd@physx@@QEBAIXZ 000000018001e340 f i CctCharacterController.obj
 0001:0001d360       ?isInUserMemory@?$Array@VPxTriangle@physx@@VNamedAllocator@shdfnd@2@@shdfnd@physx@@QEBAIXZ 000000018001e360 f i CctCharacterController.obj
 0001:0001d380       ?isInside@PxExtendedBounds3@physx@@QEBA_NAEBU12@@Z 000000018001e380 f i CctCharacterController.obj
 0001:0001d460       ?isSane@PxQuat@physx@@QEBA_NXZ 000000018001e460 f i CctCharacterController.obj
 0001:0001d4e0       ?isSane@PxTransform@physx@@QEBA_NXZ 000000018001e4e0 f i CctCharacterController.obj
 0001:0001d540       ?isValid@PxBounds3@physx@@QEBA_NXZ 000000018001e540 f i CctCharacterController.obj
 0001:0001d670       ?isZero@PxVec3@physx@@QEBA_NXZ 000000018001e670 f i CctCharacterController.obj
 0001:0001d6d0       ?magnitude@PxQuat@physx@@QEBAMXZ 000000018001e6d0 f i CctCharacterController.obj
 0001:0001d700       ?magnitude@PxVec3@physx@@QEBAMXZ 000000018001e700 f i CctCharacterController.obj
 0001:0001d730       ?magnitudeSquared@PxQuat@physx@@QEBAMXZ 000000018001e730 f i CctCharacterController.obj
 0001:0001d7b0       ?magnitudeSquared@PxVec3@physx@@QEBAMXZ 000000018001e7b0 f i CctCharacterController.obj
 0001:0001d810       ?maximum@PxExtendedVec3@physx@@QEAAXAEBU12@@Z 000000018001e810 f i CctCharacterController.obj
 0001:0001d8c0       ?minimum@PxExtendedVec3@physx@@QEAAXAEBU12@@Z 000000018001e8c0 f i CctCharacterController.obj
 0001:0001d970       ?normal@PxTriangle@physx@@QEBAXAEAVPxVec3@2@@Z 000000018001e970 f i CctCharacterController.obj
 0001:0001da60       ?normalize@PxVec3@physx@@QEAAMXZ 000000018001ea60 f i CctCharacterController.obj
 0001:0001dac0       ?postFilter@ControllerFilter@@UEAA?AW4Enum@PxQueryHitType@physx@@AEBUPxFilterData@4@AEBUPxQueryHit@4@@Z 000000018001eac0 f i CctCharacterController.obj
 0001:0001dbc0       ?preFilter@ControllerFilter@@UEAA?AW4Enum@PxQueryHitType@physx@@AEBUPxFilterData@4@PEBVPxShape@4@PEBVPxRigidActor@4@AEAV?$PxFlags@W4Enum@PxHitFlag@physx@@G@4@@Z 000000018001ebc0 f i CctCharacterController.obj
 0001:0001dd00       ?processTouches@?$PxHitBuffer@UPxRaycastHit@physx@@@physx@@MEAA_NPEBUPxRaycastHit@2@I@Z 000000018001ed00 f i CctCharacterController.obj
 0001:0001dd40       ?pushBack@?$Array@PEBXVNamedAllocator@shdfnd@physx@@@shdfnd@physx@@QEAAAEAPEBXAEBQEBX@Z 000000018001ed40 f i CctCharacterController.obj
 0001:0001de30       ?pushBack@?$Array@UPxExtendedCapsule@physx@@VNamedAllocator@shdfnd@2@@shdfnd@physx@@QEAAAEAUPxExtendedCapsule@3@AEBU43@@Z 000000018001ee30 f i CctCharacterController.obj
 0001:0001df30       ?pushBack@?$Array@VPxExtendedBox@physx@@VNamedAllocator@shdfnd@2@@shdfnd@physx@@QEAAAEAVPxExtendedBox@3@AEBV43@@Z 000000018001ef30 f i CctCharacterController.obj
 0001:0001e020       ?recipSqrt@intrinsics@physx@@YAMM@Z 000000018001f020 f i CctCharacterController.obj
 0001:0001e060       ?recreate@?$Array@IVNamedAllocator@shdfnd@physx@@@shdfnd@physx@@IEAAXI@Z 000000018001f060 f i CctCharacterController.obj
 0001:0001e1c0       ?reserve@?$Array@IVNamedAllocator@shdfnd@physx@@@shdfnd@physx@@QEAAXI@Z 000000018001f1c0 f i CctCharacterController.obj
 0001:0001e200       ?resetStats@SweepTest@Cct@physx@@QEAAXXZ 000000018001f200 f i CctCharacterController.obj
 0001:0001e250       ?resizeUninitialized@?$Array@IVNamedAllocator@shdfnd@physx@@@shdfnd@physx@@QEAAXI@Z 000000018001f250 f i CctCharacterController.obj
 0001:0001e290       ?rotate@PxQuat@physx@@QEBA?BVPxVec3@2@AEBV32@@Z 000000018001f290 f i CctCharacterController.obj
 0001:0001e4e0       ?rotateInv@PxQuat@physx@@QEBA?BVPxVec3@2@AEBV32@@Z 000000018001f4e0 f i CctCharacterController.obj
 0001:0001e730       ?selectMax@intrinsics@physx@@YAMMM@Z 000000018001f730 f i CctCharacterController.obj
 0001:0001e780       ?selectMin@intrinsics@physx@@YAMMM@Z 000000018001f780 f i CctCharacterController.obj
 0001:0001e7d0       ?set@PxExtendedBounds3@physx@@QEAAXNNNNNN@Z 000000018001f7d0 f i CctCharacterController.obj
 0001:0001e850       ?set@PxExtendedVec3@physx@@QEAAXNNN@Z 000000018001f850 f i CctCharacterController.obj
 0001:0001e8b0       ?setEmpty@PxExtendedBounds3@physx@@QEAAXXZ 000000018001f8b0 f i CctCharacterController.obj
 0001:0001e920       ?setWorldPos@SweptContact@Cct@physx@@QEAAXAEBVPxVec3@3@AEBUPxExtendedVec3@3@@Z 000000018001f920 f i CctCharacterController.obj
 0001:0001e9a0       ?size@?$Array@IVNamedAllocator@shdfnd@physx@@@shdfnd@physx@@QEBAIXZ 000000018001f9a0 f i CctCharacterController.obj
 0001:0001e9c0       ?size@?$Array@PEBXVNamedAllocator@shdfnd@physx@@@shdfnd@physx@@QEBAIXZ 000000018001f9c0 f i CctCharacterController.obj
 0001:0001e9e0       ?size@?$Array@UInternalBoxObstacle@ObstacleContext@Cct@physx@@VNamedAllocator@shdfnd@4@@shdfnd@physx@@QEBAIXZ 000000018001f9e0 f i CctCharacterController.obj
 0001:0001ea00       ?size@?$Array@UInternalCapsuleObstacle@ObstacleContext@Cct@physx@@VNamedAllocator@shdfnd@4@@shdfnd@physx@@QEBAIXZ 000000018001fa00 f i CctCharacterController.obj
 0001:0001ea20       ?size@?$Array@UPxExtendedCapsule@physx@@VNamedAllocator@shdfnd@2@@shdfnd@physx@@QEBAIXZ 000000018001fa20 f i CctCharacterController.obj
 0001:0001ea40       ?size@?$Array@VPxExtendedBox@physx@@VNamedAllocator@shdfnd@2@@shdfnd@physx@@QEBAIXZ 000000018001fa40 f i CctCharacterController.obj
 0001:0001ea60       ?size@?$Array@VPxTriangle@physx@@VNamedAllocator@shdfnd@2@@shdfnd@physx@@QEBAIXZ 000000018001fa60 f i CctCharacterController.obj
 0001:0001ea80       ?sqrt@intrinsics@physx@@YAMM@Z 000000018001fa80 f i CctCharacterController.obj
 0001:0001eaa0       ?testSlope@physx@@YA_NAEBVPxVec3@1@0M@Z 000000018001faa0 f i CctCharacterController.obj
 0001:0001eb20       ?toVec3@physx@@YA?AVPxVec3@1@AEBUPxExtendedVec3@1@@Z 000000018001fb20 f i CctCharacterController.obj
 0001:0001eb90       ?transform@PxTransform@physx@@QEBA?AV12@AEBV12@@Z 000000018001fb90 f i CctCharacterController.obj
 0001:0001ed60       ?transform@PxTransform@physx@@QEBA?AVPxVec3@2@AEBV32@@Z 000000018001fd60 f i CctCharacterController.obj
 0001:0001ee40       ?transformInv@PxTransform@physx@@QEBA?AVPxVec3@2@AEBV32@@Z 000000018001fe40 f i CctCharacterController.obj
 0001:0001ef10       fabsf                      000000018001ff10 f i CctCharacterController.obj
 0001:0001efc0       ?getSceneTimestamp@Cct@physx@@YAIPEBUInternalCBData_FindTouchedGeom@12@@Z 000000018001ffc0 f   CctCharacterControllerCallbacks.obj
 0001:0001f050       ?findTouchedGeometry@Cct@physx@@YAXPEBUInternalCBData_FindTouchedGeom@12@AEBUPxExtendedBounds3@2@AEAV?$Array@VPxTriangle@physx@@VNamedAllocator@shdfnd@2@@shdfnd@2@AEAV?$Array@IVNamedAllocator@shdfnd@physx@@@62@3AEBVCCTFilter@12@AEBUCCTParams@12@AEAG@Z 0000000180020050 f   CctCharacterControllerCallbacks.obj
 0001:0001f820       ?shapeHitCallback@Cct@physx@@YAIPEBUInternalCBData_OnHit@12@AEBUSweptContact@12@AEBVPxVec3@2@M@Z 0000000180020820 f   CctCharacterControllerCallbacks.obj
 0001:0001f950       ?userHitCallback@Cct@physx@@YAIPEBUInternalCBData_OnHit@12@AEBUSweptContact@12@AEBVPxVec3@2@M@Z 0000000180020950 f   CctCharacterControllerCallbacks.obj
 0001:00024f60       ??$PX_UNUSED@PEBUPxOverlapHit@physx@@@@YAXAEBQEBUPxOverlapHit@physx@@@Z 0000000180025f60 f i CctCharacterControllerCallbacks.obj
 0001:00024f70       ??$reserve@VPxTriangle@physx@@VNamedAllocator@shdfnd@2@@Cct@physx@@YAPEAVPxTriangle@1@AEAV?$Array@VPxTriangle@physx@@VNamedAllocator@shdfnd@2@@shdfnd@1@I@Z 0000000180025f70 f i CctCharacterControllerCallbacks.obj
 0001:00024fe0       ??0?$PxFlags@W4Enum@PxMeshGeometryFlag@physx@@E@physx@@QEAA@E@Z 0000000180025fe0 f i CctCharacterControllerCallbacks.obj
 0001:00025010       ??0?$PxFlags@W4Enum@PxMeshGeometryFlag@physx@@E@physx@@QEAA@XZ 0000000180026010 f i CctCharacterControllerCallbacks.obj
 0001:00025030       ??0?$PxHitBuffer@UPxOverlapHit@physx@@@physx@@QEAA@PEAUPxOverlapHit@1@I@Z 0000000180026030 f i CctCharacterControllerCallbacks.obj
 0001:00025080       ??0?$PxHitCallback@UPxOverlapHit@physx@@@physx@@QEAA@PEAUPxOverlapHit@1@I@Z 0000000180026080 f i CctCharacterControllerCallbacks.obj
 0001:00025110       ??0?$PxPadding@$02@physx@@QEAA@XZ 0000000180026110 f i CctCharacterControllerCallbacks.obj
 0001:00025160       ??0PxControllerHit@physx@@QEAA@XZ 0000000180026160 f i CctCharacterControllerCallbacks.obj
 0001:000251c0       ??0PxControllerObstacleHit@physx@@QEAA@XZ 00000001800261c0 f i CctCharacterControllerCallbacks.obj
 0001:000251f0       ??0PxControllerShapeHit@physx@@QEAA@XZ 00000001800261f0 f i CctCharacterControllerCallbacks.obj
 0001:00025220       ??0PxControllersHit@physx@@QEAA@XZ 0000000180026220 f i CctCharacterControllerCallbacks.obj
 0001:00025250       ??0PxConvexMeshGeometry@physx@@QEAA@XZ 0000000180026250 f i CctCharacterControllerCallbacks.obj
 0001:000252b0       ??0PxExtendedSphere@physx@@QEAA@XZ 00000001800262b0 f i CctCharacterControllerCallbacks.obj
 0001:000252e0       ??0PxHeightFieldGeometry@physx@@QEAA@XZ 00000001800262e0 f i CctCharacterControllerCallbacks.obj
 0001:00025390       ??0PxMat33@physx@@QEAA@AEBVPxVec3@1@00@Z 0000000180026390 f i CctCharacterControllerCallbacks.obj
 0001:00025410       ??0PxMat44@physx@@QEAA@AEBVPxMat33@1@AEBVPxVec3@1@@Z 0000000180026410 f i CctCharacterControllerCallbacks.obj
 0001:000254c0       ??0PxMeshScale@physx@@QEAA@M@Z 00000001800264c0 f i CctCharacterControllerCallbacks.obj
 0001:00025510       ??0PxMeshScale@physx@@QEAA@XZ 0000000180026510 f i CctCharacterControllerCallbacks.obj
 0001:00025560       ??0PxOverlapHit@physx@@QEAA@XZ 0000000180026560 f i CctCharacterControllerCallbacks.obj
 0001:00025590       ??0PxPlane@physx@@QEAA@AEBVPxVec3@1@M@Z 0000000180026590 f i CctCharacterControllerCallbacks.obj
 0001:000255e0       ??0PxPlane@physx@@QEAA@MMMM@Z 00000001800265e0 f i CctCharacterControllerCallbacks.obj
 0001:00025650       ??0PxQueryFilterData@physx@@QEAA@$$QEAU01@@Z 0000000180026650 f i CctCharacterControllerCallbacks.obj
 0001:000256c0       ??0PxQueryFilterData@physx@@QEAA@V?$PxFlags@W4Enum@PxQueryFlag@physx@@G@1@@Z 00000001800266c0 f i CctCharacterControllerCallbacks.obj
 0001:00025720       ??0PxTransform@physx@@QEAA@AEBVPxVec3@1@@Z 0000000180026720 f i CctCharacterControllerCallbacks.obj
 0001:00025770       ??0PxTriangle@physx@@QEAA@AEBV01@@Z 0000000180026770 f i CctCharacterControllerCallbacks.obj
 0001:00025870       ??0PxTriangle@physx@@QEAA@AEBVPxVec3@1@00@Z 0000000180026870 f i CctCharacterControllerCallbacks.obj
 0001:00025940       ??0PxTriangle@physx@@QEAA@XZ 0000000180026940 f i CctCharacterControllerCallbacks.obj
 0001:00025980       ??0PxTriangleMeshGeometry@physx@@QEAA@XZ 0000000180026980 f i CctCharacterControllerCallbacks.obj
 0001:00025a00       ??0PxVec4@physx@@QEAA@AEBVPxVec3@1@M@Z 0000000180026a00 f i CctCharacterControllerCallbacks.obj
 0001:00025a80       ??0PxVec4@physx@@QEAA@MMMM@Z 0000000180026a80 f i CctCharacterControllerCallbacks.obj
 0001:00025b00       ??0TessParams@@QEAA@XZ     0000000180026b00 f i CctCharacterControllerCallbacks.obj
 0001:00025b50       ??1?$PxHitBuffer@UPxOverlapHit@physx@@@physx@@UEAA@XZ 0000000180026b50 f i CctCharacterControllerCallbacks.obj
 0001:00025b80       ??1?$PxHitCallback@UPxOverlapHit@physx@@@physx@@UEAA@XZ 0000000180026b80 f i CctCharacterControllerCallbacks.obj
 0001:00025ba0       ??1PxExtendedSphere@physx@@QEAA@XZ 0000000180026ba0 f i CctCharacterControllerCallbacks.obj
 0001:00025bb0       ??APxVec3@physx@@QEBAAEBMH@Z 0000000180026bb0 f i CctCharacterControllerCallbacks.obj
 0001:00025c50       ??DPxMat33@physx@@QEBA?AV01@AEBV01@@Z 0000000180026c50 f i CctCharacterControllerCallbacks.obj
 0001:00025d10       ??DPxVec4@physx@@QEBA?AV01@M@Z 0000000180026d10 f i CctCharacterControllerCallbacks.obj
 0001:00025db0       ??HPxVec4@physx@@QEBA?AV01@AEBV01@@Z 0000000180026db0 f i CctCharacterControllerCallbacks.obj
 0001:00025e60       ??_E?$PxHitBuffer@UPxOverlapHit@physx@@@physx@@UEAAPEAXI@Z 0000000180026e60 f i CctCharacterControllerCallbacks.obj
 0001:00025e60       ??_G?$PxHitBuffer@UPxOverlapHit@physx@@@physx@@UEAAPEAXI@Z 0000000180026e60 f i CctCharacterControllerCallbacks.obj
 0001:00025eb0       ??_E?$PxHitCallback@UPxOverlapHit@physx@@@physx@@UEAAPEAXI@Z 0000000180026eb0 f i CctCharacterControllerCallbacks.obj
 0001:00025eb0       ??_G?$PxHitCallback@UPxOverlapHit@physx@@@physx@@UEAAPEAXI@Z 0000000180026eb0 f i CctCharacterControllerCallbacks.obj
 0001:00025f00       ?PxPlaneEquationFromTransform@physx@@YA?AVPxPlane@1@AEBVPxTransform@1@@Z 0000000180026f00 f i CctCharacterControllerCallbacks.obj
 0001:00025f60       ?allocate@?$Array@VPxTriangle@physx@@VNamedAllocator@shdfnd@2@@shdfnd@physx@@IEAAPEAVPxTriangle@3@I@Z 0000000180026f60 f i CctCharacterControllerCallbacks.obj
 0001:00026010       ?begin@?$Array@VPxTriangle@physx@@VNamedAllocator@shdfnd@2@@shdfnd@physx@@QEAAPEAVPxTriangle@3@XZ 0000000180027010 f i CctCharacterControllerCallbacks.obj
 0001:00026030       ?capacityIncrement@?$Array@IVNamedAllocator@shdfnd@physx@@@shdfnd@physx@@IEBAIXZ 0000000180027030 f i CctCharacterControllerCallbacks.obj
 0001:00026080       ?capacityIncrement@?$Array@VPxTriangle@physx@@VNamedAllocator@shdfnd@2@@shdfnd@physx@@IEBAIXZ 0000000180027080 f i CctCharacterControllerCallbacks.obj
 0001:000260d0       ?centerExtents@PxBounds3@physx@@SA?AV12@AEBVPxVec3@2@0@Z 00000001800270d0 f i CctCharacterControllerCallbacks.obj
 0001:00026150       ?computeBasis@shdfnd@physx@@YAXAEBVPxVec3@2@AEAV32@1@Z 0000000180027150 f i CctCharacterControllerCallbacks.obj
 0001:00026240       ?copy@?$Array@VPxTriangle@physx@@VNamedAllocator@shdfnd@2@@shdfnd@physx@@KAXPEAVPxTriangle@3@0PEBV43@@Z 0000000180027240 f i CctCharacterControllerCallbacks.obj
 0001:000262e0       ?decodeIndex@Cct@physx@@YAII@Z 00000001800272e0 f i CctCharacterControllerCallbacks.obj
 0001:000262f0       ?decodeType@Cct@physx@@YA?AW4UserObjectType@12@I@Z 00000001800272f0 f i CctCharacterControllerCallbacks.obj
 0001:00026310       ?distance@PxPlane@physx@@QEBAMAEBVPxVec3@2@@Z 0000000180027310 f i CctCharacterControllerCallbacks.obj
 0001:00026350       ?finalizeQuery@?$PxHitCallback@UPxOverlapHit@physx@@@physx@@UEAAXXZ 0000000180027350 f i CctCharacterControllerCallbacks.obj
 0001:00026360       ?getAnyHit@?$PxHitBuffer@UPxOverlapHit@physx@@@physx@@QEBAAEBUPxOverlapHit@2@I@Z 0000000180027360 f i CctCharacterControllerCallbacks.obj
 0001:00026450       ?getNbAnyHits@?$PxHitBuffer@UPxOverlapHit@physx@@@physx@@QEBAIXZ 0000000180027450 f i CctCharacterControllerCallbacks.obj
 0001:00026480       ?getNbTouches@?$PxHitBuffer@UPxOverlapHit@physx@@@physx@@QEBAIXZ 0000000180027480 f i CctCharacterControllerCallbacks.obj
 0001:000264a0       ?getPosition@PxMat44@physx@@QEBA?AVPxVec3@2@XZ 00000001800274a0 f i CctCharacterControllerCallbacks.obj
 0001:000264e0       ?getResults@PxMeshOverlapUtil@physx@@QEBAPEBIXZ 00000001800274e0 f i CctCharacterControllerCallbacks.obj
 0001:00026500       ?getTouches@?$PxHitBuffer@UPxOverlapHit@physx@@@physx@@QEBAPEBUPxOverlapHit@2@XZ 0000000180027500 f i CctCharacterControllerCallbacks.obj
 0001:00026520       ?getTranspose@PxMat33@physx@@QEBA?AV12@XZ 0000000180027520 f i CctCharacterControllerCallbacks.obj
 0001:00026600       ?getXYZ@PxVec4@physx@@QEBA?AVPxVec3@2@XZ 0000000180027600 f i CctCharacterControllerCallbacks.obj
 0001:00026650       ?grow@?$Array@VPxTriangle@physx@@VNamedAllocator@shdfnd@2@@shdfnd@physx@@IEAAXI@Z 0000000180027650 f i CctCharacterControllerCallbacks.obj
 0001:000266f0       ?growAndPushBack@?$Array@IVNamedAllocator@shdfnd@physx@@@shdfnd@physx@@IEAAAEAIAEBI@Z 00000001800276f0 f i CctCharacterControllerCallbacks.obj
 0001:00026900       ?growAndPushBack@?$Array@VPxTriangle@physx@@VNamedAllocator@shdfnd@2@@shdfnd@physx@@IEAAAEAVPxTriangle@3@AEBV43@@Z 0000000180027900 f i CctCharacterControllerCallbacks.obj
 0001:00026b10       ?processTouches@?$PxHitBuffer@UPxOverlapHit@physx@@@physx@@MEAA_NPEBUPxOverlapHit@2@I@Z 0000000180027b10 f i CctCharacterControllerCallbacks.obj
 0001:00026b50       ?project@PxPlane@physx@@QEBA?AVPxVec3@2@AEBV32@@Z 0000000180027b50 f i CctCharacterControllerCallbacks.obj
 0001:00026bc0       ?pushBack@?$Array@IVNamedAllocator@shdfnd@physx@@@shdfnd@physx@@QEAAAEAIAEBI@Z 0000000180027bc0 f i CctCharacterControllerCallbacks.obj
 0001:00026cb0       ?pushBack@?$Array@VPxTriangle@physx@@VNamedAllocator@shdfnd@2@@shdfnd@physx@@QEAAAEAVPxTriangle@3@AEBV43@@Z 0000000180027cb0 f i CctCharacterControllerCallbacks.obj
 0001:00026da0       ?recreate@?$Array@VPxTriangle@physx@@VNamedAllocator@shdfnd@2@@shdfnd@physx@@IEAAXI@Z 0000000180027da0 f i CctCharacterControllerCallbacks.obj
 0001:00026f00       ?reserve@?$Array@VPxTriangle@physx@@VNamedAllocator@shdfnd@2@@shdfnd@physx@@QEAAXI@Z 0000000180027f00 f i CctCharacterControllerCallbacks.obj
 0001:00026f40       ?resizeUninitialized@?$Array@VPxTriangle@physx@@VNamedAllocator@shdfnd@2@@shdfnd@physx@@QEAAXI@Z 0000000180027f40 f i CctCharacterControllerCallbacks.obj
 0001:00026f80       ?rotate@PxMat44@physx@@QEBA?BVPxVec3@2@AEBV32@@Z 0000000180027f80 f i CctCharacterControllerCallbacks.obj
 0001:00026ff0       ?rotate@PxMat44@physx@@QEBA?BVPxVec4@2@AEBV32@@Z 0000000180027ff0 f i CctCharacterControllerCallbacks.obj
 0001:000270e0       ?rotate@PxTransform@physx@@QEBA?AVPxVec3@2@AEBV32@@Z 00000001800280e0 f i CctCharacterControllerCallbacks.obj
 0001:00027190       ?toMat33@PxMeshScale@physx@@QEBA?AVPxMat33@2@XZ 0000000180028190 f i CctCharacterControllerCallbacks.obj
 0001:00027280       ?transform@PxMat33@physx@@QEBA?AVPxVec3@2@AEBV32@@Z 0000000180028280 f i CctCharacterControllerCallbacks.obj
 0001:00027360       ?transform@PxTransform@physx@@QEBA?AVPxPlane@2@AEBV32@@Z 0000000180028360 f i CctCharacterControllerCallbacks.obj
 0001:00027470       PxCreateControllerManager  0000000180028470 f   CctCharacterControllerManager.obj
 0001:00027500       ??0CharacterControllerManager@Cct@physx@@QEAA@AEAVPxScene@2@_N@Z 0000000180028500 f   CctCharacterControllerManager.obj
 0001:000276e0       ??1CharacterControllerManager@Cct@physx@@UEAA@XZ 00000001800286e0 f   CctCharacterControllerManager.obj
 0001:000277f0       ?release@CharacterControllerManager@Cct@physx@@UEAAXXZ 00000001800287f0 f   CctCharacterControllerManager.obj
 0001:000278d0       ?getScene@CharacterControllerManager@Cct@physx@@UEBAAEAVPxScene@3@XZ 00000001800288d0 f   CctCharacterControllerManager.obj
 0001:000278f0       ?getNbControllers@CharacterControllerManager@Cct@physx@@UEBAIXZ 00000001800288f0 f   CctCharacterControllerManager.obj
 0001:00027920       ?getController@CharacterControllerManager@Cct@physx@@UEAAPEAVPxController@3@I@Z 0000000180028920 f   CctCharacterControllerManager.obj
 0001:00027a20       ?createController@CharacterControllerManager@Cct@physx@@UEAAPEAVPxController@3@AEBVPxControllerDesc@3@@Z 0000000180028a20 f   CctCharacterControllerManager.obj
 0001:00027db0       ?purgeControllers@CharacterControllerManager@Cct@physx@@UEAAXXZ 0000000180028db0 f   CctCharacterControllerManager.obj
 0001:00027e20       ?getRenderBuffer@CharacterControllerManager@Cct@physx@@UEAAAEAVPxRenderBuffer@3@XZ 0000000180028e20 f   CctCharacterControllerManager.obj
 0001:00027eb0       ?setDebugRenderingFlags@CharacterControllerManager@Cct@physx@@UEAAXV?$PxFlags@W4Enum@PxControllerDebugRenderFlag@physx@@I@3@@Z 0000000180028eb0 f   CctCharacterControllerManager.obj
 0001:00027f50       ?getNbObstacleContexts@CharacterControllerManager@Cct@physx@@UEBAIXZ 0000000180028f50 f   CctCharacterControllerManager.obj
 0001:00027f80       ?getObstacleContext@CharacterControllerManager@Cct@physx@@UEAAPEAVPxObstacleContext@3@I@Z 0000000180028f80 f   CctCharacterControllerManager.obj
 0001:00028060       ?createObstacleContext@CharacterControllerManager@Cct@physx@@UEAAPEAVPxObstacleContext@3@XZ 0000000180029060 f   CctCharacterControllerManager.obj
 0001:00028100       ?computeInteractions@CharacterControllerManager@Cct@physx@@UEAAXMPEAVPxControllerFilterCallback@3@@Z 0000000180029100 f   CctCharacterControllerManager.obj
 0001:00028490       ?setTessellation@CharacterControllerManager@Cct@physx@@UEAAX_NM@Z 0000000180029490 f   CctCharacterControllerManager.obj
 0001:000284d0       ?setOverlapRecoveryModule@CharacterControllerManager@Cct@physx@@UEAAX_N@Z 00000001800294d0 f   CctCharacterControllerManager.obj
 0001:000284f0       ?setPreciseSweeps@CharacterControllerManager@Cct@physx@@UEAAX_N@Z 00000001800294f0 f   CctCharacterControllerManager.obj
 0001:00028510       ?setPreventVerticalSlidingAgainstCeiling@CharacterControllerManager@Cct@physx@@UEAAX_N@Z 0000000180029510 f   CctCharacterControllerManager.obj
 0001:00028530       ?shiftOrigin@CharacterControllerManager@Cct@physx@@UEAAXAEBVPxVec3@3@@Z 0000000180029530 f   CctCharacterControllerManager.obj
 0001:000286e0       ?onObstacleRemoved@CharacterControllerManager@Cct@physx@@QEBAXI@Z 00000001800296e0 f   CctCharacterControllerManager.obj
 0001:00028750       ?onObstacleUpdated@CharacterControllerManager@Cct@physx@@QEBAXIPEBVPxObstacleContext@3@@Z 0000000180029750 f   CctCharacterControllerManager.obj
 0001:00028890       ?onObstacleAdded@CharacterControllerManager@Cct@physx@@QEBAXIPEBVPxObstacleContext@3@@Z 0000000180029890 f   CctCharacterControllerManager.obj
 0001:000289d0       ?releaseController@CharacterControllerManager@Cct@physx@@QEAAXAEAVPxController@3@@Z 00000001800299d0 f   CctCharacterControllerManager.obj
 0001:00028c70       ?getControllers@CharacterControllerManager@Cct@physx@@QEAAPEAPEAVController@23@XZ 0000000180029c70 f   CctCharacterControllerManager.obj
 0001:00028ca0       ?releaseObstacleContext@CharacterControllerManager@Cct@physx@@QEAAXAEAVObstacleContext@23@@Z 0000000180029ca0 f   CctCharacterControllerManager.obj
 0001:00028dc0       ?resetObstaclesBuffers@CharacterControllerManager@Cct@physx@@QEAAXXZ 0000000180029dc0 f   CctCharacterControllerManager.obj
 0001:0002bfe0       ??$?2V?$ReflectionAllocator@VBoxController@Cct@physx@@@shdfnd@physx@@@UserAllocated@shdfnd@physx@@SAPEAX_KV?$ReflectionAllocator@VBoxController@Cct@physx@@@12@PEBDH@Z 000000018002cfe0 f i CctCharacterControllerManager.obj
 0001:0002c030       ??$?2V?$ReflectionAllocator@VCapsuleController@Cct@physx@@@shdfnd@physx@@@UserAllocated@shdfnd@physx@@SAPEAX_KV?$ReflectionAllocator@VCapsuleController@Cct@physx@@@12@PEBDH@Z 000000018002d030 f i CctCharacterControllerManager.obj
 0001:0002c080       ??$?2V?$ReflectionAllocator@VCharacterControllerManager@Cct@physx@@@shdfnd@physx@@@UserAllocated@shdfnd@physx@@SAPEAX_KV?$ReflectionAllocator@VCharacterControllerManager@Cct@physx@@@12@PEBDH@Z 000000018002d080 f i CctCharacterControllerManager.obj
 0001:0002c0d0       ??$?2V?$ReflectionAllocator@VObstacleContext@Cct@physx@@@shdfnd@physx@@@UserAllocated@shdfnd@physx@@SAPEAX_KV?$ReflectionAllocator@VObstacleContext@Cct@physx@@@12@PEBDH@Z 000000018002d0d0 f i CctCharacterControllerManager.obj
 0001:0002c120       ??$?2V?$ReflectionAllocator@VRenderBuffer@Cm@physx@@@shdfnd@physx@@@UserAllocated@shdfnd@physx@@SAPEAX_KV?$ReflectionAllocator@VRenderBuffer@Cm@physx@@@12@PEBDH@Z 000000018002d120 f i CctCharacterControllerManager.obj
 0001:0002c170       ??$append@UPxDebugLine@physx@@@RenderBuffer@Cm@physx@@AEAAXAEAV?$Array@UPxDebugLine@physx@@VNamedAllocator@shdfnd@2@@shdfnd@2@PEBUPxDebugLine@2@I@Z 000000018002d170 f i CctCharacterControllerManager.obj
 0001:0002c210       ??$append@UPxDebugPoint@physx@@@RenderBuffer@Cm@physx@@AEAAXAEAV?$Array@UPxDebugPoint@physx@@VNamedAllocator@shdfnd@2@@shdfnd@2@PEBUPxDebugPoint@2@I@Z 000000018002d210 f i CctCharacterControllerManager.obj
 0001:0002c2b0       ??$append@UPxDebugText@physx@@@RenderBuffer@Cm@physx@@AEAAXAEAV?$Array@UPxDebugText@physx@@VNamedAllocator@shdfnd@2@@shdfnd@2@PEBUPxDebugText@2@I@Z 000000018002d2b0 f i CctCharacterControllerManager.obj
 0001:0002c350       ??$append@UPxDebugTriangle@physx@@@RenderBuffer@Cm@physx@@AEAAXAEAV?$Array@UPxDebugTriangle@physx@@VNamedAllocator@shdfnd@2@@shdfnd@2@PEBUPxDebugTriangle@2@I@Z 000000018002d350 f i CctCharacterControllerManager.obj
 0001:0002c3f0       ??$resetOrClear@V?$Array@PEBXVNamedAllocator@shdfnd@physx@@@shdfnd@physx@@@@YAXAEAV?$Array@PEBXVNamedAllocator@shdfnd@physx@@@shdfnd@physx@@@Z 000000018002d3f0 f i CctCharacterControllerManager.obj
 0001:0002c470       ??$resetOrClear@V?$Array@UPxExtendedCapsule@physx@@VNamedAllocator@shdfnd@2@@shdfnd@physx@@@@YAXAEAV?$Array@UPxExtendedCapsule@physx@@VNamedAllocator@shdfnd@2@@shdfnd@physx@@@Z 000000018002d470 f i CctCharacterControllerManager.obj
 0001:0002c4f0       ??$resetOrClear@V?$Array@VPxExtendedBox@physx@@VNamedAllocator@shdfnd@2@@shdfnd@physx@@@@YAXAEAV?$Array@VPxExtendedBox@physx@@VNamedAllocator@shdfnd@2@@shdfnd@physx@@@Z 000000018002d4f0 f i CctCharacterControllerManager.obj
 0001:0002c570       ??$swap@PEAVController@Cct@physx@@@shdfnd@physx@@YAXAEAPEAVController@Cct@1@0@Z 000000018002d570 f i CctCharacterControllerManager.obj
 0001:0002c5c0       ??0?$Array@DVNamedAllocator@shdfnd@physx@@@shdfnd@physx@@QEAA@AEBVNamedAllocator@12@@Z 000000018002d5c0 f i CctCharacterControllerManager.obj
 0001:0002c620       ??0?$Array@PEAVController@Cct@physx@@VNamedAllocator@shdfnd@3@@shdfnd@physx@@QEAA@AEBVNamedAllocator@12@@Z 000000018002d620 f i CctCharacterControllerManager.obj
 0001:0002c680       ??0?$Array@PEAVObstacleContext@Cct@physx@@VNamedAllocator@shdfnd@3@@shdfnd@physx@@QEAA@AEBVNamedAllocator@12@@Z 000000018002d680 f i CctCharacterControllerManager.obj
 0001:0002c6e0       ??0?$Array@PEBXVNamedAllocator@shdfnd@physx@@@shdfnd@physx@@QEAA@AEBVNamedAllocator@12@@Z 000000018002d6e0 f i CctCharacterControllerManager.obj
 0001:0002c740       ??0?$Array@UPxDebugLine@physx@@VNamedAllocator@shdfnd@2@@shdfnd@physx@@QEAA@AEBVNamedAllocator@12@@Z 000000018002d740 f i CctCharacterControllerManager.obj
 0001:0002c7a0       ??0?$Array@UPxDebugPoint@physx@@VNamedAllocator@shdfnd@2@@shdfnd@physx@@QEAA@AEBVNamedAllocator@12@@Z 000000018002d7a0 f i CctCharacterControllerManager.obj
 0001:0002c800       ??0?$Array@UPxDebugText@physx@@VNamedAllocator@shdfnd@2@@shdfnd@physx@@QEAA@AEBVNamedAllocator@12@@Z 000000018002d800 f i CctCharacterControllerManager.obj
 0001:0002c860       ??0?$Array@UPxDebugTriangle@physx@@VNamedAllocator@shdfnd@2@@shdfnd@physx@@QEAA@AEBVNamedAllocator@12@@Z 000000018002d860 f i CctCharacterControllerManager.obj
 0001:0002c8c0       ??0?$Array@UPxExtendedCapsule@physx@@VNamedAllocator@shdfnd@2@@shdfnd@physx@@QEAA@AEBVNamedAllocator@12@@Z 000000018002d8c0 f i CctCharacterControllerManager.obj
 0001:0002c920       ??0?$Array@VPxExtendedBox@physx@@VNamedAllocator@shdfnd@2@@shdfnd@physx@@QEAA@AEBVNamedAllocator@12@@Z 000000018002d920 f i CctCharacterControllerManager.obj
 0001:0002c980       ??0?$HashBase@PEAVPxShape@physx@@PEAV12@U?$Hash@PEAVPxShape@physx@@@shdfnd@2@UGetKey@?$HashSetBase@PEAVPxShape@physx@@U?$Hash@PEAVPxShape@physx@@@shdfnd@2@VAllocator@42@$0A@@internal@42@VAllocator@42@$0A@@internal@shdfnd@physx@@QEAA@IM@Z 000000018002d980 f i CctCharacterControllerManager.obj
 0001:0002c9e0       ??0?$HashSet@PEAVPxShape@physx@@U?$Hash@PEAVPxShape@physx@@@shdfnd@2@VAllocator@42@@shdfnd@physx@@QEAA@IM@Z 000000018002d9e0 f i CctCharacterControllerManager.obj
 0001:0002ca20       ??0?$HashSetBase@PEAVPxShape@physx@@U?$Hash@PEAVPxShape@physx@@@shdfnd@2@VAllocator@42@$0A@@internal@shdfnd@physx@@QEAA@IM@Z 000000018002da20 f i CctCharacterControllerManager.obj
 0001:0002ca70       ??0?$PxFlags@W4Enum@PxControllerDebugRenderFlag@physx@@I@physx@@QEAA@I@Z 000000018002da70 f i CctCharacterControllerManager.obj
 0001:0002ca90       ??0?$ReflectionAllocator@VBoxController@Cct@physx@@@shdfnd@physx@@QEAA@PEBD@Z 000000018002da90 f i CctCharacterControllerManager.obj
 0001:0002cab0       ??0?$ReflectionAllocator@VCapsuleController@Cct@physx@@@shdfnd@physx@@QEAA@PEBD@Z 000000018002dab0 f i CctCharacterControllerManager.obj
 0001:0002cad0       ??0?$ReflectionAllocator@VCharacterControllerManager@Cct@physx@@@shdfnd@physx@@QEAA@PEBD@Z 000000018002dad0 f i CctCharacterControllerManager.obj
 0001:0002caf0       ??0?$ReflectionAllocator@VObstacleContext@Cct@physx@@@shdfnd@physx@@QEAA@PEBD@Z 000000018002daf0 f i CctCharacterControllerManager.obj
 0001:0002cb10       ??0?$ReflectionAllocator@VRenderBuffer@Cm@physx@@@shdfnd@physx@@QEAA@PEBD@Z 000000018002db10 f i CctCharacterControllerManager.obj
 0001:0002cb30       ??0Axes@Gu@physx@@QEAA@W4AxisOrder@12@@Z 000000018002db30 f i CctCharacterControllerManager.obj
 0001:0002cb90       ??0PxDebugLine@physx@@QEAA@AEBU01@@Z 000000018002db90 f i CctCharacterControllerManager.obj
 0001:0002cc10       ??0PxDebugPoint@physx@@QEAA@AEBU01@@Z 000000018002dc10 f i CctCharacterControllerManager.obj
 0001:0002cc60       ??0PxDebugText@physx@@QEAA@AEBU01@@Z 000000018002dc60 f i CctCharacterControllerManager.obj
 0001:0002cce0       ??0PxDebugTriangle@physx@@QEAA@AEBU01@@Z 000000018002dce0 f i CctCharacterControllerManager.obj
 0001:0002cda0       ??0PxRenderBuffer@physx@@QEAA@XZ 000000018002dda0 f i CctCharacterControllerManager.obj
 0001:0002cdc0       ??0RenderBuffer@Cm@physx@@QEAA@XZ 000000018002ddc0 f i CctCharacterControllerManager.obj
 0001:0002cf40       ??1?$Array@DVNamedAllocator@shdfnd@physx@@@shdfnd@physx@@QEAA@XZ 000000018002df40 f i CctCharacterControllerManager.obj
 0001:0002cfc0       ??1?$Array@PEAVController@Cct@physx@@VNamedAllocator@shdfnd@3@@shdfnd@physx@@QEAA@XZ 000000018002dfc0 f i CctCharacterControllerManager.obj
 0001:0002d050       ??1?$Array@PEAVObstacleContext@Cct@physx@@VNamedAllocator@shdfnd@3@@shdfnd@physx@@QEAA@XZ 000000018002e050 f i CctCharacterControllerManager.obj
 0001:0002d0e0       ??1?$Array@PEBXVNamedAllocator@shdfnd@physx@@@shdfnd@physx@@QEAA@XZ 000000018002e0e0 f i CctCharacterControllerManager.obj
 0001:0002d170       ??1?$Array@UPxDebugLine@physx@@VNamedAllocator@shdfnd@2@@shdfnd@physx@@QEAA@XZ 000000018002e170 f i CctCharacterControllerManager.obj
 0001:0002d200       ??1?$Array@UPxDebugPoint@physx@@VNamedAllocator@shdfnd@2@@shdfnd@physx@@QEAA@XZ 000000018002e200 f i CctCharacterControllerManager.obj
 0001:0002d290       ??1?$Array@UPxDebugText@physx@@VNamedAllocator@shdfnd@2@@shdfnd@physx@@QEAA@XZ 000000018002e290 f i CctCharacterControllerManager.obj
 0001:0002d320       ??1?$Array@UPxDebugTriangle@physx@@VNamedAllocator@shdfnd@2@@shdfnd@physx@@QEAA@XZ 000000018002e320 f i CctCharacterControllerManager.obj
[...]
 0003:00001c10       ?nodes@?1??make@DNameStatusNode@@SAPEAV2@W4DNameStatus@@@Z@4PAV2@A 0000000180126c10     libvcruntimed:undname.obj
 0003:00001c5c       ??_B?1??make@DNameStatusNode@@SAPEAV1@W4DNameStatus@@@Z@51 0000000180126c5c     libvcruntimed:undname.obj
 0003:00001e00       _pfnDumpClient             0000000180126e00     libucrtd:debug_heap.obj
 0003:00001e20       _environ_table             0000000180126e20     libucrtd:environment_initialization.obj
 0003:00001e28       _wenviron_table            0000000180126e28     libucrtd:environment_initialization.obj
 0003:00001e38       __dcrt_initial_wide_environment 0000000180126e38     libucrtd:environment_initialization.obj
 0003:00001e48       __dcrt_initial_narrow_environment 0000000180126e48     libucrtd:environment_initialization.obj
 0003:00001e58       __acrt_atexit_table        0000000180126e58     libucrtd:onexit.obj
 0003:00001e78       __acrt_at_quick_exit_table 0000000180126e78     libucrtd:onexit.obj
 0003:00002138       __acrt_locale_changed_data 0000000180127138     libucrtd:wsetlocale.obj
 0003:00002140       __acrt_current_locale_data 0000000180127140     libucrtd:nlsdata.obj
 0003:00002150       __acrt_heap                0000000180127150     libucrtd:heap_handle.obj
 0003:00002160       _pfnReportHook             0000000180127160     libucrtd:dbgrptt.obj
 0003:00002168       _pReportHookList           0000000180127168     libucrtd:dbgrptt.obj
 0003:00002170       _pReportHookListW          0000000180127170     libucrtd:dbgrptt.obj
 0003:000023b8       __mbcodepage               00000001801273b8     libucrtd:mbctype.obj
 0003:000023bc       __ismbcodepage             00000001801273bc     libucrtd:mbctype.obj
 0003:000023c0       __mbulinfo                 00000001801273c0     libucrtd:mbctype.obj
 0003:000023d8       __mblocalename             00000001801273d8     libucrtd:mbctype.obj
 0003:000023f0       __pioinfo                  00000001801273f0     libucrtd:ioinit.obj
 0003:000028bc       _nhandle                   00000001801278bc     libucrtd:ioinit.obj
 0003:000028c0       __argc                     00000001801278c0     libucrtd:argv_data.obj
 0003:000028c8       __argv                     00000001801278c8     libucrtd:argv_data.obj
 0003:000028d8       __wargv                    00000001801278d8     libucrtd:argv_data.obj
 0003:000028e8       _acmdln                    00000001801278e8     libucrtd:argv_data.obj
 0003:000028f8       _wcmdln                    00000001801278f8     libucrtd:argv_data.obj
 0003:00002908       _pgmptr                    0000000180127908     libucrtd:argv_data.obj
 0003:00002918       _wpgmptr                   0000000180127918     libucrtd:argv_data.obj
 0003:00002938       __acrt_stdout_buffer       0000000180127938     libucrtd:_sftbuf.obj
 0003:00002948       __acrt_stderr_buffer       0000000180127948     libucrtd:_sftbuf.obj
 0003:00002958       _nstream                   0000000180127958     libucrtd:_file.obj
 0003:00002960       __piob                     0000000180127960     libucrtd:_file.obj
 0003:0000296c       _cflush                    000000018012796c     libucrtd:_file.obj
 0003:000030e3       __acrt_lconv_static_null   00000001801280e3     libucrtd:localeconv.obj
 0003:000030e4       __acrt_lconv_static_W_null 00000001801280e4     libucrtd:localeconv.obj
 0003:000030ec       __fma3_is_available        00000001801280ec     libucrtd:fma3_available.obj
 0003:000030f0       __use_fma3_lib             00000001801280f0     libucrtd:fma3_available.obj
 0003:000030f8       ?g_OutOfMemoryExceptionCallback@@3P6APEAXXZEA 00000001801280f8     libvcruntimed:frame.obj
 0003:00003104       __scrt_ucrt_dll_is_in_use  0000000180128104     <common>
 0003:00003110       __dyn_tls_init_callback    0000000180128110     <common>
 0005:00000000       __imp_SystemFunction036    0000000180134000     advapi32:ADVAPI32.dll
 0005:00000008       \177ADVAPI32_NULL_THUNK_DATA 0000000180134008     advapi32:ADVAPI32.dll
 0005:00000060       __imp_RtlPcToFileHeader    0000000180134060     kernel32:KERNEL32.dll
 0005:00000068       __imp_TerminateProcess     0000000180134068     kernel32:KERNEL32.dll
 0005:00000070       __imp_CreateFileW          0000000180134070     kernel32:KERNEL32.dll
 0005:00000078       __imp_SetFilePointerEx     0000000180134078     kernel32:KERNEL32.dll
 0005:00000080       __imp_GetConsoleMode       0000000180134080     kernel32:KERNEL32.dll
 0005:00000088       __imp_GetConsoleCP         0000000180134088     kernel32:KERNEL32.dll
 0005:00000090       __imp_FlushFileBuffers     0000000180134090     kernel32:KERNEL32.dll
 0005:00000098       __imp_SetStdHandle         0000000180134098     kernel32:KERNEL32.dll
 0005:000000a0       __imp_GetStringTypeW       00000001801340a0     kernel32:KERNEL32.dll
 0005:000000a8       __imp_GetCommandLineW      00000001801340a8     kernel32:KERNEL32.dll
 0005:000000b0       __imp_GetCommandLineA      00000001801340b0     kernel32:KERNEL32.dll
 0005:000000b8       __imp_SetEnvironmentVariableW 00000001801340b8     kernel32:KERNEL32.dll
 0005:000000c0       __imp_SetEnvironmentVariableA 00000001801340c0     kernel32:KERNEL32.dll
 0005:000000c8       __imp_FreeEnvironmentStringsW 00000001801340c8     kernel32:KERNEL32.dll
 0005:000000d0       __imp_GetEnvironmentStringsW 00000001801340d0     kernel32:KERNEL32.dll
 0005:000000d8       __imp_GetCPInfo            00000001801340d8     kernel32:KERNEL32.dll
 0005:000000e0       __imp_GetOEMCP             00000001801340e0     kernel32:KERNEL32.dll
 0005:000000e8       __imp_IsValidCodePage      00000001801340e8     kernel32:KERNEL32.dll
 0005:000000f0       __imp_EnumSystemLocalesW   00000001801340f0     kernel32:KERNEL32.dll
 0005:000000f8       __imp_GetUserDefaultLCID   00000001801340f8     kernel32:KERNEL32.dll
 0005:00000100       __imp_IsValidLocale        0000000180134100     kernel32:KERNEL32.dll
 0005:00000108       __imp_GetLocaleInfoW       0000000180134108     kernel32:KERNEL32.dll
 0005:00000110       __imp_LCMapStringW         0000000180134110     kernel32:KERNEL32.dll
 0005:00000118       __imp_CompareStringW       0000000180134118     kernel32:KERNEL32.dll
 0005:00000120       __imp_GetTimeFormatW       0000000180134120     kernel32:KERNEL32.dll
 0005:00000128       __imp_GetDateFormatW       0000000180134128     kernel32:KERNEL32.dll
 0005:00000130       __imp_SetConsoleCtrlHandler 0000000180134130     kernel32:KERNEL32.dll
 0005:00000138       __imp_CreateThread         0000000180134138     kernel32:KERNEL32.dll
 0005:00000140       __imp_WaitForSingleObjectEx 0000000180134140     kernel32:KERNEL32.dll
 0005:00000148       __imp_CloseHandle          0000000180134148     kernel32:KERNEL32.dll
 0005:00000150       __imp_WriteConsoleW        0000000180134150     kernel32:KERNEL32.dll
 0005:00000158       __imp_OutputDebugStringW   0000000180134158     kernel32:KERNEL32.dll
 0005:00000160       __imp_OutputDebugStringA   0000000180134160     kernel32:KERNEL32.dll
 0005:00000168       __imp_WriteFile            0000000180134168     kernel32:KERNEL32.dll
 0005:00000170       __imp_GetFileType          0000000180134170     kernel32:KERNEL32.dll
 0005:00000178       __imp_GetStdHandle         0000000180134178     kernel32:KERNEL32.dll
 0005:00000180       __imp_GetACP               0000000180134180     kernel32:KERNEL32.dll
 0005:00000188       __imp_HeapQueryInformation 0000000180134188     kernel32:KERNEL32.dll
 0005:00000190       __imp_GetCurrentThread     0000000180134190     kernel32:KERNEL32.dll
 0005:00000198       __imp_InitializeSListHead  0000000180134198     kernel32:KERNEL32.dll
 0005:000001a0       __imp_QueryPerformanceCounter 00000001801341a0     kernel32:KERNEL32.dll
 0005:000001a8       __imp_GetCurrentProcessId  00000001801341a8     kernel32:KERNEL32.dll
 0005:000001b0       __imp_GetCurrentThreadId   00000001801341b0     kernel32:KERNEL32.dll
 0005:000001b8       __imp_GetSystemTimeAsFileTime 00000001801341b8     kernel32:KERNEL32.dll
 0005:000001c0       __imp_RtlCaptureContext    00000001801341c0     kernel32:KERNEL32.dll
 0005:000001c8       __imp_RtlLookupFunctionEntry 00000001801341c8     kernel32:KERNEL32.dll
 0005:000001d0       __imp_RtlVirtualUnwind     00000001801341d0     kernel32:KERNEL32.dll
 0005:000001d8       __imp_IsDebuggerPresent    00000001801341d8     kernel32:KERNEL32.dll
 0005:000001e0       __imp_UnhandledExceptionFilter 00000001801341e0     kernel32:KERNEL32.dll
 0005:000001e8       __imp_SetUnhandledExceptionFilter 00000001801341e8     kernel32:KERNEL32.dll
 0005:000001f0       __imp_GetStartupInfoW      00000001801341f0     kernel32:KERNEL32.dll
 0005:000001f8       __imp_IsProcessorFeaturePresent 00000001801341f8     kernel32:KERNEL32.dll
 0005:00000200       __imp_GetModuleHandleW     0000000180134200     kernel32:KERNEL32.dll
 0005:00000208       __imp_RaiseException       0000000180134208     kernel32:KERNEL32.dll
 0005:00000210       __imp_MultiByteToWideChar  0000000180134210     kernel32:KERNEL32.dll
 0005:00000218       __imp_WideCharToMultiByte  0000000180134218     kernel32:KERNEL32.dll
 0005:00000220       __imp_GetLastError         0000000180134220     kernel32:KERNEL32.dll
 0005:00000228       __imp_HeapAlloc            0000000180134228     kernel32:KERNEL32.dll
 0005:00000230       __imp_HeapFree             0000000180134230     kernel32:KERNEL32.dll
 0005:00000238       __imp_GetProcessHeap       0000000180134238     kernel32:KERNEL32.dll
 0005:00000240       __imp_VirtualQuery         0000000180134240     kernel32:KERNEL32.dll
 0005:00000248       __imp_FreeLibrary          0000000180134248     kernel32:KERNEL32.dll
 0005:00000250       __imp_GetProcAddress       0000000180134250     kernel32:KERNEL32.dll
 0005:00000258       __imp_GetCurrentProcess    0000000180134258     kernel32:KERNEL32.dll
 0005:00000260       __imp_EncodePointer        0000000180134260     kernel32:KERNEL32.dll
 0005:00000268       __imp_InterlockedPushEntrySList 0000000180134268     kernel32:KERNEL32.dll
 0005:00000270       __imp_InterlockedFlushSList 0000000180134270     kernel32:KERNEL32.dll
 0005:00000278       __imp_GetModuleFileNameW   0000000180134278     kernel32:KERNEL32.dll
 0005:00000280       __imp_RtlUnwindEx          0000000180134280     kernel32:KERNEL32.dll
 0005:00000288       __imp_LoadLibraryExW       0000000180134288     kernel32:KERNEL32.dll
 0005:00000290       __imp_InitializeCriticalSectionAndSpinCount 0000000180134290     kernel32:KERNEL32.dll
 0005:00000298       __imp_TlsAlloc             0000000180134298     kernel32:KERNEL32.dll
 0005:000002a0       __imp_TlsGetValue          00000001801342a0     kernel32:KERNEL32.dll
 0005:000002a8       __imp_TlsSetValue          00000001801342a8     kernel32:KERNEL32.dll
 0005:000002b0       __imp_TlsFree              00000001801342b0     kernel32:KERNEL32.dll
 0005:000002b8       __imp_SetLastError         00000001801342b8     kernel32:KERNEL32.dll
 0005:000002c0       __imp_EnterCriticalSection 00000001801342c0     kernel32:KERNEL32.dll
 0005:000002c8       __imp_LeaveCriticalSection 00000001801342c8     kernel32:KERNEL32.dll
 0005:000002d0       __imp_DeleteCriticalSection 00000001801342d0     kernel32:KERNEL32.dll
 0005:000002d8       __imp_HeapSize             00000001801342d8     kernel32:KERNEL32.dll
 0005:000002e0       __imp_HeapValidate         00000001801342e0     kernel32:KERNEL32.dll
 0005:000002e8       __imp_GetSystemInfo        00000001801342e8     kernel32:KERNEL32.dll
 0005:000002f0       __imp_GetModuleFileNameA   00000001801342f0     kernel32:KERNEL32.dll
 0005:000002f8       __imp_GetModuleHandleExW   00000001801342f8     kernel32:KERNEL32.dll
 0005:00000300       __imp_ExitProcess          0000000180134300     kernel32:KERNEL32.dll
 0005:00000308       __imp_HeapReAlloc          0000000180134308     kernel32:KERNEL32.dll
 0005:00000310       \177KERNEL32_NULL_THUNK_DATA 0000000180134310     kernel32:KERNEL32.dll
 0005:000003f0       __imp_?GetRaycastFuncTable@Gu@physx@@YAAEAY06P6AIAEBVPxGeometry@2@AEBVPxTransform@2@AEBVPxVec3@2@2MV?$PxFlags@W4Enum@PxHitFlag@physx@@G@2@IPEIAUPxRaycastHit@2@_NP6A_NAEAU72@PEAX@Z7@ZXZ 00000001801343f0     PhysX3CommonDEBUG_x64:PhysX3CommonDEBUG_x64.dll
 0005:000003f8       __imp_?getSize@MutexImpl@shdfnd@physx@@SAAEBIXZ 00000001801343f8     PhysX3CommonDEBUG_x64:PhysX3CommonDEBUG_x64.dll
 0005:00000400       __imp_??1MutexImpl@shdfnd@physx@@QEAA@XZ 0000000180134400     PhysX3CommonDEBUG_x64:PhysX3CommonDEBUG_x64.dll
 0005:00000408       __imp_??0MutexImpl@shdfnd@physx@@QEAA@XZ 0000000180134408     PhysX3CommonDEBUG_x64:PhysX3CommonDEBUG_x64.dll
 0005:00000410       __imp_?distanceSegmentSegmentSquaredOLD@Gu@physx@@YAMAEBVPxVec3@2@000PEAM1@Z 0000000180134410     PhysX3CommonDEBUG_x64:PhysX3CommonDEBUG_x64.dll
 0005:00000418       __imp_?CompleteBoxPruning@Gu@physx@@YA_NPEBVPxBounds3@2@IAEAV?$Array@IVNamedAllocator@shdfnd@physx@@@shdfnd@2@AEBVAxes@12@@Z 0000000180134418     PhysX3CommonDEBUG_x64:PhysX3CommonDEBUG_x64.dll
 0005:00000420       __imp_?error@Foundation@shdfnd@physx@@QEAAXW4Enum@PxErrorCode@3@PEBDH1ZZ 0000000180134420     PhysX3CommonDEBUG_x64:PhysX3CommonDEBUG_x64.dll
 0005:00000428       __imp_?decRefCount@Foundation@shdfnd@physx@@SAXXZ 0000000180134428     PhysX3CommonDEBUG_x64:PhysX3CommonDEBUG_x64.dll
 0005:00000430       __imp_?incRefCount@Foundation@shdfnd@physx@@SAXXZ 0000000180134430     PhysX3CommonDEBUG_x64:PhysX3CommonDEBUG_x64.dll
 0005:00000438       __imp_?getInstance@Foundation@shdfnd@physx@@SAAEAV123@XZ 0000000180134438     PhysX3CommonDEBUG_x64:PhysX3CommonDEBUG_x64.dll
 0005:00000440       __imp_?allocate@Allocator@shdfnd@physx@@QEAAPEAX_KPEBDH@Z 0000000180134440     PhysX3CommonDEBUG_x64:PhysX3CommonDEBUG_x64.dll
 0005:00000448       __imp_?getAllocator@shdfnd@physx@@YAAEAVPxAllocatorCallback@2@XZ 0000000180134448     PhysX3CommonDEBUG_x64:PhysX3CommonDEBUG_x64.dll
 0005:00000450       __imp_?intersectTriangleBox@Gu@physx@@YAHAEBVPxVec3@2@0000@Z 0000000180134450     PhysX3CommonDEBUG_x64:PhysX3CommonDEBUG_x64.dll
 0005:00000458       __imp_??6RenderOutput@Cm@physx@@QEAAAEAV012@VPxVec3@2@@Z 0000000180134458     PhysX3CommonDEBUG_x64:PhysX3CommonDEBUG_x64.dll
 0005:00000460       __imp_??6RenderOutput@Cm@physx@@QEAAAEAV012@W4Primitive@012@@Z 0000000180134460     PhysX3CommonDEBUG_x64:PhysX3CommonDEBUG_x64.dll
 0005:00000468       __imp_?getTriangle@PxMeshQuery@physx@@SAXAEBVPxHeightFieldGeometry@2@AEBVPxTransform@2@IAEAVPxTriangle@2@PEAI3@Z 0000000180134468     PhysX3CommonDEBUG_x64:PhysX3CommonDEBUG_x64.dll
 0005:00000470       __imp_?getTriangle@PxMeshQuery@physx@@SAXAEBVPxTriangleMeshGeometry@2@AEBVPxTransform@2@IAEAVPxTriangle@2@PEAI3@Z 0000000180134470     PhysX3CommonDEBUG_x64:PhysX3CommonDEBUG_x64.dll
 0005:00000478       __imp_?sweep@PxMeshQuery@physx@@SA_NAEBVPxVec3@2@MAEBVPxGeometry@2@AEBVPxTransform@2@IPEBVPxTriangle@2@AEAUPxSweepHit@2@V?$PxFlags@W4Enum@PxHitFlag@physx@@G@2@PEBIM_N@Z 0000000180134478     PhysX3CommonDEBUG_x64:PhysX3CommonDEBUG_x64.dll
 0005:00000480       __imp_?distanceSegmentBoxSquared@Gu@physx@@YAMAEBVPxVec3@2@000AEBVPxMat33@2@PEAMPEAV32@@Z 0000000180134480     PhysX3CommonDEBUG_x64:PhysX3CommonDEBUG_x64.dll
 0005:00000488       __imp_?intersectOBBOBB@Gu@physx@@YA_NAEBVPxVec3@2@0AEBVPxMat33@2@001_N@Z 0000000180134488     PhysX3CommonDEBUG_x64:PhysX3CommonDEBUG_x64.dll
 0005:00000490       __imp_??1Box@Gu@physx@@QEAA@XZ 0000000180134490     PhysX3CommonDEBUG_x64:PhysX3CommonDEBUG_x64.dll
 0005:00000498       __imp_??0Box@Gu@physx@@QEAA@AEBVPxVec3@2@0AEBVPxMat33@2@@Z 0000000180134498     PhysX3CommonDEBUG_x64:PhysX3CommonDEBUG_x64.dll
 0005:000004a0       __imp_??6Cm@physx@@YAAEAVRenderOutput@01@AEAV201@AEBUDebugBox@01@@Z 00000001801344a0     PhysX3CommonDEBUG_x64:PhysX3CommonDEBUG_x64.dll
 0005:000004a8       __imp_?outputCapsule@RenderOutput@Cm@physx@@QEAAAEAV123@MMAEBVMatrix34@23@@Z 00000001801344a8     PhysX3CommonDEBUG_x64:PhysX3CommonDEBUG_x64.dll
 0005:000004b0       __imp_??6RenderOutput@Cm@physx@@QEAAAEAV012@AEBVPxTransform@2@@Z 00000001801344b0     PhysX3CommonDEBUG_x64:PhysX3CommonDEBUG_x64.dll
 0005:000004b8       __imp_??6RenderOutput@Cm@physx@@QEAAAEAV012@I@Z 00000001801344b8     PhysX3CommonDEBUG_x64:PhysX3CommonDEBUG_x64.dll
 0005:000004c0       __imp_??0RenderOutput@Cm@physx@@QEAA@AEAVRenderBuffer@12@@Z 00000001801344c0     PhysX3CommonDEBUG_x64:PhysX3CommonDEBUG_x64.dll
 0005:000004c8       __imp_?deallocate@NamedAllocator@shdfnd@physx@@QEAAXPEAX@Z 00000001801344c8     PhysX3CommonDEBUG_x64:PhysX3CommonDEBUG_x64.dll
 0005:000004d0       __imp_?allocate@NamedAllocator@shdfnd@physx@@QEAAPEAX_KPEBDH@Z 00000001801344d0     PhysX3CommonDEBUG_x64:PhysX3CommonDEBUG_x64.dll
 0005:000004d8       __imp_??1NamedAllocator@shdfnd@physx@@QEAA@XZ 00000001801344d8     PhysX3CommonDEBUG_x64:PhysX3CommonDEBUG_x64.dll
 0005:000004e0       __imp_??0NamedAllocator@shdfnd@physx@@QEAA@AEBV012@@Z 00000001801344e0     PhysX3CommonDEBUG_x64:PhysX3CommonDEBUG_x64.dll
 0005:000004e8       __imp_??0NamedAllocator@shdfnd@physx@@QEAA@PEBD@Z 00000001801344e8     PhysX3CommonDEBUG_x64:PhysX3CommonDEBUG_x64.dll
 0005:000004f0       __imp_?computePenetration@PxGeometryQuery@physx@@SA_NAEAVPxVec3@2@AEAMAEBVPxGeometry@2@AEBVPxTransform@2@23@Z 00000001801344f0     PhysX3CommonDEBUG_x64:PhysX3CommonDEBUG_x64.dll
 0005:000004f8       __imp_?sweep@PxGeometryQuery@physx@@SA_NAEBVPxVec3@2@MAEBVPxGeometry@2@AEBVPxTransform@2@12AEAUPxSweepHit@2@V?$PxFlags@W4Enum@PxHitFlag@physx@@G@2@M@Z 00000001801344f8     PhysX3CommonDEBUG_x64:PhysX3CommonDEBUG_x64.dll
 0005:00000500       __imp_?PxTransformFromSegment@physx@@YA?AVPxTransform@1@AEBVPxVec3@1@0PEAM@Z 0000000180134500     PhysX3CommonDEBUG_x64:PhysX3CommonDEBUG_x64.dll
 0005:00000508       __imp_?unlock@MutexImpl@shdfnd@physx@@QEAAXXZ 0000000180134508     PhysX3CommonDEBUG_x64:PhysX3CommonDEBUG_x64.dll
 0005:00000510       __imp_?lock@MutexImpl@shdfnd@physx@@QEAAXXZ 0000000180134510     PhysX3CommonDEBUG_x64:PhysX3CommonDEBUG_x64.dll
 0005:00000518       __imp_?deallocate@Allocator@shdfnd@physx@@QEAAXPEAX@Z 0000000180134518     PhysX3CommonDEBUG_x64:PhysX3CommonDEBUG_x64.dll
 0005:00000520       __imp_??0Allocator@shdfnd@physx@@QEAA@PEBD@Z 0000000180134520     PhysX3CommonDEBUG_x64:PhysX3CommonDEBUG_x64.dll
 0005:00000528       __imp_?findOverlapTriangleMesh@PxMeshQuery@physx@@SAIAEBVPxGeometry@2@AEBVPxTransform@2@AEBVPxTriangleMeshGeometry@2@1PEAIIIAEA_N@Z 0000000180134528     PhysX3CommonDEBUG_x64:PhysX3CommonDEBUG_x64.dll
 0005:00000530       __imp_?findOverlapHeightField@PxMeshQuery@physx@@SAIAEBVPxGeometry@2@AEBVPxTransform@2@AEBVPxHeightFieldGeometry@2@1PEAIIIAEA_N@Z 0000000180134530     PhysX3CommonDEBUG_x64:PhysX3CommonDEBUG_x64.dll
 0005:00000538       __imp_?PxDiagonalize@physx@@YA?AVPxVec3@1@AEBVPxMat33@1@AEAVPxQuat@1@@Z 0000000180134538     PhysX3CommonDEBUG_x64:PhysX3CommonDEBUG_x64.dll
 0005:00000540       __imp_PxGetFoundation      0000000180134540     PhysX3CommonDEBUG_x64:PhysX3CommonDEBUG_x64.dll
 0005:00000548       __imp_?PxGetAssertHandler@physx@@YAAEAVPxAssertHandler@1@XZ 0000000180134548     PhysX3CommonDEBUG_x64:PhysX3CommonDEBUG_x64.dll
 0005:00000550       \177PhysX3CommonDEBUG_x64_NULL_THUNK_DATA 0000000180134550     PhysX3CommonDEBUG_x64:PhysX3CommonDEBUG_x64.dll
 0005:000005e8       __IMPORT_DESCRIPTOR_PhysX3CommonDEBUG_x64 00000001801345e8     PhysX3CommonDEBUG_x64:PhysX3CommonDEBUG_x64.dll
 0005:000005fc       __IMPORT_DESCRIPTOR_KERNEL32 00000001801345fc     kernel32:KERNEL32.dll
 0005:00000610       __IMPORT_DESCRIPTOR_ADVAPI32 0000000180134610     advapi32:ADVAPI32.dll
 0005:00000624       __NULL_IMPORT_DESCRIPTOR   0000000180134624     PhysX3CommonDEBUG_x64:PhysX3CommonDEBUG_x64.dll
 0006:00000000       __guard_check_icall_fptr   0000000180137000     LIBCMTD:guard_support.obj
 0006:00000010       __guard_dispatch_icall_fptr 0000000180137010     LIBCMTD:guard_support.obj
