 PhysX3CharacterKinematicDEBUG_x86

 Timestamp is 57f1b30c (Sun Oct  2 21:23:24 2016)

 Preferred load address is 10000000

 Start         Length     Name                   Class
 0001:00000000 0000899dH .text                   CODE
 0001:000089a0 00001494H .text$di                CODE
 0001:00009e40 000b5606H .text$mn                CODE
 0001:000bf450 000010a6H .text$x                 CODE
 0002:00000000 00000104H .CRT$XCA                DATA
 0002:00000104 00000139H .CRT$XCU                DATA
 0002:00000240 00000104H .CRT$XCZ                DATA
 0002:00000344 00000104H .CRT$XIA                DATA
 0002:00000448 0000010eH .CRT$XIC                DATA
 0002:00000558 00000104H .CRT$XIZ                DATA
 0002:0000065c 00000104H .CRT$XPA                DATA
 0002:00000760 00000109H .CRT$XPX                DATA
 0002:0000086c 00000104H .CRT$XPXA               DATA
 0002:00000970 00000104H .CRT$XPZ                DATA
 0002:00000a74 00000104H .CRT$XTA                DATA
 0002:00000b78 00000104H .CRT$XTZ                DATA
 0002:00000c80 00022726H .rdata                  DATA
 0002:000233a8 00000443H .rdata$r                DATA
 0002:000237f0 00000126H .rdata$sxdata           DATA
 0002:00023918 00000113H .rdata$zETW0            DATA
 0002:00023a2b 0000018eH .rdata$zETW1            DATA
 0002:00023bb9 00000134H .rdata$zETW2            DATA
 0002:00023ced 00000101H .rdata$zETW9            DATA
 0002:00023df0 000001a8H .rdata$zzzdbg           DATA
 0002:00023f98 00000104H .rtc$IAA                DATA
 0002:0002409c 00000139H .rtc$IMZ                DATA
 0002:000241d8 00000104H .rtc$IZZ                DATA
 0002:000242dc 00000104H .rtc$TAA                DATA
 0002:000243e0 00000139H .rtc$TMZ                DATA
 0002:0002451c 00000104H .rtc$TZZ                DATA
 0002:00024620 00000df7H .xdata$x                DATA
 0002:00025420 0000034fH .edata                  DATA
 0003:00000000 00000b30H .data                   DATA
 0003:00000b30 00000373H .data$r                 DATA
 0003:00000eb0 0000152cH .bss                    DATA
 0004:00000000 000002e4H .idata$5                DATA
 0004:000002e4 0000003cH .idata$2                DATA
 0004:00000320 00000014H .idata$3                DATA
 0004:00000334 000002e4H .idata$4                DATA
 0004:00000618 000014e7H .idata$6                DATA
 0005:00000000 00000104H .00cfg                  DATA
 0006:00000000 000001c0H .rsrc$01                DATA
 0006:000001c0 00000700H .rsrc$02                DATA

  Address         Publics by Value              Rva+Base       Lib:Object

 0000:00000000       __except_list              00000000     <absolute>
 0000:00000000       ___guard_fids_count        00000000     <absolute>
 0000:00000000       ___guard_fids_table        00000000     <absolute>
 0000:00000008       ___safe_se_handler_count   00000008     <absolute>
 0000:00000100       ___guard_flags             00000100     <absolute>
 0000:00000000       ___ImageBase               10000000     <linker-defined>
 0001:000083c0       ?TraceLoggingRegister@__vcrt_trace_logging_provider@@YAJPBU_TlgProvider_t@1@PBU_GUID@@P6GX1KE_K2PAU_EVENT_FILTER_DESCRIPTOR@@PAX@Z4@Z 100093c0 f i libvcruntimed:telemetry.obj
 0001:000084b0       ?TraceLoggingSetInformation@__vcrt_trace_logging_provider@@YAJPBU_TlgProvider_t@1@W4_EVENT_INFO_CLASS@@PAXK@Z 100094b0 f i libvcruntimed:telemetry.obj
 0001:00008500       ?TraceLoggingUnregister@__vcrt_trace_logging_provider@@YAXPBU_TlgProvider_t@1@@Z 10009500 f i libvcruntimed:telemetry.obj
 0001:00008540       ?_TlgCreateSz@__vcrt_trace_logging_provider@@YAXPAU_EVENT_DATA_DESCRIPTOR@@PBD@Z 10009540 f i libvcruntimed:telemetry.obj
 0001:000085a0       ?_TlgCreateWsz@__vcrt_trace_logging_provider@@YAXPAU_EVENT_DATA_DESCRIPTOR@@PB_W@Z 100095a0 f i libvcruntimed:telemetry.obj
 0001:00008600       ?_TlgEnableCallback@__vcrt_trace_logging_provider@@YGXPBU_GUID@@KE_K1PAU_EVENT_FILTER_DESCRIPTOR@@PAX@Z 10009600 f i libvcruntimed:telemetry.obj
 0001:00008700       ?_TlgKeywordOn@__vcrt_trace_logging_provider@@YAEPBU_TlgProvider_t@1@_K@Z 10009700 f i libvcruntimed:telemetry.obj
 0001:00008790       ?_TlgWrite@__vcrt_trace_logging_provider@@YAJPBU_TlgProvider_t@1@PBXPBU_GUID@@2IPAU_EVENT_DATA_DESCRIPTOR@@@Z 10009790 f i libvcruntimed:telemetry.obj
 0001:00009e40       ??0BoxController@Cct@physx@@QAE@ABVPxControllerDesc@2@AAVPxPhysics@2@PAVPxScene@2@@Z 1000ae40 f   CctBoxController.obj
 0001:00009f30       ??1BoxController@Cct@physx@@UAE@XZ 1000af30 f   CctBoxController.obj
 0001:00009f70       ?getWorldBox@BoxController@Cct@physx@@UBE_NAAUPxExtendedBounds3@3@@Z 1000af70 f   CctBoxController.obj
 0001:00009fe0       ?setFootPosition@BoxController@Cct@physx@@UAE_NABUPxExtendedVec3@3@@Z 1000afe0 f   CctBoxController.obj
 0001:0000a060       ?getFootPosition@BoxController@Cct@physx@@UBE?AUPxExtendedVec3@3@XZ 1000b060 f   CctBoxController.obj
 0001:0000a100       ?invalidateCache@BoxController@Cct@physx@@UAEXXZ 1000b100 f   CctBoxController.obj
 0001:0000a160       ?resize@BoxController@Cct@physx@@UAEXM@Z 1000b160 f   CctBoxController.obj
 0001:0000a210       ?getHalfHeight@BoxController@Cct@physx@@UBEMXZ 1000b210 f   CctBoxController.obj
 0001:0000a230       ?getHalfSideExtent@BoxController@Cct@physx@@UBEMXZ 1000b230 f   CctBoxController.obj
 0001:0000a250       ?getHalfForwardExtent@BoxController@Cct@physx@@UBEMXZ 1000b250 f   CctBoxController.obj
 0001:0000a270       ?setHalfHeight@BoxController@Cct@physx@@UAE_NM@Z 1000b270 f   CctBoxController.obj
 0001:0000a2b0       ?setHalfSideExtent@BoxController@Cct@physx@@UAE_NM@Z 1000b2b0 f   CctBoxController.obj
 0001:0000a2f0       ?setHalfForwardExtent@BoxController@Cct@physx@@UAE_NM@Z 1000b2f0 f   CctBoxController.obj
 0001:0000a330       ?updateKinematicProxy@BoxController@Cct@physx@@QAE_NXZ 1000b330 f   CctBoxController.obj
 0001:0000a430       ?getOBB@BoxController@Cct@physx@@QBEXAAVPxExtendedBox@3@@Z 1000b430 f   CctBoxController.obj
 0001:0000a690       ??0PxBoxController@physx@@IAE@XZ 1000b690 f i CctBoxController.obj
 0001:0000a6c0       ??0PxBoxGeometry@physx@@QAE@XZ 1000b6c0 f i CctBoxController.obj
 0001:0000a720       ??0PxController@physx@@IAE@XZ 1000b720 f i CctBoxController.obj
 0001:0000a740       ??0PxControllerManager@physx@@IAE@XZ 1000b740 f i CctBoxController.obj
 0001:0000a760       ??0PxControllerManager@physx@@QAE@ABV01@@Z 1000b760 f i CctBoxController.obj
 0001:0000a780       ??0PxExtendedBounds3@physx@@QAE@XZ 1000b780 f i CctBoxController.obj
 0001:0000a7b0       ??0PxExtendedVec3@physx@@QAE@NNN@Z 1000b7b0 f i CctBoxController.obj
 0001:0000a800       ??0PxExtendedVec3@physx@@QAE@XZ 1000b800 f i CctBoxController.obj
 0001:0000a820       ??0PxGeometry@physx@@IAE@W4Enum@PxGeometryType@1@@Z 1000b820 f i CctBoxController.obj
 0001:0000a840       ??0PxVec3@physx@@QAE@ABV01@@Z 1000b840 f i CctBoxController.obj
 0001:0000a880       ??0PxVec3@physx@@QAE@MMM@Z 1000b880 f i CctBoxController.obj
 0001:0000a8d0       ??1PxBoxController@physx@@MAE@XZ 1000b8d0 f i CctBoxController.obj
 0001:0000a900       ??1PxController@physx@@MAE@XZ 1000b900 f i CctBoxController.obj
 0001:0000a920       ??1PxControllerManager@physx@@MAE@XZ 1000b920 f i CctBoxController.obj
 0001:0000a940       ??3UserAllocated@shdfnd@physx@@SAXPAX@Z 1000b940 f i CctBoxController.obj
 0001:0000a970       ??4PxControllerManager@physx@@QAEAAV01@ABV01@@Z 1000b970 f i CctBoxController.obj
 0001:0000a990       ??4PxQuat@physx@@QAEAAV01@ABV01@@Z 1000b990 f i CctBoxController.obj
 0001:0000a9e0       ??4PxVec3@physx@@QAEAAV01@ABV01@@Z 1000b9e0 f i CctBoxController.obj
 0001:0000aa20       ??DPxVec3@physx@@QBE?AV01@M@Z 1000ba20 f i CctBoxController.obj
 0001:0000aa90       ??GPxExtendedVec3@physx@@QBE?AVPxVec3@1@ABU01@@Z 1000ba90 f i CctBoxController.obj
 0001:0000ab10       ??HPxExtendedVec3@physx@@QBE?AU01@ABU01@@Z 1000bb10 f i CctBoxController.obj
 0001:0000ab90       ??XPxExtendedVec3@physx@@QAEAAU01@ABM@Z 1000bb90 f i CctBoxController.obj
 0001:0000ac00       ??XPxVec3@physx@@QAEAAV01@M@Z 1000bc00 f i CctBoxController.obj
 0001:0000ac60       ??YPxExtendedVec3@physx@@QAEAAU01@ABVPxVec3@1@@Z 1000bc60 f i CctBoxController.obj
 0001:0000acd0       ??ZPxExtendedVec3@physx@@QAEAAU01@ABVPxVec3@1@@Z 1000bcd0 f i CctBoxController.obj
 0001:0000ad49       ??_EBoxController@Cct@physx@@W7AEPAXI@Z 1000bd49 f i CctBoxController.obj
 0001:0000ad60       ??_EPxControllerManager@physx@@MAEPAXI@Z 1000bd60 f i CctBoxController.obj
 0001:0000ae00       ??_GBoxController@Cct@physx@@UAEPAXI@Z 1000be00 f i CctBoxController.obj
 0001:0000ae00       ??_EBoxController@Cct@physx@@UAEPAXI@Z 1000be00 f i CctBoxController.obj
 0001:0000ae60       ??_EPxBoxController@physx@@MAEPAXI@Z 1000be60 f i CctBoxController.obj
 0001:0000ae60       ??_GPxBoxController@physx@@MAEPAXI@Z 1000be60 f i CctBoxController.obj
 0001:0000aea0       ??_EPxController@physx@@MAEPAXI@Z 1000bea0 f i CctBoxController.obj
 0001:0000aea0       ??_GPxController@physx@@MAEPAXI@Z 1000bea0 f i CctBoxController.obj
 0001:0000aee0       ??_GPxControllerManager@physx@@MAEPAXI@Z 1000bee0 f i CctBoxController.obj
 0001:0000af20       ??_H@YGXPAXIIP6EPAX0@Z@Z   1000bf20 f i CctBoxController.obj
 0001:0000af80       ??_I@YGXPAXIIP6EX0@Z@Z     1000bf80 f i CctBoxController.obj
 0001:0000aff0       ?__empty_global_delete@@YAXPAX@Z 1000bff0 f i CctBoxController.obj
 0001:0000b000       ?__empty_global_delete@@YAXPAXI@Z 1000c000 f i CctBoxController.obj
 0001:0000b010       ?__global_array_delete@@YAXPAX@Z 1000c010 f i CctBoxController.obj
 0001:0000b030       ?__global_array_delete@@YAXPAXI@Z 1000c030 f i CctBoxController.obj
 0001:0000b050       ?__global_delete@@YAXPAX@Z 1000c050 f i CctBoxController.obj
 0001:0000b070       ?__global_delete@@YAXPAXI@Z 1000c070 f i CctBoxController.obj
 0001:0000b090       ?createController@PxControllerManager@physx@@UAEPAVPxController@2@AAVPxPhysics@2@PAVPxScene@2@ABVPxControllerDesc@2@@Z 1000c090 f i CctBoxController.obj
 0001:0000b100       ?getActor@BoxController@Cct@physx@@UBEPAVPxRigidDynamic@3@XZ 1000c100 f i CctBoxController.obj
 0001:0000b120       ?getCenter@physx@@YAXABUPxExtendedBounds3@1@AAUPxExtendedVec3@1@@Z 1000c120 f i CctBoxController.obj
 0001:0000b1a0       ?getContactOffset@BoxController@Cct@physx@@UBEMXZ 1000c1a0 f i CctBoxController.obj
 0001:0000b1c0       ?getExtents@physx@@YAXABUPxExtendedBounds3@1@AAVPxVec3@1@@Z 1000c1c0 f i CctBoxController.obj
 0001:0000b210       ?getHalfHeightInternal@BoxController@Cct@physx@@UBEMXZ 1000c210 f i CctBoxController.obj
 0001:0000b230       ?getNonWalkableMode@BoxController@Cct@physx@@UBE?AW4Enum@PxControllerNonWalkableMode@3@XZ 1000c230 f i CctBoxController.obj
 0001:0000b250       ?getPosition@BoxController@Cct@physx@@UBEABUPxExtendedVec3@3@XZ 1000c250 f i CctBoxController.obj
 0001:0000b270       ?getPxController@BoxController@Cct@physx@@UAEPAVPxController@3@XZ 1000c270 f i CctBoxController.obj
 0001:0000b290       ?getScene@BoxController@Cct@physx@@UAEPAVPxScene@3@XZ 1000c290 f i CctBoxController.obj
 0001:0000b2b0       ?getSlopeLimit@BoxController@Cct@physx@@UBEMXZ 1000c2b0 f i CctBoxController.obj
 0001:0000b2d0       ?getState@BoxController@Cct@physx@@UBEXAAUPxControllerState@3@@Z 1000c2d0 f i CctBoxController.obj
 0001:0000b300       ?getStats@BoxController@Cct@physx@@UBEXAAUPxControllerStats@3@@Z 1000c300 f i CctBoxController.obj
 0001:0000b330       ?getStepOffset@BoxController@Cct@physx@@UBEMXZ 1000c330 f i CctBoxController.obj
 0001:0000b350       ?getType@BoxController@Cct@physx@@UBE?AW4Enum@PxControllerShapeType@3@XZ 1000c350 f i CctBoxController.obj
 0001:0000b370       ?getUpDirection@BoxController@Cct@physx@@UBE?AVPxVec3@3@XZ 1000c370 f i CctBoxController.obj
 0001:0000b3a0       ?getUserData@BoxController@Cct@physx@@UBEPAXXZ 1000c3a0 f i CctBoxController.obj
 0001:0000b3c0       ?lock@?$MutexT@V?$ReflectionAllocator@VMutexImpl@shdfnd@physx@@@shdfnd@physx@@@shdfnd@physx@@QBEXXZ 1000c3c0 f i CctBoxController.obj
 0001:0000b3e0       ?release@BoxController@Cct@physx@@UAEXXZ 1000c3e0 f i CctBoxController.obj
 0001:0000b400       ?setCenterExtents@physx@@YAXAAUPxExtendedBounds3@1@ABUPxExtendedVec3@1@ABVPxVec3@1@@Z 1000c400 f i CctBoxController.obj
 0001:0000b490       ?setContactOffset@BoxController@Cct@physx@@UAEXM@Z 1000c490 f i CctBoxController.obj
 0001:0000b4d0       ?setNonWalkableMode@BoxController@Cct@physx@@UAEXW4Enum@PxControllerNonWalkableMode@3@@Z 1000c4d0 f i CctBoxController.obj
 0001:0000b4f0       ?setPosition@BoxController@Cct@physx@@UAE_NABUPxExtendedVec3@3@@Z 1000c4f0 f i CctBoxController.obj
 0001:0000b520       ?setSlopeLimit@BoxController@Cct@physx@@UAEXM@Z 1000c520 f i CctBoxController.obj
 0001:0000b560       ?setStepOffset@BoxController@Cct@physx@@UAEXM@Z 1000c560 f i CctBoxController.obj
 0001:0000b5a0       ?setUpDirection@BoxController@Cct@physx@@UAEXABVPxVec3@3@@Z 1000c5a0 f i CctBoxController.obj
 0001:0000b5d0       ?setUserData@BoxController@Cct@physx@@UAEXPAX@Z 1000c5d0 f i CctBoxController.obj
 0001:0000b5f0       ?unlock@?$MutexT@V?$ReflectionAllocator@VMutexImpl@shdfnd@physx@@@shdfnd@physx@@@shdfnd@physx@@QBEXXZ 1000c5f0 f i CctBoxController.obj
 0001:0000b610       ??0CapsuleController@Cct@physx@@QAE@ABVPxControllerDesc@2@AAVPxPhysics@2@PAVPxScene@2@@Z 1000c610 f   CctCapsuleController.obj
 0001:0000b710       ??1CapsuleController@Cct@physx@@UAE@XZ 1000c710 f   CctCapsuleController.obj
 0001:0000b750       ?getWorldBox@CapsuleController@Cct@physx@@UBE_NAAUPxExtendedBounds3@3@@Z 1000c750 f   CctCapsuleController.obj
 0001:0000b7d0       ?setFootPosition@CapsuleController@Cct@physx@@UAE_NABUPxExtendedVec3@3@@Z 1000c7d0 f   CctCapsuleController.obj
 0001:0000b860       ?getFootPosition@CapsuleController@Cct@physx@@UBE?AUPxExtendedVec3@3@XZ 1000c860 f   CctCapsuleController.obj
 0001:0000b910       ?invalidateCache@CapsuleController@Cct@physx@@UAEXXZ 1000c910 f   CctCapsuleController.obj
 0001:0000b970       ?resize@CapsuleController@Cct@physx@@UAEXM@Z 1000c970 f   CctCapsuleController.obj
 0001:0000ba40       ?getClimbingMode@CapsuleController@Cct@physx@@UBE?AW4Enum@PxCapsuleClimbingMode@3@XZ 1000ca40 f   CctCapsuleController.obj
 0001:0000ba60       ?setRadius@CapsuleController@Cct@physx@@UAE_NM@Z 1000ca60 f   CctCapsuleController.obj
 0001:0000bb40       ?setHeight@CapsuleController@Cct@physx@@UAE_NM@Z 1000cb40 f   CctCapsuleController.obj
 0001:0000bc20       ?setClimbingMode@CapsuleController@Cct@physx@@UAE_NW4Enum@PxCapsuleClimbingMode@3@@Z 1000cc20 f   CctCapsuleController.obj
 0001:0000bc50       ?getCapsule@CapsuleController@Cct@physx@@QBEXAAUPxExtendedCapsule@3@@Z 1000cc50 f   CctCapsuleController.obj
 0001:0000bfa0       ??0PxCapsuleController@physx@@IAE@XZ 1000cfa0 f i CctCapsuleController.obj
 0001:0000bfd0       ??0PxCapsuleGeometry@physx@@QAE@XZ 1000cfd0 f i CctCapsuleController.obj
 0001:0000c020       ??1PxCapsuleController@physx@@MAE@XZ 1000d020 f i CctCapsuleController.obj
 0001:0000c043       ??_ECapsuleController@Cct@physx@@W7AEPAXI@Z 1000d043 f i CctCapsuleController.obj
 0001:0000c050       ??_ECapsuleController@Cct@physx@@UAEPAXI@Z 1000d050 f i CctCapsuleController.obj
 0001:0000c050       ??_GCapsuleController@Cct@physx@@UAEPAXI@Z 1000d050 f i CctCapsuleController.obj
 0001:0000c0b0       ??_GPxCapsuleController@physx@@MAEPAXI@Z 1000d0b0 f i CctCapsuleController.obj
 0001:0000c0b0       ??_EPxCapsuleController@physx@@MAEPAXI@Z 1000d0b0 f i CctCapsuleController.obj
 0001:0000c0f0       ?getActor@CapsuleController@Cct@physx@@UBEPAVPxRigidDynamic@3@XZ 1000d0f0 f i CctCapsuleController.obj
 0001:0000c110       ?getContactOffset@CapsuleController@Cct@physx@@UBEMXZ 1000d110 f i CctCapsuleController.obj
 0001:0000c130       ?getHalfHeightInternal@CapsuleController@Cct@physx@@UBEMXZ 1000d130 f i CctCapsuleController.obj
 0001:0000c170       ?getHeight@CapsuleController@Cct@physx@@UBEMXZ 1000d170 f i CctCapsuleController.obj
 0001:0000c190       ?getNonWalkableMode@CapsuleController@Cct@physx@@UBE?AW4Enum@PxControllerNonWalkableMode@3@XZ 1000d190 f i CctCapsuleController.obj
 0001:0000c1b0       ?getPosition@CapsuleController@Cct@physx@@UBEABUPxExtendedVec3@3@XZ 1000d1b0 f i CctCapsuleController.obj
 0001:0000c1d0       ?getPxController@CapsuleController@Cct@physx@@UAEPAVPxController@3@XZ 1000d1d0 f i CctCapsuleController.obj
 0001:0000c1f0       ?getRadius@CapsuleController@Cct@physx@@UBEMXZ 1000d1f0 f i CctCapsuleController.obj
 0001:0000c210       ?getScene@CapsuleController@Cct@physx@@UAEPAVPxScene@3@XZ 1000d210 f i CctCapsuleController.obj
 0001:0000c230       ?getSlopeLimit@CapsuleController@Cct@physx@@UBEMXZ 1000d230 f i CctCapsuleController.obj
 0001:0000c250       ?getState@CapsuleController@Cct@physx@@UBEXAAUPxControllerState@3@@Z 1000d250 f i CctCapsuleController.obj
 0001:0000c280       ?getStats@CapsuleController@Cct@physx@@UBEXAAUPxControllerStats@3@@Z 1000d280 f i CctCapsuleController.obj
 0001:0000c2b0       ?getStepOffset@CapsuleController@Cct@physx@@UBEMXZ 1000d2b0 f i CctCapsuleController.obj
 0001:0000c2d0       ?getType@CapsuleController@Cct@physx@@UBE?AW4Enum@PxControllerShapeType@3@XZ 1000d2d0 f i CctCapsuleController.obj
 0001:0000c2f0       ?getUpDirection@CapsuleController@Cct@physx@@UBE?AVPxVec3@3@XZ 1000d2f0 f i CctCapsuleController.obj
 0001:0000c320       ?getUserData@CapsuleController@Cct@physx@@UBEPAXXZ 1000d320 f i CctCapsuleController.obj
 0001:0000c340       ?release@CapsuleController@Cct@physx@@UAEXXZ 1000d340 f i CctCapsuleController.obj
 0001:0000c360       ?setContactOffset@CapsuleController@Cct@physx@@UAEXM@Z 1000d360 f i CctCapsuleController.obj
 0001:0000c3a0       ?setNonWalkableMode@CapsuleController@Cct@physx@@UAEXW4Enum@PxControllerNonWalkableMode@3@@Z 1000d3a0 f i CctCapsuleController.obj
 0001:0000c3c0       ?setPosition@CapsuleController@Cct@physx@@UAE_NABUPxExtendedVec3@3@@Z 1000d3c0 f i CctCapsuleController.obj
 0001:0000c3f0       ?setSlopeLimit@CapsuleController@Cct@physx@@UAEXM@Z 1000d3f0 f i CctCapsuleController.obj
 0001:0000c430       ?setStepOffset@CapsuleController@Cct@physx@@UAEXM@Z 1000d430 f i CctCapsuleController.obj
 0001:0000c470       ?setUpDirection@CapsuleController@Cct@physx@@UAEXABVPxVec3@3@@Z 1000d470 f i CctCapsuleController.obj
 0001:0000c4a0       ?setUserData@CapsuleController@Cct@physx@@UAEXPAX@Z 1000d4a0 f i CctCapsuleController.obj
 0001:0000c4c0       ??0CCTParams@Cct@physx@@QAE@XZ 1000d4c0 f   CctCharacterController.obj
 0001:0000c580       ??0SweepTest@Cct@physx@@QAE@XZ 1000d580 f   CctCharacterController.obj
 0001:0000c8a0       ??1SweepTest@Cct@physx@@QAE@XZ 1000d8a0 f   CctCharacterController.obj
 0001:0000c8d0       ?moveCharacter@SweepTest@Cct@physx@@QAE?AV?$PxFlags@W4Enum@PxControllerCollisionFlag@physx@@E@3@PBUInternalCBData_FindTouchedGeom@23@PBUInternalCBData_OnHit@23@AAVSweptVolume@23@ABVPxVec3@3@ABUUserObstacles@23@MABVPxControllerFilters@3@_N6@Z 1000d8d0 f   CctCharacterController.obj
 0001:0000d2e0       ?doSweepTest@SweepTest@Cct@physx@@QAE_NPBUInternalCBData_FindTouchedGeom@23@PBUInternalCBData_OnHit@23@ABUUserObstacles@23@AAVSweptVolume@23@ABVPxVec3@3@4IPAIMABVPxControllerFilters@3@W4SweepPass@23@@Z 1000e2e0 f   CctCharacterController.obj
 0001:0000dd80       ?findTouchedObstacles@SweepTest@Cct@physx@@QAEXABUUserObstacles@23@ABUPxExtendedBounds3@3@@Z 1000ed80 f   CctCharacterController.obj
 0001:0000e260       ?voidTestCache@SweepTest@Cct@physx@@QAEXXZ 1000f260 f   CctCharacterController.obj
 0001:0000e2a0       ?onRelease@SweepTest@Cct@physx@@QAEXABVPxBase@3@@Z 1000f2a0 f   CctCharacterController.obj
 0001:0000e350       ?onObstacleRemoved@SweepTest@Cct@physx@@QAEXI@Z 1000f350 f   CctCharacterController.obj
 0001:0000e380       ?onObstacleUpdated@SweepTest@Cct@physx@@QAEXIPBVPxObstacleContext@3@ABVPxVec3@3@1M@Z 1000f380 f   CctCharacterController.obj
 0001:0000e4e0       ?onObstacleAdded@SweepTest@Cct@physx@@QAEXIPBVPxObstacleContext@3@ABVPxVec3@3@1M@Z 1000f4e0 f   CctCharacterController.obj
 0001:0000e660       ?onOriginShift@SweepTest@Cct@physx@@QAEXABVPxVec3@3@@Z 1000f660 f   CctCharacterController.obj
 0001:0000e760       ?updateTouchedGeoms@SweepTest@Cct@physx@@AAEXPBUInternalCBData_FindTouchedGeom@23@ABUUserObstacles@23@ABUPxExtendedBounds3@3@ABVPxControllerFilters@3@ABVPxVec3@3@@Z 1000f760 f   CctCharacterController.obj
 0001:0000ed60       ?findTouchedObject@Controller@Cct@physx@@IAEXABVPxControllerFilters@3@PBVPxObstacleContext@3@ABVPxVec3@3@@Z 1000fd60 f   CctCharacterController.obj
 0001:0000f330       ?rideOnTouchedObject@Controller@Cct@physx@@IAE_NAAVSweptVolume@23@ABVPxVec3@3@AAV53@PBVPxObstacleContext@3@@Z 10010330 f   CctCharacterController.obj
 0001:0000f7e0       ?move@Controller@Cct@physx@@IAE?AV?$PxFlags@W4Enum@PxControllerCollisionFlag@physx@@E@3@AAVSweptVolume@23@ABVPxVec3@3@MMABVPxControllerFilters@3@PBVPxObstacleContext@3@_N@Z 100107e0 f   CctCharacterController.obj
 0001:00010770       ?filterTouchedShape@Controller@Cct@physx@@IAE_NABVPxControllerFilters@3@@Z 10011770 f   CctCharacterController.obj
 0001:00012a80       ?move@BoxController@Cct@physx@@UAE?AV?$PxFlags@W4Enum@PxControllerCollisionFlag@physx@@E@3@ABVPxVec3@3@MMABVPxControllerFilters@3@PBVPxObstacleContext@3@@Z 10013a80 f   CctCharacterController.obj
 0001:00012b70       ?move@CapsuleController@Cct@physx@@UAE?AV?$PxFlags@W4Enum@PxControllerCollisionFlag@physx@@E@3@ABVPxVec3@3@MMABVPxControllerFilters@3@PBVPxObstacleContext@3@@Z 10013b70 f   CctCharacterController.obj
 0001:00014650       ??$PX_UNUSED@I@@YAXABI@Z   10015650 f i CctCharacterController.obj
 0001:00014660       ??$PX_UNUSED@PBUPxRaycastHit@physx@@@@YAXABQBUPxRaycastHit@physx@@@Z 10015660 f i CctCharacterController.obj
 0001:00014670       ??$PX_UNUSED@W4PxIDENTITY@physx@@@@YAXABW4PxIDENTITY@physx@@@Z 10015670 f i CctCharacterController.obj
 0001:00014680       ??$PxMax@N@physx@@YANNN@Z  10015680 f i CctCharacterController.obj
 0001:000146c0       ??$PxMin@N@physx@@YANNN@Z  100156c0 f i CctCharacterController.obj
 0001:00014700       ??$PxUnionCast@PBVPxGeometry@physx@@PAY03$$CBE@physx@@YAPBVPxGeometry@0@PAY03$$CBE@Z 10015700 f i CctCharacterController.obj
 0001:00014720       ??$reserve@IVNamedAllocator@shdfnd@physx@@@Cct@physx@@YAPAIAAV?$Array@IVNamedAllocator@shdfnd@physx@@@shdfnd@1@I@Z 10015720 f i CctCharacterController.obj
 0001:00014770       ??0?$Array@IVNamedAllocator@shdfnd@physx@@@shdfnd@physx@@QAE@ABVNamedAllocator@12@@Z 10015770 f i CctCharacterController.obj
 0001:000147c0       ??0?$Array@VPxTriangle@physx@@VNamedAllocator@shdfnd@2@@shdfnd@physx@@QAE@ABVNamedAllocator@12@@Z 100157c0 f i CctCharacterController.obj
 0001:00014810       ??0?$PxFlags@W4Enum@PxControllerCollisionFlag@physx@@E@physx@@QAE@ABV01@@Z 10015810 f i CctCharacterController.obj
 0001:00014830       ??0?$PxFlags@W4Enum@PxControllerCollisionFlag@physx@@E@physx@@QAE@E@Z 10015830 f i CctCharacterController.obj
 0001:00014850       ??0?$PxFlags@W4Enum@PxHitFlag@physx@@G@physx@@QAE@ABV01@@Z 10015850 f i CctCharacterController.obj
 0001:00014880       ??0?$PxFlags@W4Enum@PxHitFlag@physx@@G@physx@@QAE@G@Z 10015880 f i CctCharacterController.obj
 0001:000148a0       ??0?$PxFlags@W4Enum@PxHitFlag@physx@@G@physx@@QAE@W4Enum@PxHitFlag@1@@Z 100158a0 f i CctCharacterController.obj
 0001:000148c0       ??0?$PxFlags@W4Enum@PxQueryFlag@physx@@G@physx@@QAE@ABV01@@Z 100158c0 f i CctCharacterController.obj
 0001:000148f0       ??0?$PxFlags@W4Enum@PxQueryFlag@physx@@G@physx@@QAE@W4Enum@PxQueryFlag@1@@Z 100158f0 f i CctCharacterController.obj
 0001:00014910       ??0?$PxFlags@W4Enum@PxQueryFlag@physx@@G@physx@@QAE@XZ 10015910 f i CctCharacterController.obj
 0001:00014930       ??0?$PxFlags@W4Enum@PxShapeFlag@physx@@E@physx@@QAE@ABV01@@Z 10015930 f i CctCharacterController.obj
 0001:00014950       ??0?$PxHitBuffer@UPxRaycastHit@physx@@@physx@@QAE@PAUPxRaycastHit@1@I@Z 10015950 f i CctCharacterController.obj
 0001:00014990       ??0?$PxHitCallback@UPxRaycastHit@physx@@@physx@@QAE@PAUPxRaycastHit@1@I@Z 10015990 f i CctCharacterController.obj
 0001:00014a10       ??0CCTFilter@Cct@physx@@QAE@XZ 10015a10 f i CctCharacterController.obj
 0001:00014a70       ??0ControllerFilter@@QAE@XZ 10015a70 f i CctCharacterController.obj
 0001:00014ab0       ??0DebugBox@Cm@physx@@QAE@ABVPxBounds3@2@_N@Z 10015ab0 f i CctCharacterController.obj
 0001:00014b00       ??0DebugBox@Cm@physx@@QAE@ABVPxVec3@2@_N@Z 10015b00 f i CctCharacterController.obj
 0001:00014b50       ??0Matrix34@Cm@physx@@QAE@XZ 10015b50 f i CctCharacterController.obj
 0001:00014ba0       ??0PxActorShape@physx@@QAE@XZ 10015ba0 f i CctCharacterController.obj
 0001:00014bd0       ??0PxBounds3@physx@@QAE@ABVPxVec3@1@0@Z 10015bd0 f i CctCharacterController.obj
 0001:00014c10       ??0PxBoxGeometry@physx@@QAE@VPxVec3@1@@Z 10015c10 f i CctCharacterController.obj
 0001:00014c50       ??0PxCapsuleGeometry@physx@@QAE@MM@Z 10015c50 f i CctCharacterController.obj
 0001:00014ca0       ??0PxExtendedBox@physx@@QAE@ABV01@@Z 10015ca0 f i CctCharacterController.obj
 0001:00014d20       ??0PxExtendedBox@physx@@QAE@XZ 10015d20 f i CctCharacterController.obj
 0001:00014d60       ??0PxExtendedCapsule@physx@@QAE@XZ 10015d60 f i CctCharacterController.obj
 0001:00014d80       ??0PxExtendedSegment@physx@@QAE@XZ 10015d80 f i CctCharacterController.obj
 0001:00014db0       ??0PxFilterData@physx@@QAE@XZ 10015db0 f i CctCharacterController.obj
 0001:00014e00       ??0PxLocationHit@physx@@QAE@XZ 10015e00 f i CctCharacterController.obj
 0001:00014e80       ??0PxMat33@physx@@QAE@ABVPxQuat@1@@Z 10015e80 f i CctCharacterController.obj
 0001:00015100       ??0PxMat33@physx@@QAE@W4PxIDENTITY@1@@Z 10016100 f i CctCharacterController.obj
 0001:000151f0       ??0PxQuat@physx@@QAE@ABV01@@Z 100161f0 f i CctCharacterController.obj
 0001:00015240       ??0PxQuat@physx@@QAE@MMMM@Z 10016240 f i CctCharacterController.obj
 0001:000152a0       ??0PxQuat@physx@@QAE@W4PxIDENTITY@1@@Z 100162a0 f i CctCharacterController.obj
 0001:00015320       ??0PxQuat@physx@@QAE@XZ    10016320 f i CctCharacterController.obj
 0001:00015340       ??0PxQueryFilterCallback@physx@@QAE@XZ 10016340 f i CctCharacterController.obj
 0001:00015360       ??0PxQueryFilterData@physx@@QAE@ABUPxFilterData@1@V?$PxFlags@W4Enum@PxQueryFlag@physx@@G@1@@Z 10016360 f i CctCharacterController.obj
 0001:000153c0       ??0PxQueryHit@physx@@QAE@XZ 100163c0 f i CctCharacterController.obj
 0001:000153f0       ??0PxRaycastHit@physx@@QAE@XZ 100163f0 f i CctCharacterController.obj
 0001:00015440       ??0PxSphereGeometry@physx@@QAE@XZ 10016440 f i CctCharacterController.obj
 0001:00015480       ??0PxSweepHit@physx@@QAE@XZ 10016480 f i CctCharacterController.obj
 0001:000154a0       ??0PxTransform@physx@@QAE@ABVPxVec3@1@ABVPxQuat@1@@Z 100164a0 f i CctCharacterController.obj
 0001:00015530       ??0PxTransform@physx@@QAE@XZ 10016530 f i CctCharacterController.obj
 0001:00015560       ??0PxVec3@physx@@QAE@M@Z   10016560 f i CctCharacterController.obj
 0001:000155b0       ??0PxVec3@physx@@QAE@XZ    100165b0 f i CctCharacterController.obj
 0001:000155d0       ??0SIMDGuard@shdfnd@physx@@QAE@XZ 100165d0 f i CctCharacterController.obj
 0001:00015600       ??0SweptContact@Cct@physx@@QAE@XZ 10016600 f i CctCharacterController.obj
 0001:00015630       ??1?$Array@IVNamedAllocator@shdfnd@physx@@@shdfnd@physx@@QAE@XZ 10016630 f i CctCharacterController.obj
 0001:000156a0       ??1?$Array@VPxTriangle@physx@@VNamedAllocator@shdfnd@2@@shdfnd@physx@@QAE@XZ 100166a0 f i CctCharacterController.obj
 0001:00015710       ??1?$PxHitBuffer@UPxRaycastHit@physx@@@physx@@UAE@XZ 10016710 f i CctCharacterController.obj
 0001:00015740       ??1?$PxHitCallback@UPxRaycastHit@physx@@@physx@@UAE@XZ 10016740 f i CctCharacterController.obj
 0001:00015760       ??1ControllerFilter@@UAE@XZ 10016760 f i CctCharacterController.obj
 0001:00015780       ??1PxExtendedBox@physx@@QAE@XZ 10016780 f i CctCharacterController.obj
 0001:00015790       ??1PxQueryFilterCallback@physx@@UAE@XZ 10016790 f i CctCharacterController.obj
 0001:000157b0       ??1PxTriangle@physx@@QAE@XZ 100167b0 f i CctCharacterController.obj
 0001:000157c0       ??1SIMDGuard@shdfnd@physx@@QAE@XZ 100167c0 f i CctCharacterController.obj
 0001:000157f0       ??2@YAPAXIPAX@Z            100167f0 f i CctCharacterController.obj
 0001:00015800       ??4?$PxFlags@W4Enum@PxControllerCollisionFlag@physx@@E@physx@@QAEAAV01@ABV01@@Z 10016800 f i CctCharacterController.obj
 0001:00015820       ??4?$PxFlags@W4Enum@PxHitFlag@physx@@G@physx@@QAEAAV01@ABV01@@Z 10016820 f i CctCharacterController.obj
 0001:00015850       ??4?$PxFlags@W4Enum@PxQueryFlag@physx@@G@physx@@QAEAAV01@ABV01@@Z 10016850 f i CctCharacterController.obj
 0001:00015880       ??4CCTParams@Cct@physx@@QAEAAU012@ABU012@@Z 10016880 f i CctCharacterController.obj
 0001:00015980       ??4PxExtendedBox@physx@@QAEAAV01@ABV01@@Z 10016980 f i CctCharacterController.obj
 0001:00015a00       ??4PxLocationHit@physx@@QAEAAU01@ABU01@@Z 10016a00 f i CctCharacterController.obj
 0001:00015a90       ??4PxRaycastHit@physx@@QAEAAU01@ABU01@@Z 10016a90 f i CctCharacterController.obj
 0001:00015b10       ??4PxTransform@physx@@QAEAAV01@$$QAV01@@Z 10016b10 f i CctCharacterController.obj
 0001:00015b50       ??4SweptContact@Cct@physx@@QAEAAU012@ABU012@@Z 10016b50 f i CctCharacterController.obj
 0001:00015bf0       ??A?$Array@IVNamedAllocator@shdfnd@physx@@@shdfnd@physx@@QBEABII@Z 10016bf0 f i CctCharacterController.obj
 0001:00015c60       ??A?$Array@UInternalBoxObstacle@ObstacleContext@Cct@physx@@VNamedAllocator@shdfnd@4@@shdfnd@physx@@QBEABUInternalBoxObstacle@ObstacleContext@Cct@2@I@Z 10016c60 f i CctCharacterController.obj
 0001:00015cd0       ??A?$Array@UInternalCapsuleObstacle@ObstacleContext@Cct@physx@@VNamedAllocator@shdfnd@4@@shdfnd@physx@@QBEABUInternalCapsuleObstacle@ObstacleContext@Cct@2@I@Z 10016cd0 f i CctCharacterController.obj
 0001:00015d40       ??A?$Array@VPxTriangle@physx@@VNamedAllocator@shdfnd@2@@shdfnd@physx@@QAEAAVPxTriangle@2@I@Z 10016d40 f i CctCharacterController.obj
 0001:00015db0       ??A?$Array@VPxTriangle@physx@@VNamedAllocator@shdfnd@2@@shdfnd@physx@@QBEABVPxTriangle@2@I@Z 10016db0 f i CctCharacterController.obj
 0001:00015e20       ??B?$PxFlags@W4Enum@PxControllerBehaviorFlag@physx@@E@physx@@QBEIXZ 10016e20 f i CctCharacterController.obj
 0001:00015e40       ??B?$PxFlags@W4Enum@PxControllerDebugRenderFlag@physx@@I@physx@@QBEIXZ 10016e40 f i CctCharacterController.obj
 0001:00015e60       ??B?$PxFlags@W4Enum@PxQueryFlag@physx@@G@physx@@QBE_NXZ 10016e60 f i CctCharacterController.obj
 0001:00015e90       ??B?$PxFlags@W4Enum@PxShapeFlag@physx@@E@physx@@QBE_NXZ 10016e90 f i CctCharacterController.obj
 0001:00015ec0       ??DPxQuat@physx@@QBE?AV01@ABV01@@Z 10016ec0 f i CctCharacterController.obj
 0001:00016070       ??DPxTransform@physx@@QBE?AV01@ABV01@@Z 10017070 f i CctCharacterController.obj
 0001:000160f0       ??GPxVec3@physx@@QBE?AV01@ABV01@@Z 100170f0 f i CctCharacterController.obj
 0001:00016160       ??GPxVec3@physx@@QBE?AV01@XZ 10017160 f i CctCharacterController.obj
 0001:000161d0       ??HPxVec3@physx@@QBE?AV01@ABV01@@Z 100171d0 f i CctCharacterController.obj
 0001:00016240       ??I?$PxFlags@W4Enum@PxQueryFlag@physx@@G@physx@@QBE?AV01@W4Enum@PxQueryFlag@1@@Z 10017240 f i CctCharacterController.obj
 0001:00016290       ??I?$PxFlags@W4Enum@PxShapeFlag@physx@@E@physx@@QBE?AV01@W4Enum@PxShapeFlag@1@@Z 10017290 f i CctCharacterController.obj
 0001:000162e0       ??R?$Hash@PAVPxShape@physx@@@shdfnd@physx@@QBEIABQAVPxShape@2@@Z 100172e0 f i CctCharacterController.obj
 0001:00016310       ??R?$Hash@PAVPxShape@physx@@@shdfnd@physx@@QBE_NABQAVPxShape@2@0@Z 10017310 f i CctCharacterController.obj
 0001:00016350       ??RGetKey@?$HashSetBase@PAVPxShape@physx@@U?$Hash@PAVPxShape@physx@@@shdfnd@2@VAllocator@42@$0A@@internal@shdfnd@physx@@QAEABQAVPxShape@4@ABQAV54@@Z 10017350 f i CctCharacterController.obj
 0001:00016370       ??U?$PxFlags@W4Enum@PxHitFlag@physx@@G@physx@@QBE?AV01@W4Enum@PxHitFlag@1@@Z 10017370 f i CctCharacterController.obj
 0001:000163c0       ??U?$PxFlags@W4Enum@PxQueryFlag@physx@@G@physx@@QBE?AV01@W4Enum@PxQueryFlag@1@@Z 100173c0 f i CctCharacterController.obj
 0001:00016410       ??Uphysx@@YA?AV?$PxFlags@W4Enum@PxHitFlag@physx@@G@0@W4Enum@PxHitFlag@0@0@Z 10017410 f i CctCharacterController.obj
 0001:00016450       ??Uphysx@@YA?AV?$PxFlags@W4Enum@PxQueryFlag@physx@@G@0@W4Enum@PxQueryFlag@0@0@Z 10017450 f i CctCharacterController.obj
 0001:00016490       ??YPxVec3@physx@@QAEAAV01@ABV01@@Z 10017490 f i CctCharacterController.obj
 0001:00016500       ??ZPxVec3@physx@@QAEAAV01@ABV01@@Z 10017500 f i CctCharacterController.obj
 0001:00016570       ??_0PxVec3@physx@@QAEAAV01@M@Z 10017570 f i CctCharacterController.obj
 0001:000165f0       ??_5?$PxFlags@W4Enum@PxControllerCollisionFlag@physx@@E@physx@@QAEAAV01@W4Enum@PxControllerCollisionFlag@1@@Z 100175f0 f i CctCharacterController.obj
 0001:00016620       ??_5?$PxFlags@W4Enum@PxHitFlag@physx@@G@physx@@QAEAAV01@W4Enum@PxHitFlag@1@@Z 10017620 f i CctCharacterController.obj
 0001:00016650       ??_5?$PxFlags@W4Enum@PxQueryFlag@physx@@G@physx@@QAEAAV01@W4Enum@PxQueryFlag@1@@Z 10017650 f i CctCharacterController.obj
 0001:00016680       ??_E?$PxHitBuffer@UPxRaycastHit@physx@@@physx@@UAEPAXI@Z 10017680 f i CctCharacterController.obj
 0001:00016680       ??_G?$PxHitBuffer@UPxRaycastHit@physx@@@physx@@UAEPAXI@Z 10017680 f i CctCharacterController.obj
 0001:000166c0       ??_E?$PxHitCallback@UPxRaycastHit@physx@@@physx@@UAEPAXI@Z 100176c0 f i CctCharacterController.obj
 0001:000166c0       ??_G?$PxHitCallback@UPxRaycastHit@physx@@@physx@@UAEPAXI@Z 100176c0 f i CctCharacterController.obj
 0001:00016700       ??_EControllerFilter@@UAEPAXI@Z 10017700 f i CctCharacterController.obj
 0001:00016700       ??_GControllerFilter@@UAEPAXI@Z 10017700 f i CctCharacterController.obj
 0001:00016740       ??_GPxExtendedBox@physx@@QAEPAXI@Z 10017740 f i CctCharacterController.obj
 0001:00016780       ??_EPxQueryFilterCallback@physx@@UAEPAXI@Z 10017780 f i CctCharacterController.obj
 0001:00016780       ??_GPxQueryFilterCallback@physx@@UAEPAXI@Z 10017780 f i CctCharacterController.obj
 0001:000167c0       ??_GPxTriangle@physx@@QAEPAXI@Z 100177c0 f i CctCharacterController.obj
 0001:00016800       ?FLoad@aos@shdfnd@physx@@YA?AT__m128@@M@Z 10017800 f i CctCharacterController.obj
 0001:00016840       ?PxAbs@physx@@YAMM@Z       10017840 f i CctCharacterController.obj
 0001:00016860       ?PxIsFinite@physx@@YA_NM@Z 10017860 f i CctCharacterController.obj
 0001:00016880       ?PxRecipSqrt@physx@@YAMM@Z 10017880 f i CctCharacterController.obj
 0001:000168a0       ?PxSqrt@physx@@YAMM@Z      100178a0 f i CctCharacterController.obj
 0001:000168c0       ?PxSqrt@physx@@YANN@Z      100178c0 f i CctCharacterController.obj
 0001:000168e0       ?V3Load@aos@shdfnd@physx@@YA?AT__m128@@M@Z 100178e0 f i CctCharacterController.obj
 0001:00016940       ?V4Load@aos@shdfnd@physx@@YA?AT__m128@@M@Z 10017940 f i CctCharacterController.obj
 0001:00016980       ?abs@intrinsics@physx@@YAMM@Z 10017980 f i CctCharacterController.obj
 0001:000169a0       ?add@physx@@YAXAAUPxExtendedBounds3@1@ABU21@@Z 100179a0 f i CctCharacterController.obj
 0001:000169d0       ?allocate@?$Array@IVNamedAllocator@shdfnd@physx@@@shdfnd@physx@@IAEPAII@Z 100179d0 f i CctCharacterController.obj
 0001:00016a50       ?allocate@?$Array@PBXVNamedAllocator@shdfnd@physx@@@shdfnd@physx@@IAEPAPBXI@Z 10017a50 f i CctCharacterController.obj
 0001:00016ad0       ?allocate@?$Array@UPxExtendedCapsule@physx@@VNamedAllocator@shdfnd@2@@shdfnd@physx@@IAEPAUPxExtendedCapsule@3@I@Z 10017ad0 f i CctCharacterController.obj
 0001:00016b50       ?allocate@?$Array@VPxExtendedBox@physx@@VNamedAllocator@shdfnd@2@@shdfnd@physx@@IAEPAVPxExtendedBox@3@I@Z 10017b50 f i CctCharacterController.obj
 0001:00016bd0       ?any@PxGeometryHolder@physx@@QBEABVPxGeometry@2@XZ 10017bd0 f i CctCharacterController.obj
 0001:00016bf0       ?begin@?$Array@IVNamedAllocator@shdfnd@physx@@@shdfnd@physx@@QAEPAIXZ 10017bf0 f i CctCharacterController.obj
 0001:00016c10       ?begin@?$Array@IVNamedAllocator@shdfnd@physx@@@shdfnd@physx@@QBEPBIXZ 10017c10 f i CctCharacterController.obj
 0001:00016c30       ?begin@?$Array@PBXVNamedAllocator@shdfnd@physx@@@shdfnd@physx@@QAEPAPBXXZ 10017c30 f i CctCharacterController.obj
 0001:00016c50       ?begin@?$Array@UPxExtendedCapsule@physx@@VNamedAllocator@shdfnd@2@@shdfnd@physx@@QAEPAUPxExtendedCapsule@3@XZ 10017c50 f i CctCharacterController.obj
 0001:00016c70       ?begin@?$Array@VPxExtendedBox@physx@@VNamedAllocator@shdfnd@2@@shdfnd@physx@@QAEPAVPxExtendedBox@3@XZ 10017c70 f i CctCharacterController.obj
 0001:00016c90       ?capacity@?$Array@IVNamedAllocator@shdfnd@physx@@@shdfnd@physx@@QBEIXZ 10017c90 f i CctCharacterController.obj
 0001:00016cb0       ?capacity@?$Array@PBXVNamedAllocator@shdfnd@physx@@@shdfnd@physx@@QBEIXZ 10017cb0 f i CctCharacterController.obj
 0001:00016cd0       ?capacity@?$Array@UPxExtendedCapsule@physx@@VNamedAllocator@shdfnd@2@@shdfnd@physx@@QBEIXZ 10017cd0 f i CctCharacterController.obj
 0001:00016cf0       ?capacity@?$Array@VPxExtendedBox@physx@@VNamedAllocator@shdfnd@2@@shdfnd@physx@@QBEIXZ 10017cf0 f i CctCharacterController.obj
 0001:00016d10       ?capacity@?$Array@VPxTriangle@physx@@VNamedAllocator@shdfnd@2@@shdfnd@physx@@QBEIXZ 10017d10 f i CctCharacterController.obj
 0001:00016d30       ?capacityIncrement@?$Array@PBXVNamedAllocator@shdfnd@physx@@@shdfnd@physx@@IBEIXZ 10017d30 f i CctCharacterController.obj
 0001:00016d70       ?capacityIncrement@?$Array@UPxExtendedCapsule@physx@@VNamedAllocator@shdfnd@2@@shdfnd@physx@@IBEIXZ 10017d70 f i CctCharacterController.obj
 0001:00016db0       ?capacityIncrement@?$Array@VPxExtendedBox@physx@@VNamedAllocator@shdfnd@2@@shdfnd@physx@@IBEIXZ 10017db0 f i CctCharacterController.obj
 0001:00016df0       ?clear@?$Array@IVNamedAllocator@shdfnd@physx@@@shdfnd@physx@@QAEXXZ 10017df0 f i CctCharacterController.obj
 0001:00016e30       ?clear@?$Array@VPxTriangle@physx@@VNamedAllocator@shdfnd@2@@shdfnd@physx@@QAEXXZ 10017e30 f i CctCharacterController.obj
 0001:00016e70       ?contains@?$HashSetBase@PAVPxShape@physx@@U?$Hash@PAVPxShape@physx@@@shdfnd@2@VAllocator@42@$0A@@internal@shdfnd@physx@@QBE_NABQAVPxShape@4@@Z 10017e70 f i CctCharacterController.obj
 0001:00016eb0       ?copy@?$Array@IVNamedAllocator@shdfnd@physx@@@shdfnd@physx@@KAXPAI0PBI@Z 10017eb0 f i CctCharacterController.obj
 0001:00016f20       ?copy@?$Array@PBXVNamedAllocator@shdfnd@physx@@@shdfnd@physx@@KAXPAPBX0PBQBX@Z 10017f20 f i CctCharacterController.obj
 0001:00016f90       ?copy@?$Array@UPxExtendedCapsule@physx@@VNamedAllocator@shdfnd@2@@shdfnd@physx@@KAXPAUPxExtendedCapsule@3@0PBU43@@Z 10017f90 f i CctCharacterController.obj
 0001:00017010       ?copy@?$Array@VPxExtendedBox@physx@@VNamedAllocator@shdfnd@2@@shdfnd@physx@@KAXPAVPxExtendedBox@3@0PBV43@@Z 10018010 f i CctCharacterController.obj
 0001:00017080       ?cross@PxVec3@physx@@QBE?AV12@ABV12@@Z 10018080 f i CctCharacterController.obj
 0001:00017140       ?deallocate@?$Array@IVNamedAllocator@shdfnd@physx@@@shdfnd@physx@@IAEXPAX@Z 10018140 f i CctCharacterController.obj
 0001:00017160       ?deallocate@?$Array@PBXVNamedAllocator@shdfnd@physx@@@shdfnd@physx@@IAEXPAX@Z 10018160 f i CctCharacterController.obj
 0001:00017180       ?deallocate@?$Array@UPxExtendedCapsule@physx@@VNamedAllocator@shdfnd@2@@shdfnd@physx@@IAEXPAX@Z 10018180 f i CctCharacterController.obj
 0001:000171a0       ?deallocate@?$Array@VPxExtendedBox@physx@@VNamedAllocator@shdfnd@2@@shdfnd@physx@@IAEXPAX@Z 100181a0 f i CctCharacterController.obj
 0001:000171c0       ?deallocate@?$Array@VPxTriangle@physx@@VNamedAllocator@shdfnd@2@@shdfnd@physx@@IAEXPAX@Z 100181c0 f i CctCharacterController.obj
 0001:000171e0       ?decomposeVector@shdfnd@physx@@YAXAAVPxVec3@2@0ABV32@1@Z 100181e0 f i CctCharacterController.obj
 0001:00017250       ?destroy@?$Array@IVNamedAllocator@shdfnd@physx@@@shdfnd@physx@@KAXPAI0@Z 10018250 f i CctCharacterController.obj
 0001:00017270       ?destroy@?$Array@PBXVNamedAllocator@shdfnd@physx@@@shdfnd@physx@@KAXPAPBX0@Z 10018270 f i CctCharacterController.obj
 0001:00017290       ?destroy@?$Array@UPxExtendedCapsule@physx@@VNamedAllocator@shdfnd@2@@shdfnd@physx@@KAXPAUPxExtendedCapsule@3@0@Z 10018290 f i CctCharacterController.obj
 0001:000172b0       ?destroy@?$Array@VPxExtendedBox@physx@@VNamedAllocator@shdfnd@2@@shdfnd@physx@@KAXPAVPxExtendedBox@3@0@Z 100182b0 f i CctCharacterController.obj
 0001:000172e0       ?destroy@?$Array@VPxTriangle@physx@@VNamedAllocator@shdfnd@2@@shdfnd@physx@@KAXPAVPxTriangle@3@0@Z 100182e0 f i CctCharacterController.obj
 0001:00017310       ?distance@physx@@YANABUPxExtendedVec3@1@0@Z 10018310 f i CctCharacterController.obj
 0001:000173b0       ?dot@PxVec3@physx@@QBEMABV12@@Z 100183b0 f i CctCharacterController.obj
 0001:00017410       ?encodeUserObject@Cct@physx@@YAIIW4UserObjectType@12@@Z 10018410 f i CctCharacterController.obj
 0001:000174c0       ?end@?$Array@IVNamedAllocator@shdfnd@physx@@@shdfnd@physx@@QAEPAIXZ 100184c0 f i CctCharacterController.obj
 0001:000174e0       ?end@?$Array@IVNamedAllocator@shdfnd@physx@@@shdfnd@physx@@QBEPBIXZ 100184e0 f i CctCharacterController.obj
 0001:00017500       ?finalizeQuery@?$PxHitCallback@UPxRaycastHit@physx@@@physx@@UAEXXZ 10018500 f i CctCharacterController.obj
 0001:00017510       ?find@?$HashBase@PAVPxShape@physx@@PAV12@U?$Hash@PAVPxShape@physx@@@shdfnd@2@UGetKey@?$HashSetBase@PAVPxShape@physx@@U?$Hash@PAVPxShape@physx@@@shdfnd@2@VAllocator@42@$0A@@internal@42@VAllocator@42@$0A@@internal@shdfnd@physx@@QBEPBQAVPxShape@4@ABQAV54@@Z 10018510 f i CctCharacterController.obj
 0001:000175e0       ?forceSize_Unsafe@?$Array@IVNamedAllocator@shdfnd@physx@@@shdfnd@physx@@QAEXI@Z 100185e0 f i CctCharacterController.obj
 0001:00017650       ?forceSize_Unsafe@?$Array@VPxTriangle@physx@@VNamedAllocator@shdfnd@2@@shdfnd@physx@@QAEXI@Z 10018650 f i CctCharacterController.obj
 0001:000176c0       ?getAnyHit@?$PxHitBuffer@UPxRaycastHit@physx@@@physx@@QBEABUPxRaycastHit@2@I@Z 100186c0 f i CctCharacterController.obj
 0001:00017780       ?getBasisVector0@PxQuat@physx@@QBE?AVPxVec3@2@XZ 10018780 f i CctCharacterController.obj
 0001:00017870       ?getCenter@PxBounds3@physx@@QBE?AVPxVec3@2@XZ 10018870 f i CctCharacterController.obj
 0001:00017920       ?getConcreteType@PxBase@physx@@QBEGXZ 10018920 f i CctCharacterController.obj
 0001:00017940       ?getDimensions@PxBounds3@physx@@QBE?AVPxVec3@2@XZ 10018940 f i CctCharacterController.obj
 0001:000179d0       ?getExtents@PxBounds3@physx@@QBE?AVPxVec3@2@XZ 100189d0 f i CctCharacterController.obj
 0001:00017a70       ?getGlobalPose@PxShapeExt@physx@@SA?AVPxTransform@2@ABVPxShape@2@ABVPxRigidActor@2@@Z 10018a70 f i CctCharacterController.obj
 0001:00017ac0       ?getNbTouches@?$PxHitBuffer@UPxRaycastHit@physx@@@physx@@QBEIXZ 10018ac0 f i CctCharacterController.obj
 0001:00017ae0       ?getNormalized@PxVec3@physx@@QBE?AV12@XZ 10018ae0 f i CctCharacterController.obj
 0001:00017ba0       ?getShapeGlobalPose@physx@@YA?AVPxTransform@1@ABVPxShape@1@ABVPxRigidActor@1@@Z 10018ba0 f i CctCharacterController.obj
 0001:00017bd0       ?getTouches@?$PxHitBuffer@UPxRaycastHit@physx@@@physx@@QBEPBUPxRaycastHit@2@XZ 10018bd0 f i CctCharacterController.obj
 0001:00017bf0       ?getType@SweptVolume@Cct@physx@@QBE?AW4Enum@SweptVolumeType@23@XZ 10018bf0 f i CctCharacterController.obj
 0001:00017c10       ?grow@?$Array@IVNamedAllocator@shdfnd@physx@@@shdfnd@physx@@IAEXI@Z 10018c10 f i CctCharacterController.obj
 0001:00017c90       ?growAndPushBack@?$Array@PBXVNamedAllocator@shdfnd@physx@@@shdfnd@physx@@IAEAAPBXABQBX@Z 10018c90 f i CctCharacterController.obj
 0001:00017e20       ?growAndPushBack@?$Array@UPxExtendedCapsule@physx@@VNamedAllocator@shdfnd@2@@shdfnd@physx@@IAEAAUPxExtendedCapsule@3@ABU43@@Z 10018e20 f i CctCharacterController.obj
 0001:00017fb0       ?growAndPushBack@?$Array@VPxExtendedBox@physx@@VNamedAllocator@shdfnd@2@@shdfnd@physx@@IAEAAVPxExtendedBox@3@ABV43@@Z 10018fb0 f i CctCharacterController.obj
 0001:00018130       ?hash@?$HashBase@PAVPxShape@physx@@PAV12@U?$Hash@PAVPxShape@physx@@@shdfnd@2@UGetKey@?$HashSetBase@PAVPxShape@physx@@U?$Hash@PAVPxShape@physx@@@shdfnd@2@VAllocator@42@$0A@@internal@42@VAllocator@42@$0A@@internal@shdfnd@physx@@ABEIABQAVPxShape@4@@Z 10019130 f i CctCharacterController.obj
 0001:00018160       ?hash@?$HashBase@PAVPxShape@physx@@PAV12@U?$Hash@PAVPxShape@physx@@@shdfnd@2@UGetKey@?$HashSetBase@PAVPxShape@physx@@U?$Hash@PAVPxShape@physx@@@shdfnd@2@VAllocator@42@$0A@@internal@42@VAllocator@42@$0A@@internal@shdfnd@physx@@ABEIABQAVPxShape@4@I@Z 10019160 f i CctCharacterController.obj
 0001:00018190       ?hash@shdfnd@physx@@YAII@Z 10019190 f i CctCharacterController.obj
 0001:00018210       ?hash@shdfnd@physx@@YAIPBX@Z 10019210 f i CctCharacterController.obj
 0001:00018230       ?intersectOBBAABB@Gu@physx@@YA_NABVBox@12@ABVPxBounds3@2@@Z 10019230 f i CctCharacterController.obj
 0001:000182a0       ?isAlmostZero@shdfnd@physx@@YA_NABVPxVec3@2@@Z 100192a0 f i CctCharacterController.obj
 0001:00018350       ?isFinite@PxBounds3@physx@@QBE_NXZ 10019350 f i CctCharacterController.obj
 0001:000183b0       ?isFinite@PxQuat@physx@@QBE_NXZ 100193b0 f i CctCharacterController.obj
 0001:00018470       ?isFinite@PxTransform@physx@@QBE_NXZ 10019470 f i CctCharacterController.obj
 0001:000184d0       ?isFinite@PxVec3@physx@@QBE_NXZ 100194d0 f i CctCharacterController.obj
 0001:00018570       ?isFinite@intrinsics@physx@@YA_NM@Z 10019570 f i CctCharacterController.obj
 0001:000185c0       ?isInUserMemory@?$Array@IVNamedAllocator@shdfnd@physx@@@shdfnd@physx@@QBEIXZ 100195c0 f i CctCharacterController.obj
 0001:000185e0       ?isInUserMemory@?$Array@PBXVNamedAllocator@shdfnd@physx@@@shdfnd@physx@@QBEIXZ 100195e0 f i CctCharacterController.obj
 0001:00018600       ?isInUserMemory@?$Array@UPxExtendedCapsule@physx@@VNamedAllocator@shdfnd@2@@shdfnd@physx@@QBEIXZ 10019600 f i CctCharacterController.obj
 0001:00018620       ?isInUserMemory@?$Array@VPxExtendedBox@physx@@VNamedAllocator@shdfnd@2@@shdfnd@physx@@QBEIXZ 10019620 f i CctCharacterController.obj
 0001:00018640       ?isInUserMemory@?$Array@VPxTriangle@physx@@VNamedAllocator@shdfnd@2@@shdfnd@physx@@QBEIXZ 10019640 f i CctCharacterController.obj
 0001:00018660       ?isInside@PxExtendedBounds3@physx@@QBE_NABU12@@Z 10019660 f i CctCharacterController.obj
 0001:00018720       ?isSane@PxQuat@physx@@QBE_NXZ 10019720 f i CctCharacterController.obj
 0001:000187b0       ?isSane@PxTransform@physx@@QBE_NXZ 100197b0 f i CctCharacterController.obj
 0001:00018800       ?isValid@PxBounds3@physx@@QBE_NXZ 10019800 f i CctCharacterController.obj
 0001:00018920       ?isZero@PxVec3@physx@@QBE_NXZ 10019920 f i CctCharacterController.obj
 0001:000189a0       ?magnitude@PxQuat@physx@@QBEMXZ 100199a0 f i CctCharacterController.obj
 0001:000189d0       ?magnitude@PxVec3@physx@@QBEMXZ 100199d0 f i CctCharacterController.obj
 0001:00018a00       ?magnitudeSquared@PxQuat@physx@@QBEMXZ 10019a00 f i CctCharacterController.obj
 0001:00018a80       ?magnitudeSquared@PxVec3@physx@@QBEMXZ 10019a80 f i CctCharacterController.obj
 0001:00018ae0       ?maximum@PxExtendedVec3@physx@@QAEXABU12@@Z 10019ae0 f i CctCharacterController.obj
 0001:00018b70       ?minimum@PxExtendedVec3@physx@@QAEXABU12@@Z 10019b70 f i CctCharacterController.obj
 0001:00018c00       ?normal@PxTriangle@physx@@QBEXAAVPxVec3@2@@Z 10019c00 f i CctCharacterController.obj
 0001:00018c90       ?normalize@PxVec3@physx@@QAEMXZ 10019c90 f i CctCharacterController.obj
 0001:00018ce0       ?postFilter@ControllerFilter@@UAE?AW4Enum@PxQueryHitType@physx@@ABUPxFilterData@4@ABUPxQueryHit@4@@Z 10019ce0 f i CctCharacterController.obj
 0001:00018da0       ?preFilter@ControllerFilter@@UAE?AW4Enum@PxQueryHitType@physx@@ABUPxFilterData@4@PBVPxShape@4@PBVPxRigidActor@4@AAV?$PxFlags@W4Enum@PxHitFlag@physx@@G@4@@Z 10019da0 f i CctCharacterController.obj
 0001:00018e80       ?processTouches@?$PxHitBuffer@UPxRaycastHit@physx@@@physx@@MAE_NPBUPxRaycastHit@2@I@Z 10019e80 f i CctCharacterController.obj
 0001:00018eb0       ?pushBack@?$Array@PBXVNamedAllocator@shdfnd@physx@@@shdfnd@physx@@QAEAAPBXABQBX@Z 10019eb0 f i CctCharacterController.obj
 0001:00018f60       ?pushBack@?$Array@UPxExtendedCapsule@physx@@VNamedAllocator@shdfnd@2@@shdfnd@physx@@QAEAAUPxExtendedCapsule@3@ABU43@@Z 10019f60 f i CctCharacterController.obj
 0001:00019020       ?pushBack@?$Array@VPxExtendedBox@physx@@VNamedAllocator@shdfnd@2@@shdfnd@physx@@QAEAAVPxExtendedBox@3@ABV43@@Z 1001a020 f i CctCharacterController.obj
 0001:000190d0       ?recipSqrt@intrinsics@physx@@YAMM@Z 1001a0d0 f i CctCharacterController.obj
 0001:00019120       ?recreate@?$Array@IVNamedAllocator@shdfnd@physx@@@shdfnd@physx@@IAEXI@Z 1001a120 f i CctCharacterController.obj
 0001:00019230       ?reserve@?$Array@IVNamedAllocator@shdfnd@physx@@@shdfnd@physx@@QAEXI@Z 1001a230 f i CctCharacterController.obj
 0001:00019260       ?resetStats@SweepTest@Cct@physx@@QAEXXZ 1001a260 f i CctCharacterController.obj
 0001:000192b0       ?resizeUninitialized@?$Array@IVNamedAllocator@shdfnd@physx@@@shdfnd@physx@@QAEXI@Z 1001a2b0 f i CctCharacterController.obj
 0001:000192e0       ?rotate@PxQuat@physx@@QBE?BVPxVec3@2@ABV32@@Z 1001a2e0 f i CctCharacterController.obj
 0001:000194d0       ?rotateInv@PxQuat@physx@@QBE?BVPxVec3@2@ABV32@@Z 1001a4d0 f i CctCharacterController.obj
 0001:000196c0       ?selectMax@intrinsics@physx@@YAMMM@Z 1001a6c0 f i CctCharacterController.obj
 0001:00019700       ?selectMin@intrinsics@physx@@YAMMM@Z 1001a700 f i CctCharacterController.obj
 0001:00019740       ?set@PxExtendedBounds3@physx@@QAEXNNNNNN@Z 1001a740 f i CctCharacterController.obj
 0001:000197d0       ?set@PxExtendedVec3@physx@@QAEXNNN@Z 1001a7d0 f i CctCharacterController.obj
 0001:00019810       ?setEmpty@PxExtendedBounds3@physx@@QAEXXZ 1001a810 f i CctCharacterController.obj
 0001:000198a0       ?setWorldPos@SweptContact@Cct@physx@@QAEXABVPxVec3@3@ABUPxExtendedVec3@3@@Z 1001a8a0 f i CctCharacterController.obj
 0001:00019910       ?size@?$Array@IVNamedAllocator@shdfnd@physx@@@shdfnd@physx@@QBEIXZ 1001a910 f i CctCharacterController.obj
 0001:00019930       ?size@?$Array@PBXVNamedAllocator@shdfnd@physx@@@shdfnd@physx@@QBEIXZ 1001a930 f i CctCharacterController.obj
 0001:00019950       ?size@?$Array@UInternalBoxObstacle@ObstacleContext@Cct@physx@@VNamedAllocator@shdfnd@4@@shdfnd@physx@@QBEIXZ 1001a950 f i CctCharacterController.obj
 0001:00019970       ?size@?$Array@UInternalCapsuleObstacle@ObstacleContext@Cct@physx@@VNamedAllocator@shdfnd@4@@shdfnd@physx@@QBEIXZ 1001a970 f i CctCharacterController.obj
 0001:00019990       ?size@?$Array@UPxExtendedCapsule@physx@@VNamedAllocator@shdfnd@2@@shdfnd@physx@@QBEIXZ 1001a990 f i CctCharacterController.obj
 0001:000199b0       ?size@?$Array@VPxExtendedBox@physx@@VNamedAllocator@shdfnd@2@@shdfnd@physx@@QBEIXZ 1001a9b0 f i CctCharacterController.obj
 0001:000199d0       ?size@?$Array@VPxTriangle@physx@@VNamedAllocator@shdfnd@2@@shdfnd@physx@@QBEIXZ 1001a9d0 f i CctCharacterController.obj
 0001:000199f0       ?sqrt@intrinsics@physx@@YAMM@Z 1001a9f0 f i CctCharacterController.obj
 0001:00019a10       ?testSlope@physx@@YA_NABVPxVec3@1@0M@Z 1001aa10 f i CctCharacterController.obj
 0001:00019a70       ?toVec3@physx@@YA?AVPxVec3@1@ABUPxExtendedVec3@1@@Z 1001aa70 f i CctCharacterController.obj
 0001:00019ac0       ?transform@PxTransform@physx@@QBE?AV12@ABV12@@Z 1001aac0 f i CctCharacterController.obj
 0001:00019bd0       ?transform@PxTransform@physx@@QBE?AVPxVec3@2@ABV32@@Z 1001abd0 f i CctCharacterController.obj
 0001:00019c70       ?transformInv@PxTransform@physx@@QBE?AVPxVec3@2@ABV32@@Z 1001ac70 f i CctCharacterController.obj
 0001:00019d00       _fabsf                     1001ad00 f i CctCharacterController.obj
 0001:00019d30       _sqrtf                     1001ad30 f i CctCharacterController.obj
 0001:00019db0       ?getSceneTimestamp@Cct@physx@@YAIPBUInternalCBData_FindTouchedGeom@12@@Z 1001adb0 f   CctCharacterControllerCallbacks.obj
 0001:00019e20       ?findTouchedGeometry@Cct@physx@@YAXPBUInternalCBData_FindTouchedGeom@12@ABUPxExtendedBounds3@2@AAV?$Array@VPxTriangle@physx@@VNamedAllocator@shdfnd@2@@shdfnd@2@AAV?$Array@IVNamedAllocator@shdfnd@physx@@@62@3ABVCCTFilter@12@ABUCCTParams@12@AAG@Z 1001ae20 f   CctCharacterControllerCallbacks.obj
 0001:0001a2b0       ?shapeHitCallback@Cct@physx@@YAIPBUInternalCBData_OnHit@12@ABUSweptContact@12@ABVPxVec3@2@M@Z 1001b2b0 f   CctCharacterControllerCallbacks.obj
 0001:0001a370       ?userHitCallback@Cct@physx@@YAIPBUInternalCBData_OnHit@12@ABUSweptContact@12@ABVPxVec3@2@M@Z 1001b370 f   CctCharacterControllerCallbacks.obj
 0001:0001e070       ??$PX_UNUSED@PBUPxOverlapHit@physx@@@@YAXABQBUPxOverlapHit@physx@@@Z 1001f070 f i CctCharacterControllerCallbacks.obj
 0001:0001e080       ??$reserve@VPxTriangle@physx@@VNamedAllocator@shdfnd@2@@Cct@physx@@YAPAVPxTriangle@1@AAV?$Array@VPxTriangle@physx@@VNamedAllocator@shdfnd@2@@shdfnd@1@I@Z 1001f080 f i CctCharacterControllerCallbacks.obj
 0001:0001e0d0       ??0?$PxFlags@W4Enum@PxMeshGeometryFlag@physx@@E@physx@@QAE@E@Z 1001f0d0 f i CctCharacterControllerCallbacks.obj
 0001:0001e0f0       ??0?$PxFlags@W4Enum@PxMeshGeometryFlag@physx@@E@physx@@QAE@XZ 1001f0f0 f i CctCharacterControllerCallbacks.obj
 0001:0001e110       ??0?$PxHitBuffer@UPxOverlapHit@physx@@@physx@@QAE@PAUPxOverlapHit@1@I@Z 1001f110 f i CctCharacterControllerCallbacks.obj
 0001:0001e150       ??0?$PxHitCallback@UPxOverlapHit@physx@@@physx@@QAE@PAUPxOverlapHit@1@I@Z 1001f150 f i CctCharacterControllerCallbacks.obj
 0001:0001e1b0       ??0?$PxPadding@$02@physx@@QAE@XZ 1001f1b0 f i CctCharacterControllerCallbacks.obj
 0001:0001e200       ??0PxControllerHit@physx@@QAE@XZ 1001f200 f i CctCharacterControllerCallbacks.obj
 0001:0001e240       ??0PxControllerObstacleHit@physx@@QAE@XZ 1001f240 f i CctCharacterControllerCallbacks.obj
 0001:0001e260       ??0PxControllerShapeHit@physx@@QAE@XZ 1001f260 f i CctCharacterControllerCallbacks.obj
 0001:0001e280       ??0PxControllersHit@physx@@QAE@XZ 1001f280 f i CctCharacterControllerCallbacks.obj
 0001:0001e2a0       ??0PxConvexMeshGeometry@physx@@QAE@XZ 1001f2a0 f i CctCharacterControllerCallbacks.obj
 0001:0001e2f0       ??0PxExtendedSphere@physx@@QAE@XZ 1001f2f0 f i CctCharacterControllerCallbacks.obj
 0001:0001e310       ??0PxHeightFieldGeometry@physx@@QAE@XZ 1001f310 f i CctCharacterControllerCallbacks.obj
 0001:0001e3a0       ??0PxMat33@physx@@QAE@ABVPxVec3@1@00@Z 1001f3a0 f i CctCharacterControllerCallbacks.obj
 0001:0001e3f0       ??0PxMat44@physx@@QAE@ABVPxMat33@1@ABVPxVec3@1@@Z 1001f3f0 f i CctCharacterControllerCallbacks.obj
 0001:0001e4a0       ??0PxMeshScale@physx@@QAE@M@Z 1001f4a0 f i CctCharacterControllerCallbacks.obj
 0001:0001e4e0       ??0PxMeshScale@physx@@QAE@XZ 1001f4e0 f i CctCharacterControllerCallbacks.obj
 0001:0001e520       ??0PxOverlapHit@physx@@QAE@XZ 1001f520 f i CctCharacterControllerCallbacks.obj
 0001:0001e540       ??0PxPlane@physx@@QAE@ABVPxVec3@1@M@Z 1001f540 f i CctCharacterControllerCallbacks.obj
 0001:0001e580       ??0PxPlane@physx@@QAE@MMMM@Z 1001f580 f i CctCharacterControllerCallbacks.obj
 0001:0001e5e0       ??0PxQueryFilterData@physx@@QAE@$$QAU01@@Z 1001f5e0 f i CctCharacterControllerCallbacks.obj
 0001:0001e640       ??0PxQueryFilterData@physx@@QAE@V?$PxFlags@W4Enum@PxQueryFlag@physx@@G@1@@Z 1001f640 f i CctCharacterControllerCallbacks.obj
 0001:0001e680       ??0PxTransform@physx@@QAE@ABVPxVec3@1@@Z 1001f680 f i CctCharacterControllerCallbacks.obj
 0001:0001e6c0       ??0PxTriangle@physx@@QAE@ABV01@@Z 1001f6c0 f i CctCharacterControllerCallbacks.obj
 0001:0001e760       ??0PxTriangle@physx@@QAE@ABVPxVec3@1@00@Z 1001f760 f i CctCharacterControllerCallbacks.obj
 0001:0001e7e0       ??0PxTriangle@physx@@QAE@XZ 1001f7e0 f i CctCharacterControllerCallbacks.obj
 0001:0001e810       ??0PxTriangleMeshGeometry@physx@@QAE@XZ 1001f810 f i CctCharacterControllerCallbacks.obj
 0001:0001e870       ??0PxVec4@physx@@QAE@ABVPxVec3@1@M@Z 1001f870 f i CctCharacterControllerCallbacks.obj
 0001:0001e8c0       ??0PxVec4@physx@@QAE@MMMM@Z 1001f8c0 f i CctCharacterControllerCallbacks.obj
 0001:0001e920       ??0TessParams@@QAE@XZ      1001f920 f i CctCharacterControllerCallbacks.obj
 0001:0001e950       ??1?$PxHitBuffer@UPxOverlapHit@physx@@@physx@@UAE@XZ 1001f950 f i CctCharacterControllerCallbacks.obj
 0001:0001e980       ??1?$PxHitCallback@UPxOverlapHit@physx@@@physx@@UAE@XZ 1001f980 f i CctCharacterControllerCallbacks.obj
 0001:0001e9a0       ??1PxExtendedSphere@physx@@QAE@XZ 1001f9a0 f i CctCharacterControllerCallbacks.obj
 0001:0001e9b0       ??APxVec3@physx@@QBEABMH@Z 1001f9b0 f i CctCharacterControllerCallbacks.obj
 0001:0001ea20       ??DPxMat33@physx@@QBE?AV01@ABV01@@Z 1001fa20 f i CctCharacterControllerCallbacks.obj
 0001:0001ea90       ??DPxVec4@physx@@QBE?AV01@M@Z 1001fa90 f i CctCharacterControllerCallbacks.obj
 0001:0001eb10       ??HPxVec4@physx@@QBE?AV01@ABV01@@Z 1001fb10 f i CctCharacterControllerCallbacks.obj
 0001:0001eba0       ??_E?$PxHitBuffer@UPxOverlapHit@physx@@@physx@@UAEPAXI@Z 1001fba0 f i CctCharacterControllerCallbacks.obj
 0001:0001eba0       ??_G?$PxHitBuffer@UPxOverlapHit@physx@@@physx@@UAEPAXI@Z 1001fba0 f i CctCharacterControllerCallbacks.obj
 0001:0001ebe0       ??_E?$PxHitCallback@UPxOverlapHit@physx@@@physx@@UAEPAXI@Z 1001fbe0 f i CctCharacterControllerCallbacks.obj
 0001:0001ebe0       ??_G?$PxHitCallback@UPxOverlapHit@physx@@@physx@@UAEPAXI@Z 1001fbe0 f i CctCharacterControllerCallbacks.obj
 0001:0001ec20       ?PxPlaneEquationFromTransform@physx@@YA?AVPxPlane@1@ABVPxTransform@1@@Z 1001fc20 f i CctCharacterControllerCallbacks.obj
 0001:0001ec90       ?allocate@?$Array@VPxTriangle@physx@@VNamedAllocator@shdfnd@2@@shdfnd@physx@@IAEPAVPxTriangle@3@I@Z 1001fc90 f i CctCharacterControllerCallbacks.obj
 0001:0001ed10       ?begin@?$Array@VPxTriangle@physx@@VNamedAllocator@shdfnd@2@@shdfnd@physx@@QAEPAVPxTriangle@3@XZ 1001fd10 f i CctCharacterControllerCallbacks.obj
 0001:0001ed30       ?capacityIncrement@?$Array@IVNamedAllocator@shdfnd@physx@@@shdfnd@physx@@IBEIXZ 1001fd30 f i CctCharacterControllerCallbacks.obj
 0001:0001ed70       ?capacityIncrement@?$Array@VPxTriangle@physx@@VNamedAllocator@shdfnd@2@@shdfnd@physx@@IBEIXZ 1001fd70 f i CctCharacterControllerCallbacks.obj
 0001:0001edb0       ?centerExtents@PxBounds3@physx@@SA?AV12@ABVPxVec3@2@0@Z 1001fdb0 f i CctCharacterControllerCallbacks.obj
 0001:0001ee00       ?computeBasis@shdfnd@physx@@YAXABVPxVec3@2@AAV32@1@Z 1001fe00 f i CctCharacterControllerCallbacks.obj
 0001:0001ef20       ?copy@?$Array@VPxTriangle@physx@@VNamedAllocator@shdfnd@2@@shdfnd@physx@@KAXPAVPxTriangle@3@0PBV43@@Z 1001ff20 f i CctCharacterControllerCallbacks.obj
 0001:0001ef90       ?decodeIndex@Cct@physx@@YAII@Z 1001ff90 f i CctCharacterControllerCallbacks.obj
 0001:0001efa0       ?decodeType@Cct@physx@@YA?AW4UserObjectType@12@I@Z 1001ffa0 f i CctCharacterControllerCallbacks.obj
 0001:0001efb0       ?distance@PxPlane@physx@@QBEMABVPxVec3@2@@Z 1001ffb0 f i CctCharacterControllerCallbacks.obj
 0001:0001eff0       ?finalizeQuery@?$PxHitCallback@UPxOverlapHit@physx@@@physx@@UAEXXZ 1001fff0 f i CctCharacterControllerCallbacks.obj
 0001:0001f000       ?getAnyHit@?$PxHitBuffer@UPxOverlapHit@physx@@@physx@@QBEABUPxOverlapHit@2@I@Z 10020000 f i CctCharacterControllerCallbacks.obj
 0001:0001f0c0       ?getNbAnyHits@?$PxHitBuffer@UPxOverlapHit@physx@@@physx@@QBEIXZ 100200c0 f i CctCharacterControllerCallbacks.obj
 0001:0001f0f0       ?getNbTouches@?$PxHitBuffer@UPxOverlapHit@physx@@@physx@@QBEIXZ 100200f0 f i CctCharacterControllerCallbacks.obj
 0001:0001f110       ?getPosition@PxMat44@physx@@QBE?AVPxVec3@2@XZ 10020110 f i CctCharacterControllerCallbacks.obj
 0001:0001f140       ?getResults@PxMeshOverlapUtil@physx@@QBEPBIXZ 10020140 f i CctCharacterControllerCallbacks.obj
 0001:0001f160       ?getTouches@?$PxHitBuffer@UPxOverlapHit@physx@@@physx@@QBEPBUPxOverlapHit@2@XZ 10020160 f i CctCharacterControllerCallbacks.obj
 0001:0001f180       ?getTranspose@PxMat33@physx@@QBE?AV12@XZ 10020180 f i CctCharacterControllerCallbacks.obj
 0001:0001f270       ?getXYZ@PxVec4@physx@@QBE?AVPxVec3@2@XZ 10020270 f i CctCharacterControllerCallbacks.obj
 0001:0001f2d0       ?grow@?$Array@VPxTriangle@physx@@VNamedAllocator@shdfnd@2@@shdfnd@physx@@IAEXI@Z 100202d0 f i CctCharacterControllerCallbacks.obj
 0001:0001f350       ?growAndPushBack@?$Array@IVNamedAllocator@shdfnd@physx@@@shdfnd@physx@@IAEAAIABI@Z 10020350 f i CctCharacterControllerCallbacks.obj
 0001:0001f4e0       ?growAndPushBack@?$Array@VPxTriangle@physx@@VNamedAllocator@shdfnd@2@@shdfnd@physx@@IAEAAVPxTriangle@3@ABV43@@Z 100204e0 f i CctCharacterControllerCallbacks.obj
 0001:0001f660       ?processTouches@?$PxHitBuffer@UPxOverlapHit@physx@@@physx@@MAE_NPBUPxOverlapHit@2@I@Z 10020660 f i CctCharacterControllerCallbacks.obj
 0001:0001f690       ?project@PxPlane@physx@@QBE?AVPxVec3@2@ABV32@@Z 10020690 f i CctCharacterControllerCallbacks.obj
 0001:0001f6e0       ?pushBack@?$Array@IVNamedAllocator@shdfnd@physx@@@shdfnd@physx@@QAEAAIABI@Z 100206e0 f i CctCharacterControllerCallbacks.obj
 0001:0001f790       ?pushBack@?$Array@VPxTriangle@physx@@VNamedAllocator@shdfnd@2@@shdfnd@physx@@QAEAAVPxTriangle@3@ABV43@@Z 10020790 f i CctCharacterControllerCallbacks.obj
 0001:0001f840       ?recreate@?$Array@VPxTriangle@physx@@VNamedAllocator@shdfnd@2@@shdfnd@physx@@IAEXI@Z 10020840 f i CctCharacterControllerCallbacks.obj
 0001:0001f940       ?reserve@?$Array@VPxTriangle@physx@@VNamedAllocator@shdfnd@2@@shdfnd@physx@@QAEXI@Z 10020940 f i CctCharacterControllerCallbacks.obj
 0001:0001f970       ?resizeUninitialized@?$Array@VPxTriangle@physx@@VNamedAllocator@shdfnd@2@@shdfnd@physx@@QAEXI@Z 10020970 f i CctCharacterControllerCallbacks.obj
 0001:0001f9a0       ?rotate@PxMat44@physx@@QBE?BVPxVec3@2@ABV32@@Z 100209a0 f i CctCharacterControllerCallbacks.obj
 0001:0001fa00       ?rotate@PxMat44@physx@@QBE?BVPxVec4@2@ABV32@@Z 10020a00 f i CctCharacterControllerCallbacks.obj
 0001:0001faa0       ?rotate@PxTransform@physx@@QBE?AVPxVec3@2@ABV32@@Z 10020aa0 f i CctCharacterControllerCallbacks.obj
 0001:0001fb20       ?toMat33@PxMeshScale@physx@@QBE?AVPxMat33@2@XZ 10020b20 f i CctCharacterControllerCallbacks.obj
 0001:0001fbe0       ?transform@PxMat33@physx@@QBE?AVPxVec3@2@ABV32@@Z 10020be0 f i CctCharacterControllerCallbacks.obj
 0001:0001fc80       ?transform@PxTransform@physx@@QBE?AVPxPlane@2@ABV32@@Z 10020c80 f i CctCharacterControllerCallbacks.obj
 0001:0001fd40       _PxCreateControllerManager 10020d40 f   CctCharacterControllerManager.obj
 0001:0001fdb0       ??0CharacterControllerManager@Cct@physx@@QAE@AAVPxScene@2@_N@Z 10020db0 f   CctCharacterControllerManager.obj
 0001:0001ff20       ??1CharacterControllerManager@Cct@physx@@UAE@XZ 10020f20 f   CctCharacterControllerManager.obj
 0001:0001ffd0       ?release@CharacterControllerManager@Cct@physx@@UAEXXZ 10020fd0 f   CctCharacterControllerManager.obj
 0001:00020070       ?getScene@CharacterControllerManager@Cct@physx@@UBEAAVPxScene@3@XZ 10021070 f   CctCharacterControllerManager.obj
 0001:00020090       ?getNbControllers@CharacterControllerManager@Cct@physx@@UBEIXZ 10021090 f   CctCharacterControllerManager.obj
 0001:000200b0       ?getController@CharacterControllerManager@Cct@physx@@UAEPAVPxController@3@I@Z 100210b0 f   CctCharacterControllerManager.obj
 0001:00020160       ?createController@CharacterControllerManager@Cct@physx@@UAEPAVPxController@3@ABVPxControllerDesc@3@@Z 10021160 f   CctCharacterControllerManager.obj
 0001:000203c0       ?purgeControllers@CharacterControllerManager@Cct@physx@@UAEXXZ 100213c0 f   CctCharacterControllerManager.obj
 0001:00020410       ?getRenderBuffer@CharacterControllerManager@Cct@physx@@UAEAAVPxRenderBuffer@3@XZ 10021410 f   CctCharacterControllerManager.obj
 0001:00020480       ?setDebugRenderingFlags@CharacterControllerManager@Cct@physx@@UAEXV?$PxFlags@W4Enum@PxControllerDebugRenderFlag@physx@@I@3@@Z 10021480 f   CctCharacterControllerManager.obj
 0001:000204f0       ?getNbObstacleContexts@CharacterControllerManager@Cct@physx@@UBEIXZ 100214f0 f   CctCharacterControllerManager.obj
 0001:00020510       ?getObstacleContext@CharacterControllerManager@Cct@physx@@UAEPAVPxObstacleContext@3@I@Z 10021510 f   CctCharacterControllerManager.obj
 0001:000205b0       ?createObstacleContext@CharacterControllerManager@Cct@physx@@UAEPAVPxObstacleContext@3@XZ 100215b0 f   CctCharacterControllerManager.obj
 0001:00020620       ?computeInteractions@CharacterControllerManager@Cct@physx@@UAEXMPAVPxControllerFilterCallback@3@@Z 10021620 f   CctCharacterControllerManager.obj
 0001:00020870       ?setTessellation@CharacterControllerManager@Cct@physx@@UAEX_NM@Z 10021870 f   CctCharacterControllerManager.obj
 0001:000208a0       ?setOverlapRecoveryModule@CharacterControllerManager@Cct@physx@@UAEX_N@Z 100218a0 f   CctCharacterControllerManager.obj
 0001:000208c0       ?setPreciseSweeps@CharacterControllerManager@Cct@physx@@UAEX_N@Z 100218c0 f   CctCharacterControllerManager.obj
 0001:000208e0       ?setPreventVerticalSlidingAgainstCeiling@CharacterControllerManager@Cct@physx@@UAEX_N@Z 100218e0 f   CctCharacterControllerManager.obj
 0001:00020900       ?shiftOrigin@CharacterControllerManager@Cct@physx@@UAEXABVPxVec3@3@@Z 10021900 f   CctCharacterControllerManager.obj
 0001:00020a40       ?onObstacleRemoved@CharacterControllerManager@Cct@physx@@QBEXI@Z 10021a40 f   CctCharacterControllerManager.obj
 0001:00020a90       ?onObstacleUpdated@CharacterControllerManager@Cct@physx@@QBEXIPBVPxObstacleContext@3@@Z 10021a90 f   CctCharacterControllerManager.obj
 0001:00020b60       ?onObstacleAdded@CharacterControllerManager@Cct@physx@@QBEXIPBVPxObstacleContext@3@@Z 10021b60 f   CctCharacterControllerManager.obj
 0001:00020c30       ?releaseController@CharacterControllerManager@Cct@physx@@QAEXAAVPxController@3@@Z 10021c30 f   CctCharacterControllerManager.obj
 0001:00020df0       ?getControllers@CharacterControllerManager@Cct@physx@@QAEPAPAVController@23@XZ 10021df0 f   CctCharacterControllerManager.obj
 0001:00020e10       ?releaseObstacleContext@CharacterControllerManager@Cct@physx@@QAEXAAVObstacleContext@23@@Z 10021e10 f   CctCharacterControllerManager.obj
 0001:00020ec0       ?resetObstaclesBuffers@CharacterControllerManager@Cct@physx@@QAEXXZ 10021ec0 f   CctCharacterControllerManager.obj
 0001:000235c0       ??$?2V?$ReflectionAllocator@VBoxController@Cct@physx@@@shdfnd@physx@@@UserAllocated@shdfnd@physx@@SAPAXIV?$ReflectionAllocator@VBoxController@Cct@physx@@@12@PBDH@Z 100245c0 f i CctCharacterControllerManager.obj
 0001:000235e0       ??$?2V?$ReflectionAllocator@VCapsuleController@Cct@physx@@@shdfnd@physx@@@UserAllocated@shdfnd@physx@@SAPAXIV?$ReflectionAllocator@VCapsuleController@Cct@physx@@@12@PBDH@Z 100245e0 f i CctCharacterControllerManager.obj
 0001:00023600       ??$?2V?$ReflectionAllocator@VCharacterControllerManager@Cct@physx@@@shdfnd@physx@@@UserAllocated@shdfnd@physx@@SAPAXIV?$ReflectionAllocator@VCharacterControllerManager@Cct@physx@@@12@PBDH@Z 10024600 f i CctCharacterControllerManager.obj
 0001:00023620       ??$?2V?$ReflectionAllocator@VObstacleContext@Cct@physx@@@shdfnd@physx@@@UserAllocated@shdfnd@physx@@SAPAXIV?$ReflectionAllocator@VObstacleContext@Cct@physx@@@12@PBDH@Z 10024620 f i CctCharacterControllerManager.obj
 0001:00023640       ??$?2V?$ReflectionAllocator@VRenderBuffer@Cm@physx@@@shdfnd@physx@@@UserAllocated@shdfnd@physx@@SAPAXIV?$ReflectionAllocator@VRenderBuffer@Cm@physx@@@12@PBDH@Z 10024640 f i CctCharacterControllerManager.obj
 0001:00023660       ??$append@UPxDebugLine@physx@@@RenderBuffer@Cm@physx@@AAEXAAV?$Array@UPxDebugLine@physx@@VNamedAllocator@shdfnd@2@@shdfnd@2@PBUPxDebugLine@2@I@Z 10024660 f i CctCharacterControllerManager.obj
 0001:000236d0       ??$append@UPxDebugPoint@physx@@@RenderBuffer@Cm@physx@@AAEXAAV?$Array@UPxDebugPoint@physx@@VNamedAllocator@shdfnd@2@@shdfnd@2@PBUPxDebugPoint@2@I@Z 100246d0 f i CctCharacterControllerManager.obj
 0001:00023740       ??$append@UPxDebugText@physx@@@RenderBuffer@Cm@physx@@AAEXAAV?$Array@UPxDebugText@physx@@VNamedAllocator@shdfnd@2@@shdfnd@2@PBUPxDebugText@2@I@Z 10024740 f i CctCharacterControllerManager.obj
 0001:000237b0       ??$append@UPxDebugTriangle@physx@@@RenderBuffer@Cm@physx@@AAEXAAV?$Array@UPxDebugTriangle@physx@@VNamedAllocator@shdfnd@2@@shdfnd@2@PBUPxDebugTriangle@2@I@Z 100247b0 f i CctCharacterControllerManager.obj
 0001:00023820       ??$resetOrClear@V?$Array@PBXVNamedAllocator@shdfnd@physx@@@shdfnd@physx@@@@YAXAAV?$Array@PBXVNamedAllocator@shdfnd@physx@@@shdfnd@physx@@@Z 10024820 f i CctCharacterControllerManager.obj
 0001:00023880       ??$resetOrClear@V?$Array@UPxExtendedCapsule@physx@@VNamedAllocator@shdfnd@2@@shdfnd@physx@@@@YAXAAV?$Array@UPxExtendedCapsule@physx@@VNamedAllocator@shdfnd@2@@shdfnd@physx@@@Z 10024880 f i CctCharacterControllerManager.obj
 0001:000238e0       ??$resetOrClear@V?$Array@VPxExtendedBox@physx@@VNamedAllocator@shdfnd@2@@shdfnd@physx@@@@YAXAAV?$Array@VPxExtendedBox@physx@@VNamedAllocator@shdfnd@2@@shdfnd@physx@@@Z 100248e0 f i CctCharacterControllerManager.obj
 0001:00023940       ??$swap@PAVController@Cct@physx@@@shdfnd@physx@@YAXAAPAVController@Cct@1@0@Z 10024940 f i CctCharacterControllerManager.obj
 0001:00023970       ??0?$Array@DVNamedAllocator@shdfnd@physx@@@shdfnd@physx@@QAE@ABVNamedAllocator@12@@Z 10024970 f i CctCharacterControllerManager.obj
 0001:000239c0       ??0?$Array@PAVController@Cct@physx@@VNamedAllocator@shdfnd@3@@shdfnd@physx@@QAE@ABVNamedAllocator@12@@Z 100249c0 f i CctCharacterControllerManager.obj
 0001:00023a10       ??0?$Array@PAVObstacleContext@Cct@physx@@VNamedAllocator@shdfnd@3@@shdfnd@physx@@QAE@ABVNamedAllocator@12@@Z 10024a10 f i CctCharacterControllerManager.obj
 0001:00023a60       ??0?$Array@PBXVNamedAllocator@shdfnd@physx@@@shdfnd@physx@@QAE@ABVNamedAllocator@12@@Z 10024a60 f i CctCharacterControllerManager.obj
 0001:00023ab0       ??0?$Array@UPxDebugLine@physx@@VNamedAllocator@shdfnd@2@@shdfnd@physx@@QAE@ABVNamedAllocator@12@@Z 10024ab0 f i CctCharacterControllerManager.obj
 0001:00023b00       ??0?$Array@UPxDebugPoint@physx@@VNamedAllocator@shdfnd@2@@shdfnd@physx@@QAE@ABVNamedAllocator@12@@Z 10024b00 f i CctCharacterControllerManager.obj
 0001:00023b50       ??0?$Array@UPxDebugText@physx@@VNamedAllocator@shdfnd@2@@shdfnd@physx@@QAE@ABVNamedAllocator@12@@Z 10024b50 f i CctCharacterControllerManager.obj
 0001:00023ba0       ??0?$Array@UPxDebugTriangle@physx@@VNamedAllocator@shdfnd@2@@shdfnd@physx@@QAE@ABVNamedAllocator@12@@Z 10024ba0 f i CctCharacterControllerManager.obj
 0001:00023bf0       ??0?$Array@UPxExtendedCapsule@physx@@VNamedAllocator@shdfnd@2@@shdfnd@physx@@QAE@ABVNamedAllocator@12@@Z 10024bf0 f i CctCharacterControllerManager.obj
 0001:00023c40       ??0?$Array@VPxExtendedBox@physx@@VNamedAllocator@shdfnd@2@@shdfnd@physx@@QAE@ABVNamedAllocator@12@@Z 10024c40 f i CctCharacterControllerManager.obj
 0001:00023c90       ??0?$HashBase@PAVPxShape@physx@@PAV12@U?$Hash@PAVPxShape@physx@@@shdfnd@2@UGetKey@?$HashSetBase@PAVPxShape@physx@@U?$Hash@PAVPxShape@physx@@@shdfnd@2@VAllocator@42@$0A@@internal@42@VAllocator@42@$0A@@internal@shdfnd@physx@@QAE@IM@Z 10024c90 f i CctCharacterControllerManager.obj
 0001:00023ce0       ??0?$HashSet@PAVPxShape@physx@@U?$Hash@PAVPxShape@physx@@@shdfnd@2@VAllocator@42@@shdfnd@physx@@QAE@IM@Z 10024ce0 f i CctCharacterControllerManager.obj
 0001:00023d10       ??0?$HashSetBase@PAVPxShape@physx@@U?$Hash@PAVPxShape@physx@@@shdfnd@2@VAllocator@42@$0A@@internal@shdfnd@physx@@QAE@IM@Z 10024d10 f i CctCharacterControllerManager.obj
 0001:00023d40       ??0?$PxFlags@W4Enum@PxControllerDebugRenderFlag@physx@@I@physx@@QAE@I@Z 10024d40 f i CctCharacterControllerManager.obj
 0001:00023d60       ??0?$ReflectionAllocator@VBoxController@Cct@physx@@@shdfnd@physx@@QAE@PBD@Z 10024d60 f i CctCharacterControllerManager.obj
 0001:00023d80       ??0?$ReflectionAllocator@VCapsuleController@Cct@physx@@@shdfnd@physx@@QAE@PBD@Z 10024d80 f i CctCharacterControllerManager.obj
 0001:00023da0       ??0?$ReflectionAllocator@VCharacterControllerManager@Cct@physx@@@shdfnd@physx@@QAE@PBD@Z 10024da0 f i CctCharacterControllerManager.obj
 0001:00023dc0       ??0?$ReflectionAllocator@VObstacleContext@Cct@physx@@@shdfnd@physx@@QAE@PBD@Z 10024dc0 f i CctCharacterControllerManager.obj
 0001:00023de0       ??0?$ReflectionAllocator@VRenderBuffer@Cm@physx@@@shdfnd@physx@@QAE@PBD@Z 10024de0 f i CctCharacterControllerManager.obj
 0001:00023e00       ??0Axes@Gu@physx@@QAE@W4AxisOrder@12@@Z 10024e00 f i CctCharacterControllerManager.obj
 0001:00023e50       ??0PxDebugLine@physx@@QAE@ABU01@@Z 10024e50 f i CctCharacterControllerManager.obj
 0001:00023eb0       ??0PxDebugPoint@physx@@QAE@ABU01@@Z 10024eb0 f i CctCharacterControllerManager.obj
 0001:00023ef0       ??0PxDebugText@physx@@QAE@ABU01@@Z 10024ef0 f i CctCharacterControllerManager.obj
 0001:00023f40       ??0PxDebugTriangle@physx@@QAE@ABU01@@Z 10024f40 f i CctCharacterControllerManager.obj
 0001:00023fc0       ??0PxRenderBuffer@physx@@QAE@XZ 10024fc0 f i CctCharacterControllerManager.obj
 0001:00023fe0       ??0RenderBuffer@Cm@physx@@QAE@XZ 10024fe0 f i CctCharacterControllerManager.obj
 0001:00024100       ??1?$Array@DVNamedAllocator@shdfnd@physx@@@shdfnd@physx@@QAE@XZ 10025100 f i CctCharacterControllerManager.obj
 0001:00024170       ??1?$Array@PAVController@Cct@physx@@VNamedAllocator@shdfnd@3@@shdfnd@physx@@QAE@XZ 10025170 f i CctCharacterControllerManager.obj
 0001:000241e0       ??1?$Array@PAVObstacleContext@Cct@physx@@VNamedAllocator@shdfnd@3@@shdfnd@physx@@QAE@XZ 100251e0 f i CctCharacterControllerManager.obj
 0001:00024250       ??1?$Array@PBXVNamedAllocator@shdfnd@physx@@@shdfnd@physx@@QAE@XZ 10025250 f i CctCharacterControllerManager.obj
 0001:000242c0       ??1?$Array@UPxDebugLine@physx@@VNamedAllocator@shdfnd@2@@shdfnd@physx@@QAE@XZ 100252c0 f i CctCharacterControllerManager.obj
 0001:00024330       ??1?$Array@UPxDebugPoint@physx@@VNamedAllocator@shdfnd@2@@shdfnd@physx@@QAE@XZ 10025330 f i CctCharacterControllerManager.obj
 0001:000243a0       ??1?$Array@UPxDebugText@physx@@VNamedAllocator@shdfnd@2@@shdfnd@physx@@QAE@XZ 100253a0 f i CctCharacterControllerManager.obj
 0001:00024410       ??1?$Array@UPxDebugTriangle@physx@@VNamedAllocator@shdfnd@2@@shdfnd@physx@@QAE@XZ 10025410 f i CctCharacterControllerManager.obj
 0001:00024480       ??1?$Array@UPxExtendedCapsule@physx@@VNamedAllocator@shdfnd@2@@shdfnd@physx@@QAE@XZ 10025480 f i CctCharacterControllerManager.obj
 0001:000244f0       ??1?$Array@VPxExtendedBox@physx@@VNamedAllocator@shdfnd@2@@shdfnd@physx@@QAE@XZ 100254f0 f i CctCharacterControllerManager.obj
 0001:00024560       ??1?$HashBase@PAVPxShape@physx@@PAV12@U?$Hash@PAVPxShape@physx@@@shdfnd@2@UGetKey@?$HashSetBase@PAVPxShape@physx@@U?$Hash@PAVPxShape@physx@@@shdfnd@2@VAllocator@42@$0A@@internal@42@VAllocator@42@$0A@@internal@shdfnd@physx@@QAE@XZ 10025560 f i CctCharacterControllerManager.obj
 0001:000245a0       ??1?$HashSet@PAVPxShape@physx@@U?$Hash@PAVPxShape@physx@@@shdfnd@2@VAllocator@42@@shdfnd@physx@@QAE@XZ 100255a0 f i CctCharacterControllerManager.obj
 0001:000245c0       ??1?$HashSetBase@PAVPxShape@physx@@U?$Hash@PAVPxShape@physx@@@shdfnd@2@VAllocator@42@$0A@@internal@shdfnd@physx@@QAE@XZ 100255c0 f i CctCharacterControllerManager.obj
 0001:000245e0       ??1Axes@Gu@physx@@QAE@XZ   100255e0 f i CctCharacterControllerManager.obj
 0001:000245f0       ??1PxRenderBuffer@physx@@UAE@XZ 100255f0 f i CctCharacterControllerManager.obj
 0001:00024610       ??1RenderBuffer@Cm@physx@@UAE@XZ 10025610 f i CctCharacterControllerManager.obj
 0001:00024670       ??4?$PxFlags@W4Enum@PxControllerDebugRenderFlag@physx@@I@physx@@QAEAAV01@ABV01@@Z 10025670 f i CctCharacterControllerManager.obj
 0001:00024690       ??4PxBounds3@physx@@QAEAAV01@$$QAV01@@Z 10025690 f i CctCharacterControllerManager.obj
 0001:000246d0       ??A?$Array@PAVController@Cct@physx@@VNamedAllocator@shdfnd@3@@shdfnd@physx@@QAEAAPAVController@Cct@2@I@Z 100256d0 f i CctCharacterControllerManager.obj
 0001:00024740       ??A?$Array@PAVController@Cct@physx@@VNamedAllocator@shdfnd@3@@shdfnd@physx@@QBEABQAVController@Cct@2@I@Z 10025740 f i CctCharacterControllerManager.obj
 0001:000247b0       ??A?$Array@PAVObstacleContext@Cct@physx@@VNamedAllocator@shdfnd@3@@shdfnd@physx@@QAEAAPAVObstacleContext@Cct@2@I@Z 100257b0 f i CctCharacterControllerManager.obj
 0001:00024820       ??A?$Array@UPxDebugLine@physx@@VNamedAllocator@shdfnd@2@@shdfnd@physx@@QAEAAUPxDebugLine@2@I@Z 10025820 f i CctCharacterControllerManager.obj
 0001:00024890       ??A?$Array@UPxDebugPoint@physx@@VNamedAllocator@shdfnd@2@@shdfnd@physx@@QAEAAUPxDebugPoint@2@I@Z 10025890 f i CctCharacterControllerManager.obj
 0001:00024900       ??A?$Array@UPxDebugText@physx@@VNamedAllocator@shdfnd@2@@shdfnd@physx@@QAEAAUPxDebugText@2@I@Z 10025900 f i CctCharacterControllerManager.obj
 0001:00024970       ??A?$Array@UPxDebugTriangle@physx@@VNamedAllocator@shdfnd@2@@shdfnd@physx@@QAEAAUPxDebugTriangle@2@I@Z 10025970 f i CctCharacterControllerManager.obj
 0001:000249e0       ??APxMat33@physx@@QBEABVPxVec3@1@H@Z 100259e0 f i CctCharacterControllerManager.obj
 0001:00024a00       ??APxMat33@physx@@QBEABVPxVec3@1@I@Z 10025a00 f i CctCharacterControllerManager.obj
 0001:00024a20       ??APxVec3@physx@@QBEABMI@Z 10025a20 f i CctCharacterControllerManager.obj
 0001:00024a90       ??B?$PxFlags@W4Enum@PxControllerDebugRenderFlag@physx@@I@physx@@QBE_NXZ 10025a90 f i CctCharacterControllerManager.obj
 0001:00024ac0       ??_ECharacterControllerManager@Cct@physx@@UAEPAXI@Z 10025ac0 f i CctCharacterControllerManager.obj
 0001:00024ac0       ??_GCharacterControllerManager@Cct@physx@@UAEPAXI@Z 10025ac0 f i CctCharacterControllerManager.obj
 0001:00024b20       ??_GPxRenderBuffer@physx@@UAEPAXI@Z 10025b20 f i CctCharacterControllerManager.obj
 0001:00024b20       ??_EPxRenderBuffer@physx@@UAEPAXI@Z 10025b20 f i CctCharacterControllerManager.obj
 0001:00024b60       ??_ERenderBuffer@Cm@physx@@UAEPAXI@Z 10025b60 f i CctCharacterControllerManager.obj
 0001:00024b60       ??_GRenderBuffer@Cm@physx@@UAEPAXI@Z 10025b60 f i CctCharacterControllerManager.obj
 0001:00024bc0       ?PxMemCopy@physx@@YAPAXPIAXPIBXI@Z 10025bc0 f i CctCharacterControllerManager.obj
 0001:00024be0       ?PxMemSet@physx@@YAPAXPIAXHI@Z 10025be0 f i CctCharacterControllerManager.obj
 0001:00024c00       ?allocate@?$Array@PAVController@Cct@physx@@VNamedAllocator@shdfnd@3@@shdfnd@physx@@IAEPAPAVController@Cct@3@I@Z 10025c00 f i CctCharacterControllerManager.obj
 0001:00024c80       ?allocate@?$Array@PAVObstacleContext@Cct@physx@@VNamedAllocator@shdfnd@3@@shdfnd@physx@@IAEPAPAVObstacleContext@Cct@3@I@Z 10025c80 f i CctCharacterControllerManager.obj
 0001:00024d00       ?allocate@?$Array@UPxDebugLine@physx@@VNamedAllocator@shdfnd@2@@shdfnd@physx@@IAEPAUPxDebugLine@3@I@Z 10025d00 f i CctCharacterControllerManager.obj
 0001:00024d80       ?allocate@?$Array@UPxDebugPoint@physx@@VNamedAllocator@shdfnd@2@@shdfnd@physx@@IAEPAUPxDebugPoint@3@I@Z 10025d80 f i CctCharacterControllerManager.obj
 0001:00024e00       ?allocate@?$Array@UPxDebugText@physx@@VNamedAllocator@shdfnd@2@@shdfnd@physx@@IAEPAUPxDebugText@3@I@Z 10025e00 f i CctCharacterControllerManager.obj
 0001:00024e80       ?allocate@?$Array@UPxDebugTriangle@physx@@VNamedAllocator@shdfnd@2@@shdfnd@physx@@IAEPAUPxDebugTriangle@3@I@Z 10025e80 f i CctCharacterControllerManager.obj
 0001:00024f00       ?allocate@?$ReflectionAllocator@VBoxController@Cct@physx@@@shdfnd@physx@@QAEPAXIPBDH@Z 10025f00 f i CctCharacterControllerManager.obj
 0001:00024f60       ?allocate@?$ReflectionAllocator@VCapsuleController@Cct@physx@@@shdfnd@physx@@QAEPAXIPBDH@Z 10025f60 f i CctCharacterControllerManager.obj
 0001:00024fc0       ?allocate@?$ReflectionAllocator@VCharacterControllerManager@Cct@physx@@@shdfnd@physx@@QAEPAXIPBDH@Z 10025fc0 f i CctCharacterControllerManager.obj
[...]
 0003:000010a0       ___scrt_native_startup_lock 100e90a0     LIBCMTD:utility.obj
 0003:000010c8       ?_OptionsStorage@?1??__local_stdio_printf_options@@9@4_KA 100e90c8     LIBCMTD:default_local_stdio_options.obj
 0003:000010d8       ?_OptionsStorage@?1??__local_stdio_scanf_options@@9@4_KA 100e90d8     LIBCMTD:default_local_stdio_options.obj
 0003:000010e4       ___scrt_debugger_hook_flag 100e90e4     LIBCMTD:utility_desktop.obj
 0003:000010e8       ___isa_available           100e90e8     LIBCMTD:_cpu_disp_.obj
 0003:000010ec       ___favor                   100e90ec     LIBCMTD:_cpu_disp_.obj
 0003:000014bc       ___pPurecall               100e94bc     libvcruntimed:purevirt_data.obj
 0003:000014c0       ?pArgList@UnDecorator@@0PAVReplicator@@A 100e94c0     libvcruntimed:undname.obj
 0003:000014c4       ?pZNameList@UnDecorator@@0PAVReplicator@@A 100e94c4     libvcruntimed:undname.obj
 0003:000014c8       ?pTemplateArgList@UnDecorator@@0PAVReplicator@@A 100e94c8     libvcruntimed:undname.obj
 0003:000014cc       ?gName@UnDecorator@@0PBDB  100e94cc     libvcruntimed:undname.obj
 0003:000014d0       ?name@UnDecorator@@0PBDB   100e94d0     libvcruntimed:undname.obj
 0003:000014d4       ?outputString@UnDecorator@@0PADA 100e94d4     libvcruntimed:undname.obj
 0003:000014d8       ?maxStringLength@UnDecorator@@0HA 100e94d8     libvcruntimed:undname.obj
 0003:000014dc       ?disableFlags@UnDecorator@@0KA 100e94dc     libvcruntimed:undname.obj
 0003:000014e0       ?fExplicitTemplateParams@UnDecorator@@0_NA 100e94e0     libvcruntimed:undname.obj
 0003:000014e1       ?fGetTemplateArgumentList@UnDecorator@@0_NA 100e94e1     libvcruntimed:undname.obj
 0003:000014e4       ?m_pGetParameter@UnDecorator@@0P6APADJ@ZA 100e94e4     libvcruntimed:undname.obj
 0003:00001568       ?nodes@?1??make@DNameStatusNode@@SAPAV2@W4DNameStatus@@@Z@4PAV2@A 100e9568     libvcruntimed:undname.obj
 0003:000015a4       ??_B?1??make@DNameStatusNode@@SAPAV1@W4DNameStatus@@@Z@51 100e95a4     libvcruntimed:undname.obj
 0003:00001658       __pfnDumpClient            100e9658     libucrtd:debug_heap.obj
 0003:0000166c       __environ_table            100e966c     libucrtd:environment_initialization.obj
 0003:00001670       __wenviron_table           100e9670     libucrtd:environment_initialization.obj
 0003:00001678       ___dcrt_initial_wide_environment 100e9678     libucrtd:environment_initialization.obj
 0003:0000167c       ___dcrt_initial_narrow_environment 100e967c     libucrtd:environment_initialization.obj
 0003:00001680       ___acrt_atexit_table       100e9680     libucrtd:onexit.obj
 0003:00001690       ___acrt_at_quick_exit_table 100e9690     libucrtd:onexit.obj
 0003:000016a0       ___fastflag                100e96a0     libucrtd:fp_flags.obj
 0003:00001830       ___acrt_locale_changed_data 100e9830     libucrtd:wsetlocale.obj
 0003:00001834       ___acrt_current_locale_data 100e9834     libucrtd:nlsdata.obj
 0003:00001838       ___acrt_heap               100e9838     libucrtd:heap_handle.obj
 0003:0000183c       __pReportHookListW         100e983c     libucrtd:dbgrptt.obj
 0003:00001840       __pfnReportHook            100e9840     libucrtd:dbgrptt.obj
 0003:00001844       __pReportHookList          100e9844     libucrtd:dbgrptt.obj
 0003:0000196c       ___mbcodepage              100e996c     libucrtd:mbctype.obj
 0003:00001970       ___ismbcodepage            100e9970     libucrtd:mbctype.obj
 0003:00001974       ___mbulinfo                100e9974     libucrtd:mbctype.obj
 0003:00001988       ___mblocalename            100e9988     libucrtd:mbctype.obj
 0003:00001990       ___pioinfo                 100e9990     libucrtd:ioinit.obj
 0003:00001bf8       __nhandle                  100e9bf8     libucrtd:ioinit.obj
 0003:00001bfc       ___argc                    100e9bfc     libucrtd:argv_data.obj
 0003:00001c00       ___argv                    100e9c00     libucrtd:argv_data.obj
 0003:00001c04       ___wargv                   100e9c04     libucrtd:argv_data.obj
 0003:00001c08       __acmdln                   100e9c08     libucrtd:argv_data.obj
 0003:00001c0c       __wcmdln                   100e9c0c     libucrtd:argv_data.obj
 0003:00001c10       __pgmptr                   100e9c10     libucrtd:argv_data.obj
 0003:00001c14       __wpgmptr                  100e9c14     libucrtd:argv_data.obj
 0003:00001c18       ___acrt_stdout_buffer      100e9c18     libucrtd:_sftbuf.obj
 0003:00001c1c       ___acrt_stderr_buffer      100e9c1c     libucrtd:_sftbuf.obj
 0003:00001c20       __nstream                  100e9c20     libucrtd:_file.obj
 0003:00001c24       ___piob                    100e9c24     libucrtd:_file.obj
 0003:00001c2c       __cflush                   100e9c2c     libucrtd:_file.obj
 0003:0000239b       ___acrt_lconv_static_null  100ea39b     libucrtd:localeconv.obj
 0003:0000239c       ___acrt_lconv_static_W_null 100ea39c     libucrtd:localeconv.obj
 0003:000023a8       ?g_OutOfMemoryExceptionCallback@@3P6GPAXXZA 100ea3a8     libvcruntimed:frame.obj
 0003:000023ac       ___scrt_ucrt_dll_is_in_use 100ea3ac     <common>
 0003:000023b8       ___dyn_tls_init_callback   100ea3b8     <common>
 0003:000023c4       __pmatherr                 100ea3c4     <common>
 0003:000023d0       ___use_sse2_mathfcns       100ea3d0     <common>
 0004:00000000       __imp__SystemFunction036@8 100eb000     advapi32:ADVAPI32.dll
 0004:00000004       \177ADVAPI32_NULL_THUNK_DATA 100eb004     advapi32:ADVAPI32.dll
 0004:00000030       __imp__CreateFileW@28      100eb030     kernel32:KERNEL32.dll
 0004:00000034       __imp__DecodePointer@4     100eb034     kernel32:KERNEL32.dll
 0004:00000038       __imp__EncodePointer@4     100eb038     kernel32:KERNEL32.dll
 0004:0000003c       __imp__SetFilePointerEx@20 100eb03c     kernel32:KERNEL32.dll
 0004:00000040       __imp__GetConsoleMode@8    100eb040     kernel32:KERNEL32.dll
 0004:00000044       __imp__GetConsoleCP@0      100eb044     kernel32:KERNEL32.dll
 0004:00000048       __imp__FlushFileBuffers@4  100eb048     kernel32:KERNEL32.dll
 0004:0000004c       __imp__SetStdHandle@8      100eb04c     kernel32:KERNEL32.dll
 0004:00000050       __imp__GetStringTypeW@16   100eb050     kernel32:KERNEL32.dll
 0004:00000054       __imp__GetCommandLineW@0   100eb054     kernel32:KERNEL32.dll
 0004:00000058       __imp__GetCommandLineA@0   100eb058     kernel32:KERNEL32.dll
 0004:0000005c       __imp__SetEnvironmentVariableW@8 100eb05c     kernel32:KERNEL32.dll
 0004:00000060       __imp__SetEnvironmentVariableA@8 100eb060     kernel32:KERNEL32.dll
 0004:00000064       __imp__FreeEnvironmentStringsW@4 100eb064     kernel32:KERNEL32.dll
 0004:00000068       __imp__GetEnvironmentStringsW@0 100eb068     kernel32:KERNEL32.dll
 0004:0000006c       __imp__GetCPInfo@8         100eb06c     kernel32:KERNEL32.dll
 0004:00000070       __imp__GetOEMCP@0          100eb070     kernel32:KERNEL32.dll
 0004:00000074       __imp__IsValidCodePage@4   100eb074     kernel32:KERNEL32.dll
 0004:00000078       __imp__EnumSystemLocalesW@8 100eb078     kernel32:KERNEL32.dll
 0004:0000007c       __imp__GetUserDefaultLCID@0 100eb07c     kernel32:KERNEL32.dll
 0004:00000080       __imp__IsValidLocale@8     100eb080     kernel32:KERNEL32.dll
 0004:00000084       __imp__GetLocaleInfoW@16   100eb084     kernel32:KERNEL32.dll
 0004:00000088       __imp__LCMapStringW@24     100eb088     kernel32:KERNEL32.dll
 0004:0000008c       __imp__CompareStringW@24   100eb08c     kernel32:KERNEL32.dll
 0004:00000090       __imp__GetTimeFormatW@24   100eb090     kernel32:KERNEL32.dll
 0004:00000094       __imp__GetDateFormatW@24   100eb094     kernel32:KERNEL32.dll
 0004:00000098       __imp__SetConsoleCtrlHandler@8 100eb098     kernel32:KERNEL32.dll
 0004:0000009c       __imp__CreateThread@24     100eb09c     kernel32:KERNEL32.dll
 0004:000000a0       __imp__WaitForSingleObjectEx@12 100eb0a0     kernel32:KERNEL32.dll
 0004:000000a4       __imp__CloseHandle@4       100eb0a4     kernel32:KERNEL32.dll
 0004:000000a8       __imp__WriteConsoleW@20    100eb0a8     kernel32:KERNEL32.dll
 0004:000000ac       __imp__OutputDebugStringW@4 100eb0ac     kernel32:KERNEL32.dll
 0004:000000b0       __imp__OutputDebugStringA@4 100eb0b0     kernel32:KERNEL32.dll
 0004:000000b4       __imp__WriteFile@20        100eb0b4     kernel32:KERNEL32.dll
 0004:000000b8       __imp__GetFileType@4       100eb0b8     kernel32:KERNEL32.dll
 0004:000000bc       __imp__GetStdHandle@4      100eb0bc     kernel32:KERNEL32.dll
 0004:000000c0       __imp__GetACP@0            100eb0c0     kernel32:KERNEL32.dll
 0004:000000c4       __imp__HeapQueryInformation@20 100eb0c4     kernel32:KERNEL32.dll
 0004:000000c8       __imp__HeapSize@12         100eb0c8     kernel32:KERNEL32.dll
 0004:000000cc       __imp__InitializeSListHead@4 100eb0cc     kernel32:KERNEL32.dll
 0004:000000d0       __imp__QueryPerformanceCounter@4 100eb0d0     kernel32:KERNEL32.dll
 0004:000000d4       __imp__GetCurrentProcessId@0 100eb0d4     kernel32:KERNEL32.dll
 0004:000000d8       __imp__GetCurrentThreadId@0 100eb0d8     kernel32:KERNEL32.dll
 0004:000000dc       __imp__GetSystemTimeAsFileTime@4 100eb0dc     kernel32:KERNEL32.dll
 0004:000000e0       __imp__IsDebuggerPresent@0 100eb0e0     kernel32:KERNEL32.dll
 0004:000000e4       __imp__UnhandledExceptionFilter@4 100eb0e4     kernel32:KERNEL32.dll
 0004:000000e8       __imp__SetUnhandledExceptionFilter@4 100eb0e8     kernel32:KERNEL32.dll
 0004:000000ec       __imp__GetStartupInfoW@4   100eb0ec     kernel32:KERNEL32.dll
 0004:000000f0       __imp__IsProcessorFeaturePresent@4 100eb0f0     kernel32:KERNEL32.dll
 0004:000000f4       __imp__GetModuleHandleW@4  100eb0f4     kernel32:KERNEL32.dll
 0004:000000f8       __imp__RaiseException@16   100eb0f8     kernel32:KERNEL32.dll
 0004:000000fc       __imp__MultiByteToWideChar@24 100eb0fc     kernel32:KERNEL32.dll
 0004:00000100       __imp__WideCharToMultiByte@32 100eb100     kernel32:KERNEL32.dll
 0004:00000104       __imp__GetLastError@0      100eb104     kernel32:KERNEL32.dll
 0004:00000108       __imp__HeapAlloc@12        100eb108     kernel32:KERNEL32.dll
 0004:0000010c       __imp__HeapFree@12         100eb10c     kernel32:KERNEL32.dll
 0004:00000110       __imp__GetProcessHeap@0    100eb110     kernel32:KERNEL32.dll
 0004:00000114       __imp__VirtualQuery@12     100eb114     kernel32:KERNEL32.dll
 0004:00000118       __imp__FreeLibrary@4       100eb118     kernel32:KERNEL32.dll
 0004:0000011c       __imp__GetProcAddress@8    100eb11c     kernel32:KERNEL32.dll
 0004:00000120       __imp__GetCurrentProcess@0 100eb120     kernel32:KERNEL32.dll
 0004:00000124       __imp__TerminateProcess@8  100eb124     kernel32:KERNEL32.dll
 0004:00000128       __imp__GetCurrentThread@0  100eb128     kernel32:KERNEL32.dll
 0004:0000012c       __imp__InterlockedFlushSList@4 100eb12c     kernel32:KERNEL32.dll
 0004:00000130       __imp__GetModuleFileNameW@12 100eb130     kernel32:KERNEL32.dll
 0004:00000134       __imp__LoadLibraryExW@12   100eb134     kernel32:KERNEL32.dll
 0004:00000138       __imp__InitializeCriticalSectionAndSpinCount@8 100eb138     kernel32:KERNEL32.dll
 0004:0000013c       __imp__TlsAlloc@0          100eb13c     kernel32:KERNEL32.dll
 0004:00000140       __imp__TlsGetValue@4       100eb140     kernel32:KERNEL32.dll
 0004:00000144       __imp__TlsSetValue@8       100eb144     kernel32:KERNEL32.dll
 0004:00000148       __imp__TlsFree@4           100eb148     kernel32:KERNEL32.dll
 0004:0000014c       __imp__RtlUnwind@16        100eb14c     kernel32:KERNEL32.dll
 0004:00000150       __imp__SetLastError@4      100eb150     kernel32:KERNEL32.dll
 0004:00000154       __imp__EnterCriticalSection@4 100eb154     kernel32:KERNEL32.dll
 0004:00000158       __imp__LeaveCriticalSection@4 100eb158     kernel32:KERNEL32.dll
 0004:0000015c       __imp__DeleteCriticalSection@4 100eb15c     kernel32:KERNEL32.dll
 0004:00000160       __imp__HeapValidate@12     100eb160     kernel32:KERNEL32.dll
 0004:00000164       __imp__GetSystemInfo@4     100eb164     kernel32:KERNEL32.dll
 0004:00000168       __imp__GetModuleFileNameA@12 100eb168     kernel32:KERNEL32.dll
 0004:0000016c       __imp__GetModuleHandleExW@12 100eb16c     kernel32:KERNEL32.dll
 0004:00000170       __imp__ExitProcess@4       100eb170     kernel32:KERNEL32.dll
 0004:00000174       __imp__HeapReAlloc@16      100eb174     kernel32:KERNEL32.dll
 0004:00000178       __imp__InterlockedPushEntrySList@8 100eb178     kernel32:KERNEL32.dll
 0004:0000017c       \177KERNEL32_NULL_THUNK_DATA 100eb17c     kernel32:KERNEL32.dll
 0004:000001e8       __imp_?GetRaycastFuncTable@Gu@physx@@YAAAY06P6AIABVPxGeometry@2@ABVPxTransform@2@ABVPxVec3@2@2MV?$PxFlags@W4Enum@PxHitFlag@physx@@G@2@IPIAUPxRaycastHit@2@_NP6A_NAAU72@PAX@Z7@ZXZ 100eb1e8     PhysX3CommonDEBUG_x86:PhysX3CommonDEBUG_x86.dll
 0004:000001ec       __imp_?getSize@MutexImpl@shdfnd@physx@@SAABIXZ 100eb1ec     PhysX3CommonDEBUG_x86:PhysX3CommonDEBUG_x86.dll
 0004:000001f0       __imp_??1MutexImpl@shdfnd@physx@@QAE@XZ 100eb1f0     PhysX3CommonDEBUG_x86:PhysX3CommonDEBUG_x86.dll
 0004:000001f4       __imp_??0MutexImpl@shdfnd@physx@@QAE@XZ 100eb1f4     PhysX3CommonDEBUG_x86:PhysX3CommonDEBUG_x86.dll
 0004:000001f8       __imp_?distanceSegmentSegmentSquaredOLD@Gu@physx@@YAMABVPxVec3@2@000PAM1@Z 100eb1f8     PhysX3CommonDEBUG_x86:PhysX3CommonDEBUG_x86.dll
 0004:000001fc       __imp_?CompleteBoxPruning@Gu@physx@@YA_NPBVPxBounds3@2@IAAV?$Array@IVNamedAllocator@shdfnd@physx@@@shdfnd@2@ABVAxes@12@@Z 100eb1fc     PhysX3CommonDEBUG_x86:PhysX3CommonDEBUG_x86.dll
 0004:00000200       __imp_?error@Foundation@shdfnd@physx@@QAAXW4Enum@PxErrorCode@3@PBDH1ZZ 100eb200     PhysX3CommonDEBUG_x86:PhysX3CommonDEBUG_x86.dll
 0004:00000204       __imp_?decRefCount@Foundation@shdfnd@physx@@SAXXZ 100eb204     PhysX3CommonDEBUG_x86:PhysX3CommonDEBUG_x86.dll
 0004:00000208       __imp_?incRefCount@Foundation@shdfnd@physx@@SAXXZ 100eb208     PhysX3CommonDEBUG_x86:PhysX3CommonDEBUG_x86.dll
 0004:0000020c       __imp_?getInstance@Foundation@shdfnd@physx@@SAAAV123@XZ 100eb20c     PhysX3CommonDEBUG_x86:PhysX3CommonDEBUG_x86.dll
 0004:00000210       __imp_?allocate@Allocator@shdfnd@physx@@QAEPAXIPBDH@Z 100eb210     PhysX3CommonDEBUG_x86:PhysX3CommonDEBUG_x86.dll
 0004:00000214       __imp_?getAllocator@shdfnd@physx@@YAAAVPxAllocatorCallback@2@XZ 100eb214     PhysX3CommonDEBUG_x86:PhysX3CommonDEBUG_x86.dll
 0004:00000218       __imp_?intersectTriangleBox@Gu@physx@@YAHABVPxVec3@2@0000@Z 100eb218     PhysX3CommonDEBUG_x86:PhysX3CommonDEBUG_x86.dll
 0004:0000021c       __imp_??6RenderOutput@Cm@physx@@QAEAAV012@VPxVec3@2@@Z 100eb21c     PhysX3CommonDEBUG_x86:PhysX3CommonDEBUG_x86.dll
 0004:00000220       __imp_??6RenderOutput@Cm@physx@@QAEAAV012@W4Primitive@012@@Z 100eb220     PhysX3CommonDEBUG_x86:PhysX3CommonDEBUG_x86.dll
 0004:00000224       __imp_?getTriangle@PxMeshQuery@physx@@SAXABVPxHeightFieldGeometry@2@ABVPxTransform@2@IAAVPxTriangle@2@PAI3@Z 100eb224     PhysX3CommonDEBUG_x86:PhysX3CommonDEBUG_x86.dll
 0004:00000228       __imp_?getTriangle@PxMeshQuery@physx@@SAXABVPxTriangleMeshGeometry@2@ABVPxTransform@2@IAAVPxTriangle@2@PAI3@Z 100eb228     PhysX3CommonDEBUG_x86:PhysX3CommonDEBUG_x86.dll
 0004:0000022c       __imp_?sweep@PxMeshQuery@physx@@SA_NABVPxVec3@2@MABVPxGeometry@2@ABVPxTransform@2@IPBVPxTriangle@2@AAUPxSweepHit@2@V?$PxFlags@W4Enum@PxHitFlag@physx@@G@2@PBIM_N@Z 100eb22c     PhysX3CommonDEBUG_x86:PhysX3CommonDEBUG_x86.dll
 0004:00000230       __imp_?distanceSegmentBoxSquared@Gu@physx@@YAMABVPxVec3@2@000ABVPxMat33@2@PAMPAV32@@Z 100eb230     PhysX3CommonDEBUG_x86:PhysX3CommonDEBUG_x86.dll
 0004:00000234       __imp_?intersectOBBOBB@Gu@physx@@YA_NABVPxVec3@2@0ABVPxMat33@2@001_N@Z 100eb234     PhysX3CommonDEBUG_x86:PhysX3CommonDEBUG_x86.dll
 0004:00000238       __imp_??1Box@Gu@physx@@QAE@XZ 100eb238     PhysX3CommonDEBUG_x86:PhysX3CommonDEBUG_x86.dll
 0004:0000023c       __imp_??0Box@Gu@physx@@QAE@ABVPxVec3@2@0ABVPxMat33@2@@Z 100eb23c     PhysX3CommonDEBUG_x86:PhysX3CommonDEBUG_x86.dll
 0004:00000240       __imp_??6Cm@physx@@YAAAVRenderOutput@01@AAV201@ABUDebugBox@01@@Z 100eb240     PhysX3CommonDEBUG_x86:PhysX3CommonDEBUG_x86.dll
 0004:00000244       __imp_?outputCapsule@RenderOutput@Cm@physx@@QAEAAV123@MMABVMatrix34@23@@Z 100eb244     PhysX3CommonDEBUG_x86:PhysX3CommonDEBUG_x86.dll
 0004:00000248       __imp_??6RenderOutput@Cm@physx@@QAEAAV012@ABVPxTransform@2@@Z 100eb248     PhysX3CommonDEBUG_x86:PhysX3CommonDEBUG_x86.dll
 0004:0000024c       __imp_??6RenderOutput@Cm@physx@@QAEAAV012@I@Z 100eb24c     PhysX3CommonDEBUG_x86:PhysX3CommonDEBUG_x86.dll
 0004:00000250       __imp_??0RenderOutput@Cm@physx@@QAE@AAVRenderBuffer@12@@Z 100eb250     PhysX3CommonDEBUG_x86:PhysX3CommonDEBUG_x86.dll
 0004:00000254       __imp_?deallocate@NamedAllocator@shdfnd@physx@@QAEXPAX@Z 100eb254     PhysX3CommonDEBUG_x86:PhysX3CommonDEBUG_x86.dll
 0004:00000258       __imp_?allocate@NamedAllocator@shdfnd@physx@@QAEPAXIPBDH@Z 100eb258     PhysX3CommonDEBUG_x86:PhysX3CommonDEBUG_x86.dll
 0004:0000025c       __imp_??1NamedAllocator@shdfnd@physx@@QAE@XZ 100eb25c     PhysX3CommonDEBUG_x86:PhysX3CommonDEBUG_x86.dll
 0004:00000260       __imp_??0NamedAllocator@shdfnd@physx@@QAE@ABV012@@Z 100eb260     PhysX3CommonDEBUG_x86:PhysX3CommonDEBUG_x86.dll
 0004:00000264       __imp_??0NamedAllocator@shdfnd@physx@@QAE@PBD@Z 100eb264     PhysX3CommonDEBUG_x86:PhysX3CommonDEBUG_x86.dll
 0004:00000268       __imp_?computePenetration@PxGeometryQuery@physx@@SA_NAAVPxVec3@2@AAMABVPxGeometry@2@ABVPxTransform@2@23@Z 100eb268     PhysX3CommonDEBUG_x86:PhysX3CommonDEBUG_x86.dll
 0004:0000026c       __imp_?sweep@PxGeometryQuery@physx@@SA_NABVPxVec3@2@MABVPxGeometry@2@ABVPxTransform@2@12AAUPxSweepHit@2@V?$PxFlags@W4Enum@PxHitFlag@physx@@G@2@M@Z 100eb26c     PhysX3CommonDEBUG_x86:PhysX3CommonDEBUG_x86.dll
 0004:00000270       __imp_?PxTransformFromSegment@physx@@YA?AVPxTransform@1@ABVPxVec3@1@0PAM@Z 100eb270     PhysX3CommonDEBUG_x86:PhysX3CommonDEBUG_x86.dll
 0004:00000274       __imp_?unlock@MutexImpl@shdfnd@physx@@QAEXXZ 100eb274     PhysX3CommonDEBUG_x86:PhysX3CommonDEBUG_x86.dll
 0004:00000278       __imp_?lock@MutexImpl@shdfnd@physx@@QAEXXZ 100eb278     PhysX3CommonDEBUG_x86:PhysX3CommonDEBUG_x86.dll
 0004:0000027c       __imp_?deallocate@Allocator@shdfnd@physx@@QAEXPAX@Z 100eb27c     PhysX3CommonDEBUG_x86:PhysX3CommonDEBUG_x86.dll
 0004:00000280       __imp_??0Allocator@shdfnd@physx@@QAE@PBD@Z 100eb280     PhysX3CommonDEBUG_x86:PhysX3CommonDEBUG_x86.dll
 0004:00000284       __imp__PxGetFoundation     100eb284     PhysX3CommonDEBUG_x86:PhysX3CommonDEBUG_x86.dll
 0004:00000288       __imp_?PxGetAssertHandler@physx@@YAAAVPxAssertHandler@1@XZ 100eb288     PhysX3CommonDEBUG_x86:PhysX3CommonDEBUG_x86.dll
 0004:0000028c       __imp_?findOverlapTriangleMesh@PxMeshQuery@physx@@SAIABVPxGeometry@2@ABVPxTransform@2@ABVPxTriangleMeshGeometry@2@1PAIIIAA_N@Z 100eb28c     PhysX3CommonDEBUG_x86:PhysX3CommonDEBUG_x86.dll
 0004:00000290       __imp_?findOverlapHeightField@PxMeshQuery@physx@@SAIABVPxGeometry@2@ABVPxTransform@2@ABVPxHeightFieldGeometry@2@1PAIIIAA_N@Z 100eb290     PhysX3CommonDEBUG_x86:PhysX3CommonDEBUG_x86.dll
 0004:00000294       __imp_?PxDiagonalize@physx@@YA?AVPxVec3@1@ABVPxMat33@1@AAVPxQuat@1@@Z 100eb294     PhysX3CommonDEBUG_x86:PhysX3CommonDEBUG_x86.dll
 0004:00000298       \177PhysX3CommonDEBUG_x86_NULL_THUNK_DATA 100eb298     PhysX3CommonDEBUG_x86:PhysX3CommonDEBUG_x86.dll
 0004:000002e4       __IMPORT_DESCRIPTOR_PhysX3CommonDEBUG_x86 100eb2e4     PhysX3CommonDEBUG_x86:PhysX3CommonDEBUG_x86.dll
 0004:000002f8       __IMPORT_DESCRIPTOR_KERNEL32 100eb2f8     kernel32:KERNEL32.dll
 0004:0000030c       __IMPORT_DESCRIPTOR_ADVAPI32 100eb30c     advapi32:ADVAPI32.dll
 0004:00000320       __NULL_IMPORT_DESCRIPTOR   100eb320     PhysX3CommonDEBUG_x86:PhysX3CommonDEBUG_x86.dll
 0005:00000000       ___guard_check_icall_fptr  100ed000     LIBCMTD:guard_support.obj
